<html>
<body>
<pre>
<h1>µVision Build Log</h1>
<h2>Tool Versions:</h2>
IDE-Version: ¦ÌVision V5.30.0.0
Copyright (C) 2020 ARM Ltd and ARM Germany GmbH. All rights reserved.
License Information: huang boaz, 10100, LIC=03CY8-3MH3W-SATDJ-U8S3Q-G89HJ-GWF6D
 
Tool Versions:
Toolchain:       MDK-ARM Plus  Version: 5.30.0.0
Toolchain Path:  C:\Keil_v5\ARM\ARMCLANG\Bin
C Compiler:      ArmClang.exe V6.14
Assembler:       Armasm.exe V6.14
Linker/Locator:  ArmLink.exe V6.14
Library Manager: ArmAr.exe V6.14
Hex Converter:   FromElf.exe V6.14
CPU DLL:         SARMCM3.DLL V5.30.0.0
Dialog DLL:      DARMCM1.DLL V1.19.3.0
Target DLL:      STLink\ST-LINKIII-KEIL_SWO.dll V3.0.7.0
Dialog DLL:      TARMCM1.DLL V1.14.2.0
 
<h2>Project:</h2>
C:\Users\boaz\Desktop\wp\TouchAtmosphereLamp_0606\MDK-ARM\TouchAtmosphereLamp_0606.uvprojx
Project File Date:  06/12/2022

<h2>Output:</h2>
*** Using Compiler 'V6.14', folder: 'C:\Keil_v5\ARM\ARMCLANG\Bin'
Build target 'TouchAtmosphereLamp_0606'
../Core/Src/main.c(89): warning: implicit declaration of function 'Drv_RGB_Init' is invalid in C99 [-Wimplicit-function-declaration]
  Drv_RGB_Init();
  ^
../Core/Src/main.c(108): warning: implicit declaration of function 'Drv_LED_Proc' is invalid in C99 [-Wimplicit-function-declaration]
                Drv_LED_Proc();
                ^
../Core/Src/main.c(111): warning: implicit declaration of function 'Drv_Panel_Proc' is invalid in C99 [-Wimplicit-function-declaration]
    Drv_Panel_Proc();
    ^
../Core/Src/main.c(112): warning: implicit declaration of function 'Drv_SERIAL_Proc' is invalid in C99 [-Wimplicit-function-declaration]
    Drv_SERIAL_Proc();
    ^
4 warnings generated.
compiling main.c...
linking...
Program Size: Code=20076 RO-data=980 RW-data=120 ZI-data=2200  
FromELF: creating hex file...
"TouchAtmosphereLamp_0606\TouchAtmosphereLamp_0606.axf" - 0 Error(s), 4 Warning(s).

<h2>Software Packages used:</h2>

Package Vendor: ARM
                http://www.keil.com/pack/ARM.CMSIS.5.8.0.pack
                ARM.CMSIS.5.8.0
                CMSIS (Common Microcontroller Software Interface Standard)
   * Component: CORE Version: 5.5.0

Package Vendor: Keil
                http://www.keil.com/pack/Keil.STM32F0xx_DFP.2.1.0.pack
                Keil.STM32F0xx_DFP.2.1.0
                STMicroelectronics STM32F0 Series Device Support, Drivers and Examples

<h2>Collection of Component include folders:</h2>
  .\RTE\_TouchAtmosphereLamp_0606
  C:\Users\boaz\AppData\Local\Arm\Packs\ARM\CMSIS\5.8.0\CMSIS\Core\Include
  C:\Users\boaz\AppData\Local\Arm\Packs\Keil\STM32F0xx_DFP\2.1.0\Drivers\CMSIS\Device\ST\STM32F0xx\Include

<h2>Collection of Component Files used:</h2>

   * Component: ARM::CMSIS:CORE:5.5.0
      Include file:  CMSIS\Core\Include\tz_context.h
Build Time Elapsed:  00:00:03
</pre>
</body>
</html>
