Component: ARM Compiler 6.14 Tool: armlink [5db06800]

==============================================================================

Section Cross References

    startup_stm32f030x8.o(STACK) refers (Special) to heapauxi.o(.text) for __use_two_region_memory
    startup_stm32f030x8.o(HEAP) refers (Special) to heapauxi.o(.text) for __use_two_region_memory
    startup_stm32f030x8.o(RESET) refers (Special) to heapauxi.o(.text) for __use_two_region_memory
    startup_stm32f030x8.o(RESET) refers to startup_stm32f030x8.o(STACK) for __initial_sp
    startup_stm32f030x8.o(RESET) refers to startup_stm32f030x8.o(.text) for Reset_Handler
    startup_stm32f030x8.o(RESET) refers to stm32f0xx_it.o(.text.NMI_Handler) for NMI_Handler
    startup_stm32f030x8.o(RESET) refers to stm32f0xx_it.o(.text.HardFault_Handler) for HardFault_Handler
    startup_stm32f030x8.o(RESET) refers to stm32f0xx_it.o(.text.SVC_Handler) for SVC_Handler
    startup_stm32f030x8.o(RESET) refers to stm32f0xx_it.o(.text.PendSV_Handler) for PendSV_Handler
    startup_stm32f030x8.o(RESET) refers to stm32f0xx_it.o(.text.SysTick_Handler) for SysTick_Handler
    startup_stm32f030x8.o(RESET) refers to stm32f0xx_it.o(.text.EXTI4_15_IRQHandler) for EXTI4_15_IRQHandler
    startup_stm32f030x8.o(RESET) refers to stm32f0xx_it.o(.text.DMA1_Channel4_5_IRQHandler) for DMA1_Channel4_5_IRQHandler
    startup_stm32f030x8.o(RESET) refers to stm32f0xx_it.o(.text.USART2_IRQHandler) for USART2_IRQHandler
    startup_stm32f030x8.o(.text) refers (Special) to heapauxi.o(.text) for __use_two_region_memory
    startup_stm32f030x8.o(.text) refers to system_stm32f0xx.o(.text.SystemInit) for SystemInit
    startup_stm32f030x8.o(.text) refers to __main.o(!!!main) for __main
    startup_stm32f030x8.o(.text) refers to startup_stm32f030x8.o(HEAP) for Heap_Mem
    startup_stm32f030x8.o(.text) refers to startup_stm32f030x8.o(STACK) for Stack_Mem
    drv_led.o(.text.Drv_LED_Init) refers to stm32f0xx_hal_gpio.o(.text.HAL_GPIO_WritePin) for HAL_GPIO_WritePin
    drv_led.o(.text.Drv_LED_Init) refers to stm32f0xx_hal.o(.text.HAL_GetTick) for HAL_GetTick
    drv_led.o(.text.Drv_LED_Init) refers to drv_led.o(.bss.tickstart) for [Anonymous Symbol]
    drv_led.o(.ARM.exidx.text.Drv_LED_Init) refers to drv_led.o(.text.Drv_LED_Init) for [Anonymous Symbol]
    drv_led.o(.text.Drv_LED_Proc) refers to stm32f0xx_hal.o(.text.HAL_GetTick) for HAL_GetTick
    drv_led.o(.text.Drv_LED_Proc) refers to stm32f0xx_hal_gpio.o(.text.HAL_GPIO_TogglePin) for HAL_GPIO_TogglePin
    drv_led.o(.text.Drv_LED_Proc) refers to drv_led.o(.bss.tickstart) for [Anonymous Symbol]
    drv_led.o(.ARM.exidx.text.Drv_LED_Proc) refers to drv_led.o(.text.Drv_LED_Proc) for [Anonymous Symbol]
    drv_serial.o(.text.UsartReceive_IDLE) refers to stm32f0xx_hal_uart.o(.text.HAL_UART_DMAStop) for HAL_UART_DMAStop
    drv_serial.o(.text.UsartReceive_IDLE) refers to stm32f0xx_hal_uart.o(.text.HAL_UART_Receive_DMA) for HAL_UART_Receive_DMA
    drv_serial.o(.text.UsartReceive_IDLE) refers to drv_serial.o(.bss.UsartType2) for UsartType2
    drv_serial.o(.ARM.exidx.text.UsartReceive_IDLE) refers to drv_serial.o(.text.UsartReceive_IDLE) for [Anonymous Symbol]
    drv_serial.o(.text.Drv_SERIAL_Proc) refers to drv_serial.o(.text.Drv_SERIAL_Log) for Drv_SERIAL_Log
    drv_serial.o(.text.Drv_SERIAL_Proc) refers to drv_serial.o(.bss.UsartType2) for UsartType2
    drv_serial.o(.text.Drv_SERIAL_Proc) refers to drv_panel.o(.data.key_cmd_flag) for key_cmd_flag
    drv_serial.o(.ARM.exidx.text.Drv_SERIAL_Proc) refers to drv_serial.o(.text.Drv_SERIAL_Proc) for [Anonymous Symbol]
    drv_serial.o(.text.Drv_SERIAL_Log) refers to rt_memclr.o(.text) for __aeabi_memclr4
    drv_serial.o(.text.Drv_SERIAL_Log) refers to vsnprintf.o(.text) for vsnprintf
    drv_serial.o(.text.Drv_SERIAL_Log) refers to strlen.o(.text) for strlen
    drv_serial.o(.text.Drv_SERIAL_Log) refers to stm32f0xx_hal_uart.o(.text.HAL_UART_Transmit) for HAL_UART_Transmit
    drv_serial.o(.text.Drv_SERIAL_Log) refers to drv_serial.o(.bss.Drv_SERIAL_Log.log) for [Anonymous Symbol]
    drv_serial.o(.text.Drv_SERIAL_Log) refers to main.o(.bss.huart2) for huart2
    drv_serial.o(.ARM.exidx.text.Drv_SERIAL_Log) refers to drv_serial.o(.text.Drv_SERIAL_Log) for [Anonymous Symbol]
    drv_panel.o(.text.Drv_Panel_Proc) refers to stm32f0xx_hal.o(.text.HAL_GetTick) for HAL_GetTick
    drv_panel.o(.text.Drv_Panel_Proc) refers to sc09a.o(.text.SC09A_ReadKeyValue) for SC09A_ReadKeyValue
    drv_panel.o(.text.Drv_Panel_Proc) refers to drv_serial.o(.text.Drv_SERIAL_Log) for Drv_SERIAL_Log
    drv_panel.o(.text.Drv_Panel_Proc) refers to drv_panel.o(.bss.tickstart) for [Anonymous Symbol]
    drv_panel.o(.text.Drv_Panel_Proc) refers to drv_panel.o(.data.key_cmd_flag) for key_cmd_flag
    drv_panel.o(.ARM.exidx.text.Drv_Panel_Proc) refers to drv_panel.o(.text.Drv_Panel_Proc) for [Anonymous Symbol]
    drv_rgb.o(.text.adjustBrightness) refers to fflti.o(.text) for __aeabi_ui2f
[...]
    [Anonymous Symbol]                       0x08004814   Section        0  drv_rgb.o(.text.Send_e133_line5_laying)
    [Anonymous Symbol]                       0x0800483a   Section        0  drv_rgb.o(.text.Send_e133_line6)
    [Anonymous Symbol]                       0x08004860   Section        0  drv_rgb.o(.text.Send_e133_line6_laying)
    [Anonymous Symbol]                       0x08004886   Section        0  drv_rgb.o(.text.Send_e133_line7)
    [Anonymous Symbol]                       0x080048ac   Section        0  drv_rgb.o(.text.Send_e133_line7_laying)
    [Anonymous Symbol]                       0x080048d2   Section        0  drv_rgb.o(.text.Send_e133_line8)
    [Anonymous Symbol]                       0x080048f8   Section        0  drv_rgb.o(.text.Send_e133_line8_laying)
    [Anonymous Symbol]                       0x0800491e   Section        0  drv_rgb.o(.text.Send_e133_line9)
    [Anonymous Symbol]                       0x08004944   Section        0  drv_rgb.o(.text.Send_e133_line9_laying)
    [Anonymous Symbol]                       0x0800496a   Section        0  stm32f0xx_it.o(.text.SysTick_Handler)
    [Anonymous Symbol]                       0x08004972   Section        0  main.o(.text.SystemClock_Config)
    [Anonymous Symbol]                       0x080049d6   Section        0  system_stm32f0xx.o(.text.SystemInit)
    [Anonymous Symbol]                       0x080049d8   Section        0  stm32f0xx_hal_uart.o(.text.UART_AdvFeatureConfig)
    [Anonymous Symbol]                       0x08004a90   Section        0  stm32f0xx_hal_uart.o(.text.UART_CheckIdleState)
    __arm_cp.4_0                             0x08004af4   Number         4  stm32f0xx_hal_uart.o(.text.UART_CheckIdleState)
    UART_DMAAbortOnError                     0x08004af9   Thumb Code    22  stm32f0xx_hal_uart.o(.text.UART_DMAAbortOnError)
    [Anonymous Symbol]                       0x08004af8   Section        0  stm32f0xx_hal_uart.o(.text.UART_DMAAbortOnError)
    UART_DMAError                            0x08004b0f   Thumb Code    80  stm32f0xx_hal_uart.o(.text.UART_DMAError)
    [Anonymous Symbol]                       0x08004b0e   Section        0  stm32f0xx_hal_uart.o(.text.UART_DMAError)
    UART_DMAReceiveCplt                      0x08004b5f   Thumb Code   138  stm32f0xx_hal_uart.o(.text.UART_DMAReceiveCplt)
    [Anonymous Symbol]                       0x08004b5e   Section        0  stm32f0xx_hal_uart.o(.text.UART_DMAReceiveCplt)
    UART_DMARxHalfCplt                       0x08004be9   Thumb Code    28  stm32f0xx_hal_uart.o(.text.UART_DMARxHalfCplt)
    [Anonymous Symbol]                       0x08004be8   Section        0  stm32f0xx_hal_uart.o(.text.UART_DMARxHalfCplt)
    UART_EndRxTransfer                       0x08004c05   Thumb Code    88  stm32f0xx_hal_uart.o(.text.UART_EndRxTransfer)
    [Anonymous Symbol]                       0x08004c04   Section        0  stm32f0xx_hal_uart.o(.text.UART_EndRxTransfer)
    UART_EndTxTransfer                       0x08004c5d   Thumb Code    32  stm32f0xx_hal_uart.o(.text.UART_EndTxTransfer)
    [Anonymous Symbol]                       0x08004c5c   Section        0  stm32f0xx_hal_uart.o(.text.UART_EndTxTransfer)
    [Anonymous Symbol]                       0x08004c7c   Section        0  stm32f0xx_hal_uart.o(.text.UART_SetConfig)
    __arm_cp.2_0                             0x08004d70   Number         4  stm32f0xx_hal_uart.o(.text.UART_SetConfig)
    __arm_cp.2_1                             0x08004d74   Number         4  stm32f0xx_hal_uart.o(.text.UART_SetConfig)
    __arm_cp.2_2                             0x08004d78   Number         4  stm32f0xx_hal_uart.o(.text.UART_SetConfig)
    __arm_cp.2_3                             0x08004d7c   Number         4  stm32f0xx_hal_uart.o(.text.UART_SetConfig)
    __arm_cp.2_5                             0x08004d90   Number         4  stm32f0xx_hal_uart.o(.text.UART_SetConfig)
    __arm_cp.2_6                             0x08004d94   Number         4  stm32f0xx_hal_uart.o(.text.UART_SetConfig)
    [Anonymous Symbol]                       0x08004d98   Section        0  stm32f0xx_hal_uart.o(.text.UART_Start_Receive_DMA)
    __arm_cp.22_0                            0x08004e28   Number         4  stm32f0xx_hal_uart.o(.text.UART_Start_Receive_DMA)
    __arm_cp.22_1                            0x08004e2c   Number         4  stm32f0xx_hal_uart.o(.text.UART_Start_Receive_DMA)
    __arm_cp.22_2                            0x08004e30   Number         4  stm32f0xx_hal_uart.o(.text.UART_Start_Receive_DMA)
    [Anonymous Symbol]                       0x08004e34   Section        0  stm32f0xx_hal_uart.o(.text.UART_WaitOnFlagUntilTimeout)
    [Anonymous Symbol]                       0x08004f00   Section        0  stm32f0xx_it.o(.text.USART2_IRQHandler)
    [Anonymous Symbol]                       0x08004f14   Section        0  drv_serial.o(.text.UsartReceive_IDLE)
    __NVIC_SetPriority                       0x08004f55   Thumb Code    64  stm32f0xx_hal_cortex.o(.text.__NVIC_SetPriority)
    [Anonymous Symbol]                       0x08004f54   Section        0  stm32f0xx_hal_cortex.o(.text.__NVIC_SetPriority)
    __arm_cp.1_0                             0x08004f8c   Number         4  stm32f0xx_hal_cortex.o(.text.__NVIC_SetPriority)
    __arm_cp.1_1                             0x08004f90   Number         4  stm32f0xx_hal_cortex.o(.text.__NVIC_SetPriority)
    [Anonymous Symbol]                       0x08004f94   Section        0  main.o(.text.main)
    __arm_cp.0_0                             0x080050d4   Number         4  main.o(.text.main)
    __arm_cp.0_1                             0x080050d8   Number         4  main.o(.text.main)
    __arm_cp.0_2                             0x080050dc   Number         4  main.o(.text.main)
    __arm_cp.0_3                             0x080050e0   Number         4  main.o(.text.main)
    __arm_cp.0_4                             0x080050e4   Number         4  main.o(.text.main)
    __arm_cp.0_5                             0x080050e8   Number         4  main.o(.text.main)
    __arm_cp.0_6                             0x080050ec   Number         4  main.o(.text.main)
    __arm_cp.0_7                             0x080050f0   Number         4  main.o(.text.main)
    __arm_cp.0_8                             0x080050f4   Number         4  main.o(.text.main)
    [Anonymous Symbol]                       0x08005108   Section        0  drv_rgb.o(.text.switchONOFF)
    __arm_cp.2_0                             0x0800517c   Number         4  drv_rgb.o(.text.switchONOFF)
    i.__ARM_common_ll_muluu                  0x0800518c   Section        0  btod.o(i.__ARM_common_ll_muluu)
    i.__ARM_fpclassify                       0x080051bc   Section        0  fpclassify.o(i.__ARM_fpclassify)
    i._is_digit                              0x080051e8   Section        0  __printf_wp.o(i._is_digit)
    locale$$code                             0x080051f8   Section       44  lc_numeric_c.o(locale$$code)
    locale$$code                             0x08005224   Section       44  lc_ctype_c.o(locale$$code)
    x$fpl$fadd                               0x08005250   Section      140  faddsub.o(x$fpl$fadd)
    _fadd1                                   0x0800525d   Thumb Code     0  faddsub.o(x$fpl$fadd)
    x$fpl$fsub                               0x080052dc   Section      208  faddsub.o(x$fpl$fsub)
    _fsub1                                   0x080052e9   Thumb Code     0  faddsub.o(x$fpl$fsub)
    x$fpl$printf1                            0x080053ac   Section       16  printf1.o(x$fpl$printf1)
    x$fpl$printf2                            0x080053bc   Section       16  printf2.o(x$fpl$printf2)
    fdiv_tab                                 0x080053cc   Data          64  fdiv.o(.constdata)
    .constdata                               0x080053cc   Section       64  fdiv.o(.constdata)
    x$fpl$usenofp                            0x080053cc   Section        0  usenofp.o(x$fpl$usenofp)
    initial_mbstate                          0x0800540c   Data           8  _printf_wctomb.o(.constdata)
    .constdata                               0x0800540c   Section        8  _printf_wctomb.o(.constdata)
    uc_hextab                                0x08005414   Data          20  _printf_hex_int_ll_ptr.o(.constdata)
    .constdata                               0x08005414   Section       40  _printf_hex_int_ll_ptr.o(.constdata)
    lc_hextab                                0x08005428   Data          20  _printf_hex_int_ll_ptr.o(.constdata)
    maptable                                 0x0800543c   Data          17  __printf_flags_ss_wp.o(.constdata)
    .constdata                               0x0800543c   Section       17  __printf_flags_ss_wp.o(.constdata)
    lc_hextab                                0x0800544d   Data          19  _printf_fp_hex.o(.constdata)
    .constdata                               0x0800544d   Section       38  _printf_fp_hex.o(.constdata)
    uc_hextab                                0x08005460   Data          19  _printf_fp_hex.o(.constdata)
    tenpwrs_x                                0x08005474   Data          60  bigflt0.o(.constdata)
    .constdata                               0x08005474   Section      148  bigflt0.o(.constdata)
    tenpwrs_i                                0x080054b0   Data          64  bigflt0.o(.constdata)
    GRB48                                    0x08005520   Data         128  drv_rgb.o(.rodata.GRB48)
    [Anonymous Symbol]                       0x08005520   Section        0  drv_rgb.o(.rodata.GRB48)
    locale$$data                             0x080055c0   Section       28  lc_numeric_c.o(locale$$data)
    __lcnum_c_name                           0x080055c4   Data           2  lc_numeric_c.o(locale$$data)
    __lcnum_c_start                          0x080055cc   Data           0  lc_numeric_c.o(locale$$data)
    __lcnum_c_point                          0x080055d8   Data           0  lc_numeric_c.o(locale$$data)
    __lcnum_c_thousands                      0x080055da   Data           0  lc_numeric_c.o(locale$$data)
    __lcnum_c_grouping                       0x080055db   Data           0  lc_numeric_c.o(locale$$data)
    __lcnum_c_end                            0x080055dc   Data           0  lc_numeric_c.o(locale$$data)
    locale$$data                             0x080055dc   Section      272  lc_ctype_c.o(locale$$data)
    __lcctype_c_name                         0x080055e0   Data           2  lc_ctype_c.o(locale$$data)
    __lcctype_c_start                        0x080055e8   Data           0  lc_ctype_c.o(locale$$data)
    __lcctype_c_end                          0x080056ec   Data           0  lc_ctype_c.o(locale$$data)
    [Anonymous Symbol]                       0x20000000   Section        0  drv_rgb.o(.data..L_MergedGlobals)
    up_type                                  0x20000006   Data           1  drv_rgb.o(.data..L_MergedGlobals)
    down_type                                0x20000007   Data           1  drv_rgb.o(.data..L_MergedGlobals)
    [Anonymous Symbol]                       0x20000068   Section        0  stm32f0xx_hal.o(.data..L_MergedGlobals)
    .bss                                     0x20000078   Section       96  libspace.o(.bss)
    [Anonymous Symbol]                       0x200000d8   Section        0  drv_rgb.o(.bss..L_MergedGlobals.11)
    Red0                                     0x200000da   Data           1  drv_rgb.o(.bss..L_MergedGlobals.11)
    Green0                                   0x200000db   Data           1  drv_rgb.o(.bss..L_MergedGlobals.11)
    Blue0                                    0x200000dc   Data           1  drv_rgb.o(.bss..L_MergedGlobals.11)
    Drv_RGB_Proc.mode0_immedia               0x200000dd   Data           1  drv_rgb.o(.bss..L_MergedGlobals.11)
    flash_flag                               0x200000de   Data           1  drv_rgb.o(.bss..L_MergedGlobals.11)
    f_red0                                   0x200000e0   Data           4  drv_rgb.o(.bss..L_MergedGlobals.11)
    f_blue0                                  0x200000e4   Data           4  drv_rgb.o(.bss..L_MergedGlobals.11)
    f_green0                                 0x200000e8   Data           4  drv_rgb.o(.bss..L_MergedGlobals.11)
    tickstart                                0x200000ec   Data           4  drv_rgb.o(.bss..L_MergedGlobals.11)
    Drv_SERIAL_Log.log                       0x20000150   Data          64  drv_serial.o(.bss.Drv_SERIAL_Log.log)
    [Anonymous Symbol]                       0x20000150   Section        0  drv_serial.o(.bss.Drv_SERIAL_Log.log)
    HAL_GPIO_EXTI_Callback.lasttime          0x200001a4   Data           4  drv_key.o(.bss.HAL_GPIO_EXTI_Callback.lasttime)
    [Anonymous Symbol]                       0x200001a4   Section        0  drv_key.o(.bss.HAL_GPIO_EXTI_Callback.lasttime)
    tickstart                                0x20000300   Data           4  drv_led.o(.bss.tickstart)
    [Anonymous Symbol]                       0x20000300   Section        0  drv_led.o(.bss.tickstart)
    tickstart                                0x20000304   Data           4  drv_panel.o(.bss.tickstart)
    [Anonymous Symbol]                       0x20000304   Section        0  drv_panel.o(.bss.tickstart)
    Heap_Mem                                 0x20000310   Data         512  startup_stm32f030x8.o(HEAP)
    HEAP                                     0x20000310   Section      512  startup_stm32f030x8.o(HEAP)
    Stack_Mem                                0x20000510   Data        1024  startup_stm32f030x8.o(STACK)
    STACK                                    0x20000510   Section     1024  startup_stm32f030x8.o(STACK)
    __initial_sp                             0x20000910   Data           0  startup_stm32f030x8.o(STACK)

    Global Symbols

    Symbol Name                              Value     Ov Type        Size  Object(Section)

    BuildAttributes$$THM_ISAv3M$S$PE$A:L22$X:L11$S22$IEEE1$IW$~IW$USESV6$~STKCKD$USESV7$~SHL$OTIME$ROPI$IEEEJ$EBA8$UX$STANDARDLIB$REQ8$PRES8$EABIv2 0x00000000   Number         0  anon$$obj.o ABSOLUTE
    _printf_flags                            0x00000000   Number         0  printf_stubs.o ABSOLUTE
    _printf_return_value                     0x00000000   Number         0  printf_stubs.o ABSOLUTE
    _printf_sizespec                         0x00000000   Number         0  printf_stubs.o ABSOLUTE
    _printf_widthprec                        0x00000000   Number         0  printf_stubs.o ABSOLUTE
    __ARM_exceptions_init                     - Undefined Weak Reference
    __alloca_initialize                       - Undefined Weak Reference
    __arm_preinit_                            - Undefined Weak Reference
    __cpp_initialize__aeabi_                  - Undefined Weak Reference
    __cxa_finalize                            - Undefined Weak Reference
    __sigvec_lookup                           - Undefined Weak Reference
    _atexit_init                              - Undefined Weak Reference
    _call_atexit_fns                          - Undefined Weak Reference
    _clock_init                               - Undefined Weak Reference
    _fp_trap_init                             - Undefined Weak Reference
    _fp_trap_shutdown                         - Undefined Weak Reference
    _get_lc_collate                           - Undefined Weak Reference
    _get_lc_monetary                          - Undefined Weak Reference
    _get_lc_time                              - Undefined Weak Reference
    _getenv_init                              - Undefined Weak Reference
    _handle_redirection                       - Undefined Weak Reference
    _init_alloc                               - Undefined Weak Reference
    _init_user_alloc                          - Undefined Weak Reference
    _initio                                   - Undefined Weak Reference
    _printf_mbtowc                            - Undefined Weak Reference
    _printf_wc                                - Undefined Weak Reference
    _rand_init                                - Undefined Weak Reference
    _signal_finish                            - Undefined Weak Reference
    _signal_init                              - Undefined Weak Reference
    _terminate_alloc                          - Undefined Weak Reference
    _terminate_user_alloc                     - Undefined Weak Reference
    _terminateio                              - Undefined Weak Reference
    __Vectors_Size                           0x000000b4   Number         0  startup_stm32f030x8.o ABSOLUTE
    __Vectors                                0x08000000   Data           4  startup_stm32f030x8.o(RESET)
    __Vectors_End                            0x080000b4   Data           0  startup_stm32f030x8.o(RESET)
    __main                                   0x080000b5   Thumb Code     8  __main.o(!!!main)
    __scatterload                            0x080000bd   Thumb Code     0  __scatter.o(!!!scatter)
    __scatterload_rt2                        0x080000bd   Thumb Code    52  __scatter.o(!!!scatter)
    __scatterload_rt2_thumb_only             0x080000bd   Thumb Code     0  __scatter.o(!!!scatter)
    __scatterload_null                       0x080000cd   Thumb Code     0  __scatter.o(!!!scatter)
    __scatterload_copy                       0x080000f9   Thumb Code    26  __scatter_copy.o(!!handler_copy)
    __scatterload_zeroinit                   0x08000115   Thumb Code    28  __scatter_zi.o(!!handler_zi)
    _printf_percent                          0x08000131   Thumb Code     0  _printf_percent.o(.ARM.Collect$$_printf_percent$$00000000)
    _printf_n                                0x08000133   Thumb Code     0  _printf_n.o(.ARM.Collect$$_printf_percent$$00000001)
    _printf_p                                0x0800013d   Thumb Code     0  _printf_p.o(.ARM.Collect$$_printf_percent$$00000002)
    _printf_f                                0x08000147   Thumb Code     0  _printf_f.o(.ARM.Collect$$_printf_percent$$00000003)
    _printf_e                                0x08000151   Thumb Code     0  _printf_e.o(.ARM.Collect$$_printf_percent$$00000004)
    _printf_g                                0x0800015b   Thumb Code     0  _printf_g.o(.ARM.Collect$$_printf_percent$$00000005)
    _printf_a                                0x08000165   Thumb Code     0  _printf_a.o(.ARM.Collect$$_printf_percent$$00000006)
    _printf_ll                               0x0800016f   Thumb Code     0  _printf_ll.o(.ARM.Collect$$_printf_percent$$00000007)
    _printf_i                                0x08000179   Thumb Code     0  _printf_i.o(.ARM.Collect$$_printf_percent$$00000008)
    _printf_d                                0x08000183   Thumb Code     0  _printf_d.o(.ARM.Collect$$_printf_percent$$00000009)
    _printf_u                                0x0800018d   Thumb Code     0  _printf_u.o(.ARM.Collect$$_printf_percent$$0000000A)
    _printf_o                                0x08000197   Thumb Code     0  _printf_o.o(.ARM.Collect$$_printf_percent$$0000000B)
    _printf_x                                0x080001a1   Thumb Code     0  _printf_x.o(.ARM.Collect$$_printf_percent$$0000000C)
    _printf_lli                              0x080001ab   Thumb Code     0  _printf_lli.o(.ARM.Collect$$_printf_percent$$0000000D)
    _printf_lld                              0x080001b5   Thumb Code     0  _printf_lld.o(.ARM.Collect$$_printf_percent$$0000000E)
    _printf_llu                              0x080001bf   Thumb Code     0  _printf_llu.o(.ARM.Collect$$_printf_percent$$0000000F)
    _printf_llo                              0x080001c9   Thumb Code     0  _printf_llo.o(.ARM.Collect$$_printf_percent$$00000010)
    _printf_llx                              0x080001d3   Thumb Code     0  _printf_llx.o(.ARM.Collect$$_printf_percent$$00000011)
    _printf_l                                0x080001dd   Thumb Code     0  _printf_l.o(.ARM.Collect$$_printf_percent$$00000012)
    _printf_c                                0x080001e7   Thumb Code     0  _printf_c.o(.ARM.Collect$$_printf_percent$$00000013)
    _printf_s                                0x080001f1   Thumb Code     0  _printf_s.o(.ARM.Collect$$_printf_percent$$00000014)
    _printf_lc                               0x080001fb   Thumb Code     0  _printf_lc.o(.ARM.Collect$$_printf_percent$$00000015)
    _printf_ls                               0x08000205   Thumb Code     0  _printf_ls.o(.ARM.Collect$$_printf_percent$$00000016)
    _printf_percent_end                      0x0800020f   Thumb Code     0  _printf_percent_end.o(.ARM.Collect$$_printf_percent$$00000017)
    __rt_lib_init                            0x08000213   Thumb Code     0  libinit.o(.ARM.Collect$$libinit$$00000000)
    __rt_lib_init_fp_1                       0x08000215   Thumb Code     0  libinit2.o(.ARM.Collect$$libinit$$00000002)
    __rt_lib_init_heap_1                     0x08000215   Thumb Code     0  libinit2.o(.ARM.Collect$$libinit$$0000000A)
    __rt_lib_init_lc_common                  0x08000215   Thumb Code     0  libinit2.o(.ARM.Collect$$libinit$$0000000F)
    __rt_lib_init_preinit_1                  0x08000215   Thumb Code     0  libinit2.o(.ARM.Collect$$libinit$$00000004)
    __rt_lib_init_rand_1                     0x08000215   Thumb Code     0  libinit2.o(.ARM.Collect$$libinit$$0000000E)
    __rt_lib_init_user_alloc_1               0x08000215   Thumb Code     0  libinit2.o(.ARM.Collect$$libinit$$0000000C)
    __rt_lib_init_lc_collate_1               0x0800021b   Thumb Code     0  libinit2.o(.ARM.Collect$$libinit$$00000011)
    __rt_lib_init_lc_ctype_2                 0x0800021b   Thumb Code     0  libinit2.o(.ARM.Collect$$libinit$$00000012)
    __rt_lib_init_lc_ctype_1                 0x08000227   Thumb Code     0  libinit2.o(.ARM.Collect$$libinit$$00000013)
    __rt_lib_init_lc_monetary_1              0x08000227   Thumb Code     0  libinit2.o(.ARM.Collect$$libinit$$00000015)
    __rt_lib_init_lc_numeric_2               0x08000227   Thumb Code     0  libinit2.o(.ARM.Collect$$libinit$$00000016)
    __rt_lib_init_alloca_1                   0x08000231   Thumb Code     0  libinit2.o(.ARM.Collect$$libinit$$0000002E)
    __rt_lib_init_argv_1                     0x08000231   Thumb Code     0  libinit2.o(.ARM.Collect$$libinit$$0000002C)
    __rt_lib_init_atexit_1                   0x08000231   Thumb Code     0  libinit2.o(.ARM.Collect$$libinit$$0000001B)
    __rt_lib_init_clock_1                    0x08000231   Thumb Code     0  libinit2.o(.ARM.Collect$$libinit$$00000021)
    __rt_lib_init_cpp_1                      0x08000231   Thumb Code     0  libinit2.o(.ARM.Collect$$libinit$$00000032)
    __rt_lib_init_exceptions_1               0x08000231   Thumb Code     0  libinit2.o(.ARM.Collect$$libinit$$00000030)
    __rt_lib_init_fp_trap_1                  0x08000231   Thumb Code     0  libinit2.o(.ARM.Collect$$libinit$$0000001F)
    __rt_lib_init_getenv_1                   0x08000231   Thumb Code     0  libinit2.o(.ARM.Collect$$libinit$$00000023)
    __rt_lib_init_lc_numeric_1               0x08000231   Thumb Code     0  libinit2.o(.ARM.Collect$$libinit$$00000017)
    __rt_lib_init_lc_time_1                  0x08000231   Thumb Code     0  libinit2.o(.ARM.Collect$$libinit$$00000019)
    __rt_lib_init_return                     0x08000231   Thumb Code     0  libinit2.o(.ARM.Collect$$libinit$$00000033)
    __rt_lib_init_signal_1                   0x08000231   Thumb Code     0  libinit2.o(.ARM.Collect$$libinit$$0000001D)
    __rt_lib_init_stdio_1                    0x08000231   Thumb Code     0  libinit2.o(.ARM.Collect$$libinit$$00000025)
    __rt_lib_shutdown                        0x08000233   Thumb Code     0  libshutdown.o(.ARM.Collect$$libshutdown$$00000000)
    __rt_lib_shutdown_cpp_1                  0x08000235   Thumb Code     0  libshutdown2.o(.ARM.Collect$$libshutdown$$00000002)
    __rt_lib_shutdown_fp_trap_1              0x08000235   Thumb Code     0  libshutdown2.o(.ARM.Collect$$libshutdown$$00000007)
    __rt_lib_shutdown_heap_1                 0x08000235   Thumb Code     0  libshutdown2.o(.ARM.Collect$$libshutdown$$0000000F)
    __rt_lib_shutdown_return                 0x08000235   Thumb Code     0  libshutdown2.o(.ARM.Collect$$libshutdown$$00000010)
    __rt_lib_shutdown_signal_1               0x08000235   Thumb Code     0  libshutdown2.o(.ARM.Collect$$libshutdown$$0000000A)
    __rt_lib_shutdown_stdio_1                0x08000235   Thumb Code     0  libshutdown2.o(.ARM.Collect$$libshutdown$$00000004)
    __rt_lib_shutdown_user_alloc_1           0x08000235   Thumb Code     0  libshutdown2.o(.ARM.Collect$$libshutdown$$0000000C)
    __rt_entry                               0x08000237   Thumb Code     0  __rtentry.o(.ARM.Collect$$rtentry$$00000000)
    __rt_entry_presh_1                       0x08000237   Thumb Code     0  __rtentry2.o(.ARM.Collect$$rtentry$$00000002)
    __rt_entry_sh                            0x08000237   Thumb Code     0  __rtentry4.o(.ARM.Collect$$rtentry$$00000004)
    __rt_entry_li                            0x0800023d   Thumb Code     0  __rtentry2.o(.ARM.Collect$$rtentry$$0000000A)
    __rt_entry_postsh_1                      0x0800023d   Thumb Code     0  __rtentry2.o(.ARM.Collect$$rtentry$$00000009)
    __rt_entry_main                          0x08000241   Thumb Code     0  __rtentry2.o(.ARM.Collect$$rtentry$$0000000D)
    __rt_entry_postli_1                      0x08000241   Thumb Code     0  __rtentry2.o(.ARM.Collect$$rtentry$$0000000C)
    __rt_exit                                0x08000249   Thumb Code     0  rtexit.o(.ARM.Collect$$rtexit$$00000000)
    __rt_exit_ls                             0x0800024b   Thumb Code     0  rtexit2.o(.ARM.Collect$$rtexit$$00000003)
    __rt_exit_prels_1                        0x0800024b   Thumb Code     0  rtexit2.o(.ARM.Collect$$rtexit$$00000002)
    __rt_exit_exit                           0x0800024f   Thumb Code     0  rtexit2.o(.ARM.Collect$$rtexit$$00000004)
    Reset_Handler                            0x08000255   Thumb Code     8  startup_stm32f030x8.o(.text)
    ADC1_IRQHandler                          0x08000267   Thumb Code     0  startup_stm32f030x8.o(.text)
    DMA1_Channel1_IRQHandler                 0x08000267   Thumb Code     0  startup_stm32f030x8.o(.text)
    DMA1_Channel2_3_IRQHandler               0x08000267   Thumb Code     0  startup_stm32f030x8.o(.text)
    EXTI0_1_IRQHandler                       0x08000267   Thumb Code     0  startup_stm32f030x8.o(.text)
    EXTI2_3_IRQHandler                       0x08000267   Thumb Code     0  startup_stm32f030x8.o(.text)
    FLASH_IRQHandler                         0x08000267   Thumb Code     0  startup_stm32f030x8.o(.text)
    I2C1_IRQHandler                          0x08000267   Thumb Code     0  startup_stm32f030x8.o(.text)
    I2C2_IRQHandler                          0x08000267   Thumb Code     0  startup_stm32f030x8.o(.text)
    RCC_IRQHandler                           0x08000267   Thumb Code     0  startup_stm32f030x8.o(.text)
    RTC_IRQHandler                           0x08000267   Thumb Code     0  startup_stm32f030x8.o(.text)
    SPI1_IRQHandler                          0x08000267   Thumb Code     0  startup_stm32f030x8.o(.text)
    SPI2_IRQHandler                          0x08000267   Thumb Code     0  startup_stm32f030x8.o(.text)
    TIM14_IRQHandler                         0x08000267   Thumb Code     0  startup_stm32f030x8.o(.text)
    TIM15_IRQHandler                         0x08000267   Thumb Code     0  startup_stm32f030x8.o(.text)
    TIM16_IRQHandler                         0x08000267   Thumb Code     0  startup_stm32f030x8.o(.text)
    TIM17_IRQHandler                         0x08000267   Thumb Code     0  startup_stm32f030x8.o(.text)
    TIM1_BRK_UP_TRG_COM_IRQHandler           0x08000267   Thumb Code     0  startup_stm32f030x8.o(.text)
    TIM1_CC_IRQHandler                       0x08000267   Thumb Code     0  startup_stm32f030x8.o(.text)
    TIM3_IRQHandler                          0x08000267   Thumb Code     0  startup_stm32f030x8.o(.text)
    TIM6_IRQHandler                          0x08000267   Thumb Code     0  startup_stm32f030x8.o(.text)
    USART1_IRQHandler                        0x08000267   Thumb Code     0  startup_stm32f030x8.o(.text)
    WWDG_IRQHandler                          0x08000267   Thumb Code     0  startup_stm32f030x8.o(.text)
    __user_initial_stackheap                 0x08000269   Thumb Code     0  startup_stm32f030x8.o(.text)
    vsnprintf                                0x0800028d   Thumb Code    50  vsnprintf.o(.text)
    strlen                                   0x080002c5   Thumb Code    62  strlen.o(.text)
    _memset_w                                0x08000309   Thumb Code    26  rt_memclr.o(.text)
    _memset                                  0x08000323   Thumb Code    30  rt_memclr.o(.text)
    __aeabi_memclr                           0x08000341   Thumb Code     4  rt_memclr.o(.text)
    __rt_memclr                              0x08000341   Thumb Code     0  rt_memclr.o(.text)
    __aeabi_memclr4                          0x08000345   Thumb Code     0  rt_memclr.o(.text)
    __aeabi_memclr8                          0x08000345   Thumb Code     0  rt_memclr.o(.text)
    __rt_memclr_w                            0x08000345   Thumb Code     4  rt_memclr.o(.text)
    __aeabi_uidiv                            0x08000349   Thumb Code     0  aeabi_sdiv.o(.text)
    __aeabi_uidivmod                         0x08000349   Thumb Code    20  aeabi_sdiv.o(.text)
    __aeabi_idiv                             0x0800035d   Thumb Code     0  aeabi_sdiv.o(.text)
    __aeabi_idivmod                          0x0800035d   Thumb Code   338  aeabi_sdiv.o(.text)
    __use_two_region_memory                  0x080004b5   Thumb Code     2  heapauxi.o(.text)
    __rt_heap_escrow$2region                 0x080004b7   Thumb Code     2  heapauxi.o(.text)
    __rt_heap_expand$2region                 0x080004b9   Thumb Code     2  heapauxi.o(.text)
    __aeabi_f2d                              0x080004bd   Thumb Code     0  f2d.o(.text)
    _f2d                                     0x080004bd   Thumb Code    80  f2d.o(.text)
    __aeabi_fdiv                             0x08000511   Thumb Code     0  fdiv.o(.text)
    _fdiv                                    0x08000511   Thumb Code   334  fdiv.o(.text)
    _frdiv                                   0x0800065f   Thumb Code     8  fdiv.o(.text)
    __aeabi_f2iz                             0x08000671   Thumb Code     0  ffixi.o(.text)
    _ffix                                    0x08000671   Thumb Code    76  ffixi.o(.text)
    __aeabi_i2f_normalise                    0x080006bd   Thumb Code    72  fflti.o(.text)
    __aeabi_i2f                              0x08000705   Thumb Code    16  fflti.o(.text)
    _fflt                                    0x08000705   Thumb Code     0  fflti.o(.text)
    __aeabi_ui2f                             0x08000715   Thumb Code     6  fflti.o(.text)
    _ffltu                                   0x08000715   Thumb Code     0  fflti.o(.text)
    _printf_pre_padding                      0x0800071b   Thumb Code    44  _printf_pad.o(.text)
    _printf_post_padding                     0x08000747   Thumb Code    34  _printf_pad.o(.text)
    _printf_truncate_signed                  0x08000769   Thumb Code    18  _printf_truncate.o(.text)
    _printf_truncate_unsigned                0x0800077b   Thumb Code    18  _printf_truncate.o(.text)
    _printf_str                              0x0800078d   Thumb Code    82  _printf_str.o(.text)
    _printf_int_dec                          0x080007e1   Thumb Code    90  _printf_dec.o(.text)
    _printf_charcount                        0x0800084d   Thumb Code    38  _printf_charcount.o(.text)
    _printf_char_common                      0x0800087f   Thumb Code    32  _printf_char_common.o(.text)
    _sputc                                   0x080008a5   Thumb Code    10  _sputc.o(.text)
    _snputc                                  0x080008af   Thumb Code    16  _snputc.o(.text)
    _printf_wctomb                           0x080008c1   Thumb Code   182  _printf_wctomb.o(.text)
    _printf_longlong_dec                     0x0800097d   Thumb Code    94  _printf_longlong_dec.o(.text)
    _printf_longlong_oct                     0x080009ed   Thumb Code    68  _printf_oct_int_ll.o(.text)
    _printf_int_oct                          0x08000a31   Thumb Code    24  _printf_oct_int_ll.o(.text)
    _printf_ll_oct                           0x08000a49   Thumb Code    10  _printf_oct_int_ll.o(.text)
    _printf_longlong_hex                     0x08000a5d   Thumb Code    88  _printf_hex_int_ll_ptr.o(.text)
    _printf_int_hex                          0x08000ab5   Thumb Code    28  _printf_hex_int_ll_ptr.o(.text)
    _printf_ll_hex                           0x08000ad1   Thumb Code    10  _printf_hex_int_ll_ptr.o(.text)
    _printf_hex_ptr                          0x08000adb   Thumb Code    22  _printf_hex_int_ll_ptr.o(.text)
    __printf                                 0x08000af5   Thumb Code   386  __printf_flags_ss_wp.o(.text)
    _ll_udiv10                               0x08000c7d   Thumb Code   122  lludiv10.o(.text)
    _printf_int_common                       0x08000cf7   Thumb Code   176  _printf_intcommon.o(.text)
    _printf_fp_dec_real                      0x08000f45   Thumb Code   620  _printf_fp_dec.o(.text)
    _printf_fp_hex_real                      0x080011bd   Thumb Code   718  _printf_fp_hex.o(.text)
    _printf_cs_common                        0x08001495   Thumb Code    22  _printf_char.o(.text)
    _printf_char                             0x080014ab   Thumb Code    16  _printf_char.o(.text)
    _printf_string                           0x080014bb   Thumb Code     8  _printf_char.o(.text)
    _printf_lcs_common                       0x080014c3   Thumb Code    22  _printf_wchar.o(.text)
    _printf_wchar                            0x080014d9   Thumb Code    16  _printf_wchar.o(.text)
    _printf_wstring                          0x080014e9   Thumb Code     8  _printf_wchar.o(.text)
    _c16rtomb                                0x080014f1   Thumb Code    66  _c16rtomb.o(.text)
    _wcrtomb                                 0x080014f1   Thumb Code     0  _c16rtomb.o(.text)
    __rt_udiv10                              0x08001533   Thumb Code    40  rtudiv10.o(.text)
    __user_setup_stackheap                   0x0800155b   Thumb Code    62  sys_stackheap_outer.o(.text)
    __rt_ctype_table                         0x08001599   Thumb Code    16  rt_ctype_table.o(.text)
    __rt_locale                              0x080015a9   Thumb Code     8  rt_locale_intlibspace.o(.text)
    _printf_fp_infnan                        0x080015b1   Thumb Code   120  _printf_fp_infnan.o(.text)
    _btod_etento                             0x08001639   Thumb Code   210  bigflt0.o(.text)
    _btod_d2e                                0x08001711   Thumb Code    64  btod.o(.text)
    _btod_emul                               0x08001b45   Thumb Code    28  btod.o(.text)
    _btod_emuld                              0x08001b61   Thumb Code   144  btod.o(.text)
    _btod_ediv                               0x08001bf1   Thumb Code    26  btod.o(.text)
    _btod_edivd                              0x08001c0b   Thumb Code   124  btod.o(.text)
    exit                                     0x08001c91   Thumb Code    16  exit.o(.text)
    __user_libspace                          0x08001ca1   Thumb Code     8  libspace.o(.text)
    __user_perproc_libspace                  0x08001ca1   Thumb Code     0  libspace.o(.text)
    __user_perthread_libspace                0x08001ca1   Thumb Code     0  libspace.o(.text)
    strcmp                                   0x08001ca9   Thumb Code   132  strcmp.o(.text)
    _sys_exit                                0x08001d31   Thumb Code     8  sys_exit.o(.text)
    __I$use$semihosting                      0x08001d3d   Thumb Code     0  use_no_semi.o(.text)
    __use_no_semihosting_swi                 0x08001d3d   Thumb Code     2  use_no_semi.o(.text)
    __semihosting_library_function           0x08001d3f   Thumb Code     0  indicate_semi.o(.text)
    ColorCalc                                0x08001d41   Thumb Code   168  drv_rgb.o(.text.ColorCalc)
    ColorGradualDimming                      0x08001de9   Thumb Code   364  drv_rgb.o(.text.ColorGradualDimming)
    ColorLayingE133                          0x08001f55   Thumb Code    96  drv_rgb.o(.text.ColorLayingE133)
    DMA1_Channel4_5_IRQHandler               0x08001fb5   Thumb Code    24  stm32f0xx_it.o(.text.DMA1_Channel4_5_IRQHandler)
    Drv_LED_Proc                             0x08001ff5   Thumb Code    44  drv_led.o(.text.Drv_LED_Proc)
    Drv_Panel_Proc                           0x08002021   Thumb Code   244  drv_panel.o(.text.Drv_Panel_Proc)
    Drv_RGB_Init                             0x08002115   Thumb Code    32  drv_rgb.o(.text.Drv_RGB_Init)
    Drv_RGB_Proc                             0x08002135   Thumb Code   500  drv_rgb.o(.text.Drv_RGB_Proc)
    Drv_SERIAL_Log                           0x08002329   Thumb Code    84  drv_serial.o(.text.Drv_SERIAL_Log)
    Drv_SERIAL_Proc                          0x0800237d   Thumb Code   124  drv_serial.o(.text.Drv_SERIAL_Proc)
    EXTI4_15_IRQHandler                      0x080023f9   Thumb Code    10  stm32f0xx_it.o(.text.EXTI4_15_IRQHandler)
    Error_Handler                            0x08002403   Thumb Code     8  main.o(.text.Error_Handler)
    HAL_DMA_Abort                            0x0800240b   Thumb Code    60  stm32f0xx_hal_dma.o(.text.HAL_DMA_Abort)
    HAL_DMA_Abort_IT                         0x08002447   Thumb Code    68  stm32f0xx_hal_dma.o(.text.HAL_DMA_Abort_IT)
    HAL_DMA_GetError                         0x0800248b   Thumb Code     4  stm32f0xx_hal_dma.o(.text.HAL_DMA_GetError)
    HAL_DMA_IRQHandler                       0x0800248f   Thumb Code   146  stm32f0xx_hal_dma.o(.text.HAL_DMA_IRQHandler)
    HAL_DMA_Init                             0x08002521   Thumb Code   120  stm32f0xx_hal_dma.o(.text.HAL_DMA_Init)
    HAL_DMA_Start_IT                         0x08002599   Thumb Code    96  stm32f0xx_hal_dma.o(.text.HAL_DMA_Start_IT)
    HAL_Delay                                0x080025f9   Thumb Code    32  stm32f0xx_hal.o(.text.HAL_Delay)
    HAL_GPIO_EXTI_Callback                   0x08002619   Thumb Code    76  drv_key.o(.text.HAL_GPIO_EXTI_Callback)
    HAL_GPIO_EXTI_IRQHandler                 0x08002665   Thumb Code    24  stm32f0xx_hal_gpio.o(.text.HAL_GPIO_EXTI_IRQHandler)
    HAL_GPIO_Init                            0x0800267d   Thumb Code   404  stm32f0xx_hal_gpio.o(.text.HAL_GPIO_Init)
    HAL_GPIO_ReadPin                         0x08002811   Thumb Code    10  stm32f0xx_hal_gpio.o(.text.HAL_GPIO_ReadPin)
    HAL_GPIO_TogglePin                       0x0800281b   Thumb Code    16  stm32f0xx_hal_gpio.o(.text.HAL_GPIO_TogglePin)
    HAL_GPIO_WritePin                        0x0800282b   Thumb Code    14  stm32f0xx_hal_gpio.o(.text.HAL_GPIO_WritePin)
    HAL_GetTick                              0x08002839   Thumb Code     8  stm32f0xx_hal.o(.text.HAL_GetTick)
    HAL_IncTick                              0x08002841   Thumb Code    20  stm32f0xx_hal.o(.text.HAL_IncTick)
    HAL_Init                                 0x08002855   Thumb Code    28  stm32f0xx_hal.o(.text.HAL_Init)
    HAL_InitTick                             0x08002871   Thumb Code    64  stm32f0xx_hal.o(.text.HAL_InitTick)
    HAL_MspInit                              0x080028b1   Thumb Code    44  stm32f0xx_hal_msp.o(.text.HAL_MspInit)
    HAL_NVIC_EnableIRQ                       0x080028dd   Thumb Code    24  stm32f0xx_hal_cortex.o(.text.HAL_NVIC_EnableIRQ)
    HAL_NVIC_SetPriority                     0x080028f5   Thumb Code     8  stm32f0xx_hal_cortex.o(.text.HAL_NVIC_SetPriority)
    HAL_RCC_ClockConfig                      0x080028fd   Thumb Code   264  stm32f0xx_hal_rcc.o(.text.HAL_RCC_ClockConfig)
    HAL_RCC_GetPCLK1Freq                     0x08002a05   Thumb Code    28  stm32f0xx_hal_rcc.o(.text.HAL_RCC_GetPCLK1Freq)
    HAL_RCC_GetSysClockFreq                  0x08002a21   Thumb Code   100  stm32f0xx_hal_rcc.o(.text.HAL_RCC_GetSysClockFreq)
    HAL_RCC_OscConfig                        0x08002a85   Thumb Code  1000  stm32f0xx_hal_rcc.o(.text.HAL_RCC_OscConfig)
    HAL_SYSTICK_Config                       0x08002e6d   Thumb Code    52  stm32f0xx_hal_cortex.o(.text.HAL_SYSTICK_Config)
    HAL_UARTEx_RxEventCallback               0x08002ea1   Thumb Code     2  stm32f0xx_hal_uart.o(.text.HAL_UARTEx_RxEventCallback)
    HAL_UART_DMAStop                         0x08002ea3   Thumb Code   154  stm32f0xx_hal_uart.o(.text.HAL_UART_DMAStop)
    HAL_UART_ErrorCallback                   0x08002f3d   Thumb Code     2  stm32f0xx_hal_uart.o(.text.HAL_UART_ErrorCallback)
    HAL_UART_IRQHandler                      0x08002f41   Thumb Code   720  stm32f0xx_hal_uart.o(.text.HAL_UART_IRQHandler)
    HAL_UART_Init                            0x08003211   Thumb Code   104  stm32f0xx_hal_uart.o(.text.HAL_UART_Init)
    HAL_UART_MspInit                         0x08003279   Thumb Code   208  stm32f0xx_hal_msp.o(.text.HAL_UART_MspInit)
    HAL_UART_Receive_DMA                     0x08003349   Thumb Code   108  stm32f0xx_hal_uart.o(.text.HAL_UART_Receive_DMA)
    HAL_UART_RxCpltCallback                  0x080033b5   Thumb Code     2  stm32f0xx_hal_uart.o(.text.HAL_UART_RxCpltCallback)
    HAL_UART_RxHalfCpltCallback              0x080033b7   Thumb Code     2  stm32f0xx_hal_uart.o(.text.HAL_UART_RxHalfCpltCallback)
    HAL_UART_Transmit                        0x080033b9   Thumb Code   252  stm32f0xx_hal_uart.o(.text.HAL_UART_Transmit)
    HAL_UART_TxCpltCallback                  0x080034b5   Thumb Code     2  stm32f0xx_hal_uart.o(.text.HAL_UART_TxCpltCallback)
    HardFault_Handler                        0x080034b7   Thumb Code     2  stm32f0xx_it.o(.text.HardFault_Handler)
    IIC_SCL_0                                0x080034b9   Thumb Code    16  softi2c.o(.text.IIC_SCL_0)
    IIC_SCL_1                                0x080034c9   Thumb Code    16  softi2c.o(.text.IIC_SCL_1)
    IIC_SDA_0                                0x080034d9   Thumb Code    16  softi2c.o(.text.IIC_SDA_0)
    IIC_SDA_1                                0x080034e9   Thumb Code    16  softi2c.o(.text.IIC_SDA_1)
    NMI_Handler                              0x080034f9   Thumb Code     2  stm32f0xx_it.o(.text.NMI_Handler)
    PendSV_Handler                           0x080034fb   Thumb Code     2  stm32f0xx_it.o(.text.PendSV_Handler)
    SC09A_ReadKeyValue                       0x080034fd   Thumb Code   144  sc09a.o(.text.SC09A_ReadKeyValue)
    SDA_IN                                   0x0800358d   Thumb Code    32  softi2c.o(.text.SDA_IN)
    SDA_OUT                                  0x080035ad   Thumb Code    36  softi2c.o(.text.SDA_OUT)
    SDA_READ                                 0x080035d1   Thumb Code    20  softi2c.o(.text.SDA_READ)
    SVC_Handler                              0x080035e5   Thumb Code     2  stm32f0xx_it.o(.text.SVC_Handler)
    ScenceLayering                           0x080035e9   Thumb Code   128  drv_rgb.o(.text.ScenceLayering)
    Send_8bits1                              0x08003669   Thumb Code   462  drv_rgb.o(.text.Send_8bits1)
    Send_8bits2                              0x08003839   Thumb Code   466  drv_rgb.o(.text.Send_8bits2)
    Send_8bits3                              0x08003a0d   Thumb Code   466  drv_rgb.o(.text.Send_8bits3)
    Send_8bits4                              0x08003be1   Thumb Code   466  drv_rgb.o(.text.Send_8bits4)
    Send_8bits5                              0x08003db5   Thumb Code   462  drv_rgb.o(.text.Send_8bits5)
    Send_8bits6                              0x08003f85   Thumb Code   462  drv_rgb.o(.text.Send_8bits6)
    Send_8bits7                              0x08004155   Thumb Code   458  drv_rgb.o(.text.Send_8bits7)
    Send_8bits8                              0x08004321   Thumb Code   462  drv_rgb.o(.text.Send_8bits8)
    Send_8bits9                              0x080044f1   Thumb Code   462  drv_rgb.o(.text.Send_8bits9)
    Send_e133_line1                          0x080046bf   Thumb Code    38  drv_rgb.o(.text.Send_e133_line1)
    Send_e133_line1_laying                   0x080046e5   Thumb Code    38  drv_rgb.o(.text.Send_e133_line1_laying)
    Send_e133_line2                          0x0800470b   Thumb Code    38  drv_rgb.o(.text.Send_e133_line2)
    Send_e133_line2_laying                   0x08004731   Thumb Code    38  drv_rgb.o(.text.Send_e133_line2_laying)
    Send_e133_line3                          0x08004757   Thumb Code    38  drv_rgb.o(.text.Send_e133_line3)
    Send_e133_line3_laying                   0x0800477d   Thumb Code    38  drv_rgb.o(.text.Send_e133_line3_laying)
    Send_e133_line4                          0x080047a3   Thumb Code    38  drv_rgb.o(.text.Send_e133_line4)
    Send_e133_line4_laying                   0x080047c9   Thumb Code    38  drv_rgb.o(.text.Send_e133_line4_laying)
    Send_e133_line5                          0x080047ef   Thumb Code    38  drv_rgb.o(.text.Send_e133_line5)
    Send_e133_line5_laying                   0x08004815   Thumb Code    38  drv_rgb.o(.text.Send_e133_line5_laying)
    Send_e133_line6                          0x0800483b   Thumb Code    38  drv_rgb.o(.text.Send_e133_line6)
    Send_e133_line6_laying                   0x08004861   Thumb Code    38  drv_rgb.o(.text.Send_e133_line6_laying)
    Send_e133_line7                          0x08004887   Thumb Code    38  drv_rgb.o(.text.Send_e133_line7)
    Send_e133_line7_laying                   0x080048ad   Thumb Code    38  drv_rgb.o(.text.Send_e133_line7_laying)
    Send_e133_line8                          0x080048d3   Thumb Code    38  drv_rgb.o(.text.Send_e133_line8)
    Send_e133_line8_laying                   0x080048f9   Thumb Code    38  drv_rgb.o(.text.Send_e133_line8_laying)
    Send_e133_line9                          0x0800491f   Thumb Code    38  drv_rgb.o(.text.Send_e133_line9)
    Send_e133_line9_laying                   0x08004945   Thumb Code    38  drv_rgb.o(.text.Send_e133_line9_laying)
    SysTick_Handler                          0x0800496b   Thumb Code     8  stm32f0xx_it.o(.text.SysTick_Handler)
    SystemClock_Config                       0x08004973   Thumb Code   100  main.o(.text.SystemClock_Config)
    SystemInit                               0x080049d7   Thumb Code     2  system_stm32f0xx.o(.text.SystemInit)
    UART_AdvFeatureConfig                    0x080049d9   Thumb Code   184  stm32f0xx_hal_uart.o(.text.UART_AdvFeatureConfig)
    UART_CheckIdleState                      0x08004a91   Thumb Code   104  stm32f0xx_hal_uart.o(.text.UART_CheckIdleState)
    UART_SetConfig                           0x08004c7d   Thumb Code   284  stm32f0xx_hal_uart.o(.text.UART_SetConfig)
    UART_Start_Receive_DMA                   0x08004d99   Thumb Code   156  stm32f0xx_hal_uart.o(.text.UART_Start_Receive_DMA)
    UART_WaitOnFlagUntilTimeout              0x08004e35   Thumb Code   204  stm32f0xx_hal_uart.o(.text.UART_WaitOnFlagUntilTimeout)
    USART2_IRQHandler                        0x08004f01   Thumb Code    20  stm32f0xx_it.o(.text.USART2_IRQHandler)
    UsartReceive_IDLE                        0x08004f15   Thumb Code    64  drv_serial.o(.text.UsartReceive_IDLE)
    main                                     0x08004f95   Thumb Code   372  main.o(.text.main)
    switchONOFF                              0x08005109   Thumb Code   132  drv_rgb.o(.text.switchONOFF)
    __ARM_common_ll_muluu                    0x0800518d   Thumb Code    48  btod.o(i.__ARM_common_ll_muluu)
    __ARM_fpclassify                         0x080051bd   Thumb Code    40  fpclassify.o(i.__ARM_fpclassify)
    _is_digit                                0x080051e9   Thumb Code    14  __printf_wp.o(i._is_digit)
    _get_lc_numeric                          0x080051f9   Thumb Code    44  lc_numeric_c.o(locale$$code)
    _get_lc_ctype                            0x08005225   Thumb Code    44  lc_ctype_c.o(locale$$code)
    __aeabi_fadd                             0x08005251   Thumb Code     0  faddsub.o(x$fpl$fadd)
    _fadd                                    0x08005251   Thumb Code   134  faddsub.o(x$fpl$fadd)
    __aeabi_fsub                             0x080052dd   Thumb Code     0  faddsub.o(x$fpl$fsub)
    _fsub                                    0x080052dd   Thumb Code   204  faddsub.o(x$fpl$fsub)
    _printf_fp_dec                           0x080053ad   Thumb Code    16  printf1.o(x$fpl$printf1)
    _printf_fp_hex                           0x080053bd   Thumb Code    16  printf2.o(x$fpl$printf2)
    __I$use$fp                               0x080053cc   Number         0  usenofp.o(x$fpl$usenofp)
    AHBPrescTable                            0x08005508   Data          16  system_stm32f0xx.o(.rodata.AHBPrescTable)
    APBPrescTable                            0x08005518   Data           8  system_stm32f0xx.o(.rodata.APBPrescTable)
    Region$$Table$$Base                      0x080055a0   Number         0  anon$$obj.o(Region$$Table)
    Region$$Table$$Limit                     0x080055c0   Number         0  anon$$obj.o(Region$$Table)
    __ctype                                  0x080055e9   Data           0  lc_ctype_c.o(locale$$data)
    buff_G                                   0x20000000   Data           1  drv_rgb.o(.data..L_MergedGlobals)
    buff_R                                   0x20000001   Data           1  drv_rgb.o(.data..L_MergedGlobals)
    buff_B                                   0x20000002   Data           1  drv_rgb.o(.data..L_MergedGlobals)
    lddj                                     0x20000003   Data           1  drv_rgb.o(.data..L_MergedGlobals)
    mode                                     0x20000004   Data           1  drv_rgb.o(.data..L_MergedGlobals)
    newReqFlag                               0x20000005   Data           1  drv_rgb.o(.data..L_MergedGlobals)
    rgb                                      0x20000008   Data           5  drv_rgb.o(.data..L_MergedGlobals)
    white                                    0x2000000e   Data          30  drv_rgb.o(.data..L_MergedGlobals)
    yellow                                   0x2000002c   Data          30  drv_rgb.o(.data..L_MergedGlobals)
    pink                                     0x2000004a   Data          30  drv_rgb.o(.data..L_MergedGlobals)
    uwTickFreq                               0x20000068   Data           1  stm32f0xx_hal.o(.data..L_MergedGlobals)
    uwTickPrio                               0x2000006c   Data           4  stm32f0xx_hal.o(.data..L_MergedGlobals)
    SystemCoreClock                          0x20000070   Data           4  system_stm32f0xx.o(.data.SystemCoreClock)
    key_cmd_flag                             0x20000074   Data           1  drv_panel.o(.data.key_cmd_flag)
    __libspace_start                         0x20000078   Data          96  libspace.o(.bss)
    __temporary_stack_top$libspace           0x200000d8   Data           0  libspace.o(.bss)
    switch_on_off                            0x200000d8   Data           1  drv_rgb.o(.bss..L_MergedGlobals.11)
    scanType                                 0x200000d9   Data           1  drv_rgb.o(.bss..L_MergedGlobals.11)
    cube_buff_G                              0x200000f0   Data          32  drv_rgb.o(.bss..L_MergedGlobals.11)
    cube_buff_R                              0x20000110   Data          32  drv_rgb.o(.bss..L_MergedGlobals.11)
    cube_buff_B                              0x20000130   Data          32  drv_rgb.o(.bss..L_MergedGlobals.11)
    GPIO_InitStructure                       0x20000190   Data          20  softi2c.o(.bss.GPIO_InitStructure)
    UsartType2                               0x200001a8   Data          68  drv_serial.o(.bss.UsartType2)
    hdma_usart2_rx                           0x200001ec   Data          68  main.o(.bss.hdma_usart2_rx)
    hdma_usart2_tx                           0x20000230   Data          68  main.o(.bss.hdma_usart2_tx)
    huart2                                   0x20000274   Data         132  main.o(.bss.huart2)
    rgb_v                                    0x200002f8   Data           6  drv_rgb.o(.bss.rgb_v)
    uwTick                                   0x20000308   Data           4  stm32f0xx_hal.o(.bss.uwTick)



==============================================================================

Memory Map of the image

  Image Entry point : 0x080000b5

  Load Region LR_IROM1 (Base: 0x08000000, Size: 0x00005768, Max: 0x00010000, ABSOLUTE)

    Execution Region ER_IROM1 (Exec base: 0x08000000, Load base: 0x08000000, Size: 0x000056ec, Max: 0x00010000, ABSOLUTE)

    Exec Addr    Load Addr    Size         Type   Attr      Idx    E Section Name        Object

    0x08000000   0x08000000   0x000000b4   Data   RO            3    RESET               startup_stm32f030x8.o
    0x080000b4   0x080000b4   0x00000008   Code   RO          943  * !!!main             c_p.l(__main.o)
    0x080000bc   0x080000bc   0x0000003c   Code   RO         1328    !!!scatter          c_p.l(__scatter.o)
    0x080000f8   0x080000f8   0x0000001a   Code   RO         1330    !!handler_copy      c_p.l(__scatter_copy.o)
    0x08000112   0x08000112   0x00000002   PAD
    0x08000114   0x08000114   0x0000001c   Code   RO         1332    !!handler_zi        c_p.l(__scatter_zi.o)
    0x08000130   0x08000130   0x00000002   Code   RO         1073    .ARM.Collect$$_printf_percent$$00000000  c_p.l(_printf_percent.o)
    0x08000132   0x08000132   0x0000000a   Code   RO         1062    .ARM.Collect$$_printf_percent$$00000001  c_p.l(_printf_n.o)
    0x0800013c   0x0800013c   0x0000000a   Code   RO         1064    .ARM.Collect$$_printf_percent$$00000002  c_p.l(_printf_p.o)
    0x08000146   0x08000146   0x0000000a   Code   RO         1069    .ARM.Collect$$_printf_percent$$00000003  c_p.l(_printf_f.o)
    0x08000150   0x08000150   0x0000000a   Code   RO         1070    .ARM.Collect$$_printf_percent$$00000004  c_p.l(_printf_e.o)
    0x0800015a   0x0800015a   0x0000000a   Code   RO         1071    .ARM.Collect$$_printf_percent$$00000005  c_p.l(_printf_g.o)
    0x08000164   0x08000164   0x0000000a   Code   RO         1072    .ARM.Collect$$_printf_percent$$00000006  c_p.l(_printf_a.o)
    0x0800016e   0x0800016e   0x0000000a   Code   RO         1077    .ARM.Collect$$_printf_percent$$00000007  c_p.l(_printf_ll.o)
    0x08000178   0x08000178   0x0000000a   Code   RO         1066    .ARM.Collect$$_printf_percent$$00000008  c_p.l(_printf_i.o)
    0x08000182   0x08000182   0x0000000a   Code   RO         1067    .ARM.Collect$$_printf_percent$$00000009  c_p.l(_printf_d.o)
    0x0800018c   0x0800018c   0x0000000a   Code   RO         1068    .ARM.Collect$$_printf_percent$$0000000A  c_p.l(_printf_u.o)
    0x08000196   0x08000196   0x0000000a   Code   RO         1065    .ARM.Collect$$_printf_percent$$0000000B  c_p.l(_printf_o.o)
    0x080001a0   0x080001a0   0x0000000a   Code   RO         1063    .ARM.Collect$$_printf_percent$$0000000C  c_p.l(_printf_x.o)
    0x080001aa   0x080001aa   0x0000000a   Code   RO         1074    .ARM.Collect$$_printf_percent$$0000000D  c_p.l(_printf_lli.o)
    0x080001b4   0x080001b4   0x0000000a   Code   RO         1075    .ARM.Collect$$_printf_percent$$0000000E  c_p.l(_printf_lld.o)
    0x080001be   0x080001be   0x0000000a   Code   RO         1076    .ARM.Collect$$_printf_percent$$0000000F  c_p.l(_printf_llu.o)
    0x080001c8   0x080001c8   0x0000000a   Code   RO         1081    .ARM.Collect$$_printf_percent$$00000010  c_p.l(_printf_llo.o)
    0x080001d2   0x080001d2   0x0000000a   Code   RO         1082    .ARM.Collect$$_printf_percent$$00000011  c_p.l(_printf_llx.o)
    0x080001dc   0x080001dc   0x0000000a   Code   RO         1078    .ARM.Collect$$_printf_percent$$00000012  c_p.l(_printf_l.o)
    0x080001e6   0x080001e6   0x0000000a   Code   RO         1060    .ARM.Collect$$_printf_percent$$00000013  c_p.l(_printf_c.o)
    0x080001f0   0x080001f0   0x0000000a   Code   RO         1061    .ARM.Collect$$_printf_percent$$00000014  c_p.l(_printf_s.o)
    0x080001fa   0x080001fa   0x0000000a   Code   RO         1079    .ARM.Collect$$_printf_percent$$00000015  c_p.l(_printf_lc.o)
    0x08000204   0x08000204   0x0000000a   Code   RO         1080    .ARM.Collect$$_printf_percent$$00000016  c_p.l(_printf_ls.o)
    0x0800020e   0x0800020e   0x00000004   Code   RO         1132    .ARM.Collect$$_printf_percent$$00000017  c_p.l(_printf_percent_end.o)
    0x08000212   0x08000212   0x00000002   Code   RO         1174    .ARM.Collect$$libinit$$00000000  c_p.l(libinit.o)
    0x08000214   0x08000214   0x00000000   Code   RO         1203    .ARM.Collect$$libinit$$00000002  c_p.l(libinit2.o)
    0x08000214   0x08000214   0x00000000   Code   RO         1205    .ARM.Collect$$libinit$$00000004  c_p.l(libinit2.o)
    0x08000214   0x08000214   0x00000000   Code   RO         1208    .ARM.Collect$$libinit$$0000000A  c_p.l(libinit2.o)
    0x08000214   0x08000214   0x00000000   Code   RO         1210    .ARM.Collect$$libinit$$0000000C  c_p.l(libinit2.o)
    0x08000214   0x08000214   0x00000000   Code   RO         1212    .ARM.Collect$$libinit$$0000000E  c_p.l(libinit2.o)
    0x08000214   0x08000214   0x00000006   Code   RO         1213    .ARM.Collect$$libinit$$0000000F  c_p.l(libinit2.o)
    0x0800021a   0x0800021a   0x00000000   Code   RO         1215    .ARM.Collect$$libinit$$00000011  c_p.l(libinit2.o)
    0x0800021a   0x0800021a   0x0000000c   Code   RO         1216    .ARM.Collect$$libinit$$00000012  c_p.l(libinit2.o)
    0x08000226   0x08000226   0x00000000   Code   RO         1217    .ARM.Collect$$libinit$$00000013  c_p.l(libinit2.o)
    0x08000226   0x08000226   0x00000000   Code   RO         1219    .ARM.Collect$$libinit$$00000015  c_p.l(libinit2.o)
    0x08000226   0x08000226   0x0000000a   Code   RO         1220    .ARM.Collect$$libinit$$00000016  c_p.l(libinit2.o)
    0x08000230   0x08000230   0x00000000   Code   RO         1221    .ARM.Collect$$libinit$$00000017  c_p.l(libinit2.o)
    0x08000230   0x08000230   0x00000000   Code   RO         1223    .ARM.Collect$$libinit$$00000019  c_p.l(libinit2.o)
    0x08000230   0x08000230   0x00000000   Code   RO         1225    .ARM.Collect$$libinit$$0000001B  c_p.l(libinit2.o)
    0x08000230   0x08000230   0x00000000   Code   RO         1227    .ARM.Collect$$libinit$$0000001D  c_p.l(libinit2.o)
    0x08000230   0x08000230   0x00000000   Code   RO         1229    .ARM.Collect$$libinit$$0000001F  c_p.l(libinit2.o)
    0x08000230   0x08000230   0x00000000   Code   RO         1231    .ARM.Collect$$libinit$$00000021  c_p.l(libinit2.o)
    0x08000230   0x08000230   0x00000000   Code   RO         1233    .ARM.Collect$$libinit$$00000023  c_p.l(libinit2.o)
    0x08000230   0x08000230   0x00000000   Code   RO         1235    .ARM.Collect$$libinit$$00000025  c_p.l(libinit2.o)
    0x08000230   0x08000230   0x00000000   Code   RO         1239    .ARM.Collect$$libinit$$0000002C  c_p.l(libinit2.o)
    0x08000230   0x08000230   0x00000000   Code   RO         1241    .ARM.Collect$$libinit$$0000002E  c_p.l(libinit2.o)
    0x08000230   0x08000230   0x00000000   Code   RO         1243    .ARM.Collect$$libinit$$00000030  c_p.l(libinit2.o)
    0x08000230   0x08000230   0x00000000   Code   RO         1245    .ARM.Collect$$libinit$$00000032  c_p.l(libinit2.o)
    0x08000230   0x08000230   0x00000002   Code   RO         1246    .ARM.Collect$$libinit$$00000033  c_p.l(libinit2.o)
    0x08000232   0x08000232   0x00000002   Code   RO         1283    .ARM.Collect$$libshutdown$$00000000  c_p.l(libshutdown.o)
    0x08000234   0x08000234   0x00000000   Code   RO         1311    .ARM.Collect$$libshutdown$$00000002  c_p.l(libshutdown2.o)
    0x08000234   0x08000234   0x00000000   Code   RO         1313    .ARM.Collect$$libshutdown$$00000004  c_p.l(libshutdown2.o)
    0x08000234   0x08000234   0x00000000   Code   RO         1316    .ARM.Collect$$libshutdown$$00000007  c_p.l(libshutdown2.o)
    0x08000234   0x08000234   0x00000000   Code   RO         1319    .ARM.Collect$$libshutdown$$0000000A  c_p.l(libshutdown2.o)
    0x08000234   0x08000234   0x00000000   Code   RO         1321    .ARM.Collect$$libshutdown$$0000000C  c_p.l(libshutdown2.o)
    0x08000234   0x08000234   0x00000000   Code   RO         1324    .ARM.Collect$$libshutdown$$0000000F  c_p.l(libshutdown2.o)
    0x08000234   0x08000234   0x00000002   Code   RO         1325    .ARM.Collect$$libshutdown$$00000010  c_p.l(libshutdown2.o)
    0x08000236   0x08000236   0x00000000   Code   RO          985    .ARM.Collect$$rtentry$$00000000  c_p.l(__rtentry.o)
    0x08000236   0x08000236   0x00000000   Code   RO         1099    .ARM.Collect$$rtentry$$00000002  c_p.l(__rtentry2.o)
    0x08000236   0x08000236   0x00000006   Code   RO         1111    .ARM.Collect$$rtentry$$00000004  c_p.l(__rtentry4.o)
    0x0800023c   0x0800023c   0x00000000   Code   RO         1101    .ARM.Collect$$rtentry$$00000009  c_p.l(__rtentry2.o)
    0x0800023c   0x0800023c   0x00000004   Code   RO         1102    .ARM.Collect$$rtentry$$0000000A  c_p.l(__rtentry2.o)
    0x08000240   0x08000240   0x00000000   Code   RO         1104    .ARM.Collect$$rtentry$$0000000C  c_p.l(__rtentry2.o)
    0x08000240   0x08000240   0x00000008   Code   RO         1105    .ARM.Collect$$rtentry$$0000000D  c_p.l(__rtentry2.o)
    0x08000248   0x08000248   0x00000002   Code   RO         1187    .ARM.Collect$$rtexit$$00000000  c_p.l(rtexit.o)
    0x0800024a   0x0800024a   0x00000000   Code   RO         1254    .ARM.Collect$$rtexit$$00000002  c_p.l(rtexit2.o)
    0x0800024a   0x0800024a   0x00000004   Code   RO         1255    .ARM.Collect$$rtexit$$00000003  c_p.l(rtexit2.o)
    0x0800024e   0x0800024e   0x00000006   Code   RO         1256    .ARM.Collect$$rtexit$$00000004  c_p.l(rtexit2.o)
    0x08000254   0x08000254   0x00000038   Code   RO            4    .text               startup_stm32f030x8.o
    0x0800028c   0x0800028c   0x00000038   Code   RO          931    .text               c_p.l(vsnprintf.o)
    0x080002c4   0x080002c4   0x00000044   Code   RO          933    .text               c_p.l(strlen.o)
    0x08000308   0x08000308   0x00000040   Code   RO          935    .text               c_p.l(rt_memclr.o)
    0x08000348   0x08000348   0x0000016c   Code   RO          937    .text               c_p.l(aeabi_sdiv.o)
    0x080004b4   0x080004b4   0x00000006   Code   RO          941    .text               c_p.l(heapauxi.o)
    0x080004ba   0x080004ba   0x00000002   PAD
    0x080004bc   0x080004bc   0x00000054   Code   RO          952    .text               fz_ps.l(f2d.o)
    0x08000510   0x08000510   0x00000160   Code   RO          972    .text               fz_ps.l(fdiv.o)
    0x08000670   0x08000670   0x0000004c   Code   RO          975    .text               fz_ps.l(ffixi.o)
    0x080006bc   0x080006bc   0x0000005e   Code   RO          977    .text               fz_ps.l(fflti.o)
    0x0800071a   0x0800071a   0x0000004e   Code   RO          992    .text               c_p.l(_printf_pad.o)
    0x08000768   0x08000768   0x00000024   Code   RO          994    .text               c_p.l(_printf_truncate.o)
    0x0800078c   0x0800078c   0x00000052   Code   RO          996    .text               c_p.l(_printf_str.o)
    0x080007de   0x080007de   0x00000002   PAD
    0x080007e0   0x080007e0   0x0000006c   Code   RO          998    .text               c_p.l(_printf_dec.o)
    0x0800084c   0x0800084c   0x00000026   Code   RO         1000    .text               c_p.l(_printf_charcount.o)
    0x08000872   0x08000872   0x00000002   PAD
    0x08000874   0x08000874   0x00000030   Code   RO         1002    .text               c_p.l(_printf_char_common.o)
    0x080008a4   0x080008a4   0x0000000a   Code   RO         1004    .text               c_p.l(_sputc.o)
    0x080008ae   0x080008ae   0x00000010   Code   RO         1006    .text               c_p.l(_snputc.o)
    0x080008be   0x080008be   0x00000002   PAD
    0x080008c0   0x080008c0   0x000000bc   Code   RO         1008    .text               c_p.l(_printf_wctomb.o)
    0x0800097c   0x0800097c   0x00000070   Code   RO         1011    .text               c_p.l(_printf_longlong_dec.o)
    0x080009ec   0x080009ec   0x00000070   Code   RO         1017    .text               c_p.l(_printf_oct_int_ll.o)
    0x08000a5c   0x08000a5c   0x00000098   Code   RO         1037    .text               c_p.l(_printf_hex_int_ll_ptr.o)
    0x08000af4   0x08000af4   0x00000188   Code   RO         1057    .text               c_p.l(__printf_flags_ss_wp.o)
    0x08000c7c   0x08000c7c   0x0000007a   Code   RO         1115    .text               c_p.l(lludiv10.o)
    0x08000cf6   0x08000cf6   0x000000b0   Code   RO         1117    .text               c_p.l(_printf_intcommon.o)
    0x08000da6   0x08000da6   0x00000002   PAD
    0x08000da8   0x08000da8   0x00000414   Code   RO         1119    .text               c_p.l(_printf_fp_dec.o)
    0x080011bc   0x080011bc   0x000002d8   Code   RO         1123    .text               c_p.l(_printf_fp_hex.o)
    0x08001494   0x08001494   0x0000002e   Code   RO         1128    .text               c_p.l(_printf_char.o)
    0x080014c2   0x080014c2   0x0000002e   Code   RO         1130    .text               c_p.l(_printf_wchar.o)
    0x080014f0   0x080014f0   0x00000042   Code   RO         1133    .text               c_p.l(_c16rtomb.o)
    0x08001532   0x08001532   0x00000028   Code   RO         1135    .text               c_p.l(rtudiv10.o)
    0x0800155a   0x0800155a   0x0000003e   Code   RO         1139    .text               c_p.l(sys_stackheap_outer.o)
    0x08001598   0x08001598   0x00000010   Code   RO         1142    .text               c_p.l(rt_ctype_table.o)
    0x080015a8   0x080015a8   0x00000008   Code   RO         1147    .text               c_p.l(rt_locale_intlibspace.o)
    0x080015b0   0x080015b0   0x00000088   Code   RO         1149    .text               c_p.l(_printf_fp_infnan.o)
    0x08001638   0x08001638   0x000000d8   Code   RO         1151    .text               c_p.l(bigflt0.o)
    0x08001710   0x08001710   0x00000580   Code   RO         1154    .text               c_p.l(btod.o)
    0x08001c90   0x08001c90   0x00000010   Code   RO         1163    .text               c_p.l(exit.o)
    0x08001ca0   0x08001ca0   0x00000008   Code   RO         1183    .text               c_p.l(libspace.o)
    0x08001ca8   0x08001ca8   0x00000088   Code   RO         1200    .text               c_p.l(strcmp.o)
    0x08001d30   0x08001d30   0x0000000c   Code   RO         1249    .text               c_p.l(sys_exit.o)
    0x08001d3c   0x08001d3c   0x00000002   Code   RO         1272    .text               c_p.l(use_no_semi.o)
    0x08001d3e   0x08001d3e   0x00000000   Code   RO         1274    .text               c_p.l(indicate_semi.o)
    0x08001d3e   0x08001d3e   0x00000002   PAD
    0x08001d40   0x08001d40   0x000000a8   Code   RO          102    .text.ColorCalc     drv_rgb.o
    0x08001de8   0x08001de8   0x0000016c   Code   RO           76    .text.ColorGradualDimming  drv_rgb.o
    0x08001f54   0x08001f54   0x00000060   Code   RO           78    .text.ColorLayingE133  drv_rgb.o
    0x08001fb4   0x08001fb4   0x00000018   Code   RO          232    .text.DMA1_Channel4_5_IRQHandler  stm32f0xx_it.o
    0x08001fcc   0x08001fcc   0x00000026   Code   RO          727    .text.DMA_SetConfig  stm32f0xx_hal_dma.o
    0x08001ff2   0x08001ff2   0x00000002   PAD
    0x08001ff4   0x08001ff4   0x0000002c   Code   RO           13    .text.Drv_LED_Proc  drv_led.o
    0x08002020   0x08002020   0x000000f4   Code   RO           41    .text.Drv_Panel_Proc  drv_panel.o
    0x08002114   0x08002114   0x00000020   Code   RO           98    .text.Drv_RGB_Init  drv_rgb.o
    0x08002134   0x08002134   0x000001f4   Code   RO          104    .text.Drv_RGB_Proc  drv_rgb.o
    0x08002328   0x08002328   0x00000054   Code   RO           27    .text.Drv_SERIAL_Log  drv_serial.o
    0x0800237c   0x0800237c   0x0000007c   Code   RO           25    .text.Drv_SERIAL_Proc  drv_serial.o
    0x080023f8   0x080023f8   0x0000000a   Code   RO          230    .text.EXTI4_15_IRQHandler  stm32f0xx_it.o
    0x08002402   0x08002402   0x00000008   Code   RO          207    .text.Error_Handler  main.o
    0x0800240a   0x0800240a   0x0000003c   Code   RO          731    .text.HAL_DMA_Abort  stm32f0xx_hal_dma.o
    0x08002446   0x08002446   0x00000044   Code   RO          733    .text.HAL_DMA_Abort_IT  stm32f0xx_hal_dma.o
    0x0800248a   0x0800248a   0x00000004   Code   RO          745    .text.HAL_DMA_GetError  stm32f0xx_hal_dma.o
    0x0800248e   0x0800248e   0x00000092   Code   RO          737    .text.HAL_DMA_IRQHandler  stm32f0xx_hal_dma.o
    0x08002520   0x08002520   0x00000078   Code   RO          721    .text.HAL_DMA_Init  stm32f0xx_hal_dma.o
    0x08002598   0x08002598   0x00000060   Code   RO          729    .text.HAL_DMA_Start_IT  stm32f0xx_hal_dma.o
    0x080025f8   0x080025f8   0x00000020   Code   RO          479    .text.HAL_Delay     stm32f0xx_hal.o
    0x08002618   0x08002618   0x0000004c   Code   RO          181    .text.HAL_GPIO_EXTI_Callback  drv_key.o
    0x08002664   0x08002664   0x00000018   Code   RO          709    .text.HAL_GPIO_EXTI_IRQHandler  stm32f0xx_hal_gpio.o
    0x0800267c   0x0800267c   0x00000194   Code   RO          697    .text.HAL_GPIO_Init  stm32f0xx_hal_gpio.o
    0x08002810   0x08002810   0x0000000a   Code   RO          701    .text.HAL_GPIO_ReadPin  stm32f0xx_hal_gpio.o
    0x0800281a   0x0800281a   0x00000010   Code   RO          705    .text.HAL_GPIO_TogglePin  stm32f0xx_hal_gpio.o
    0x0800282a   0x0800282a   0x0000000e   Code   RO          703    .text.HAL_GPIO_WritePin  stm32f0xx_hal_gpio.o
    0x08002838   0x08002838   0x00000008   Code   RO          471    .text.HAL_GetTick   stm32f0xx_hal.o
    0x08002840   0x08002840   0x00000014   Code   RO          469    .text.HAL_IncTick   stm32f0xx_hal.o
    0x08002854   0x08002854   0x0000001c   Code   RO          459    .text.HAL_Init      stm32f0xx_hal.o
    0x08002870   0x08002870   0x00000040   Code   RO          461    .text.HAL_InitTick  stm32f0xx_hal.o
    0x080028b0   0x080028b0   0x0000002c   Code   RO          243    .text.HAL_MspInit   stm32f0xx_hal_msp.o
    0x080028dc   0x080028dc   0x00000018   Code   RO          759    .text.HAL_NVIC_EnableIRQ  stm32f0xx_hal_cortex.o
    0x080028f4   0x080028f4   0x00000008   Code   RO          755    .text.HAL_NVIC_SetPriority  stm32f0xx_hal_cortex.o
    0x080028fc   0x080028fc   0x00000108   Code   RO          415    .text.HAL_RCC_ClockConfig  stm32f0xx_hal_rcc.o
    0x08002a04   0x08002a04   0x0000001c   Code   RO          427    .text.HAL_RCC_GetPCLK1Freq  stm32f0xx_hal_rcc.o
    0x08002a20   0x08002a20   0x00000064   Code   RO          417    .text.HAL_RCC_GetSysClockFreq  stm32f0xx_hal_rcc.o
    0x08002a84   0x08002a84   0x000003e8   Code   RO          413    .text.HAL_RCC_OscConfig  stm32f0xx_hal_rcc.o
    0x08002e6c   0x08002e6c   0x00000034   Code   RO          767    .text.HAL_SYSTICK_Config  stm32f0xx_hal_cortex.o
    0x08002ea0   0x08002ea0   0x00000002   Code   RO          347    .text.HAL_UARTEx_RxEventCallback  stm32f0xx_hal_uart.o
    0x08002ea2   0x08002ea2   0x0000009a   Code   RO          309    .text.HAL_UART_DMAStop  stm32f0xx_hal_uart.o
    0x08002f3c   0x08002f3c   0x00000002   Code   RO          345    .text.HAL_UART_ErrorCallback  stm32f0xx_hal_uart.o
    0x08002f3e   0x08002f3e   0x00000002   PAD
    0x08002f40   0x08002f40   0x000002d0   Code   RO          341    .text.HAL_UART_IRQHandler  stm32f0xx_hal_uart.o
    0x08003210   0x08003210   0x00000068   Code   RO          259    .text.HAL_UART_Init  stm32f0xx_hal_uart.o
    0x08003278   0x08003278   0x000000d0   Code   RO          245    .text.HAL_UART_MspInit  stm32f0xx_hal_msp.o
    0x08003348   0x08003348   0x0000006c   Code   RO          301    .text.HAL_UART_Receive_DMA  stm32f0xx_hal_uart.o
    0x080033b4   0x080033b4   0x00000002   Code   RO          353    .text.HAL_UART_RxCpltCallback  stm32f0xx_hal_uart.o
    0x080033b6   0x080033b6   0x00000002   Code   RO          355    .text.HAL_UART_RxHalfCpltCallback  stm32f0xx_hal_uart.o
    0x080033b8   0x080033b8   0x000000fc   Code   RO          277    .text.HAL_UART_Transmit  stm32f0xx_hal_uart.o
    0x080034b4   0x080034b4   0x00000002   Code   RO          349    .text.HAL_UART_TxCpltCallback  stm32f0xx_hal_uart.o
    0x080034b6   0x080034b6   0x00000002   Code   RO          222    .text.HardFault_Handler  stm32f0xx_it.o
    0x080034b8   0x080034b8   0x00000010   Code   RO          152    .text.IIC_SCL_0     softi2c.o
    0x080034c8   0x080034c8   0x00000010   Code   RO          150    .text.IIC_SCL_1     softi2c.o
    0x080034d8   0x080034d8   0x00000010   Code   RO          148    .text.IIC_SDA_0     softi2c.o
    0x080034e8   0x080034e8   0x00000010   Code   RO          146    .text.IIC_SDA_1     softi2c.o
    0x080034f8   0x080034f8   0x00000002   Code   RO          220    .text.NMI_Handler   stm32f0xx_it.o
    0x080034fa   0x080034fa   0x00000002   Code   RO          226    .text.PendSV_Handler  stm32f0xx_it.o
    0x080034fc   0x080034fc   0x00000090   Code   RO          193    .text.SC09A_ReadKeyValue  sc09a.o
    0x0800358c   0x0800358c   0x00000020   Code   RO          142    .text.SDA_IN        softi2c.o
    0x080035ac   0x080035ac   0x00000024   Code   RO          140    .text.SDA_OUT       softi2c.o
    0x080035d0   0x080035d0   0x00000014   Code   RO          144    .text.SDA_READ      softi2c.o
    0x080035e4   0x080035e4   0x00000002   Code   RO          224    .text.SVC_Handler   stm32f0xx_it.o
    0x080035e6   0x080035e6   0x00000002   PAD
    0x080035e8   0x080035e8   0x00000080   Code   RO          100    .text.ScenceLayering  drv_rgb.o
    0x08003668   0x08003668   0x000001ce   Code   RO          106    .text.Send_8bits1   drv_rgb.o
    0x08003836   0x08003836   0x00000002   PAD
    0x08003838   0x08003838   0x000001d2   Code   RO          108    .text.Send_8bits2   drv_rgb.o
    0x08003a0a   0x08003a0a   0x00000002   PAD
    0x08003a0c   0x08003a0c   0x000001d2   Code   RO          110    .text.Send_8bits3   drv_rgb.o
    0x08003bde   0x08003bde   0x00000002   PAD
    0x08003be0   0x08003be0   0x000001d2   Code   RO          112    .text.Send_8bits4   drv_rgb.o
    0x08003db2   0x08003db2   0x00000002   PAD
    0x08003db4   0x08003db4   0x000001ce   Code   RO          114    .text.Send_8bits5   drv_rgb.o
    0x08003f82   0x08003f82   0x00000002   PAD
    0x08003f84   0x08003f84   0x000001ce   Code   RO          116    .text.Send_8bits6   drv_rgb.o
    0x08004152   0x08004152   0x00000002   PAD
    0x08004154   0x08004154   0x000001ca   Code   RO          118    .text.Send_8bits7   drv_rgb.o
    0x0800431e   0x0800431e   0x00000002   PAD
    0x08004320   0x08004320   0x000001ce   Code   RO          120    .text.Send_8bits8   drv_rgb.o
    0x080044ee   0x080044ee   0x00000002   PAD
    0x080044f0   0x080044f0   0x000001ce   Code   RO          122    .text.Send_8bits9   drv_rgb.o
    0x080046be   0x080046be   0x00000026   Code   RO           58    .text.Send_e133_line1  drv_rgb.o
    0x080046e4   0x080046e4   0x00000026   Code   RO           80    .text.Send_e133_line1_laying  drv_rgb.o
    0x0800470a   0x0800470a   0x00000026   Code   RO           60    .text.Send_e133_line2  drv_rgb.o
    0x08004730   0x08004730   0x00000026   Code   RO           82    .text.Send_e133_line2_laying  drv_rgb.o
    0x08004756   0x08004756   0x00000026   Code   RO           62    .text.Send_e133_line3  drv_rgb.o
    0x0800477c   0x0800477c   0x00000026   Code   RO           84    .text.Send_e133_line3_laying  drv_rgb.o
    0x080047a2   0x080047a2   0x00000026   Code   RO           64    .text.Send_e133_line4  drv_rgb.o
    0x080047c8   0x080047c8   0x00000026   Code   RO           86    .text.Send_e133_line4_laying  drv_rgb.o
    0x080047ee   0x080047ee   0x00000026   Code   RO           66    .text.Send_e133_line5  drv_rgb.o
    0x08004814   0x08004814   0x00000026   Code   RO           88    .text.Send_e133_line5_laying  drv_rgb.o
    0x0800483a   0x0800483a   0x00000026   Code   RO           68    .text.Send_e133_line6  drv_rgb.o
    0x08004860   0x08004860   0x00000026   Code   RO           90    .text.Send_e133_line6_laying  drv_rgb.o
    0x08004886   0x08004886   0x00000026   Code   RO           70    .text.Send_e133_line7  drv_rgb.o
    0x080048ac   0x080048ac   0x00000026   Code   RO           92    .text.Send_e133_line7_laying  drv_rgb.o
    0x080048d2   0x080048d2   0x00000026   Code   RO           72    .text.Send_e133_line8  drv_rgb.o
    0x080048f8   0x080048f8   0x00000026   Code   RO           94    .text.Send_e133_line8_laying  drv_rgb.o
    0x0800491e   0x0800491e   0x00000026   Code   RO           74    .text.Send_e133_line9  drv_rgb.o
    0x08004944   0x08004944   0x00000026   Code   RO           96    .text.Send_e133_line9_laying  drv_rgb.o
    0x0800496a   0x0800496a   0x00000008   Code   RO          228    .text.SysTick_Handler  stm32f0xx_it.o
    0x08004972   0x08004972   0x00000064   Code   RO          205    .text.SystemClock_Config  main.o
    0x080049d6   0x080049d6   0x00000002   Code   RO          913    .text.SystemInit    system_stm32f0xx.o
    0x080049d8   0x080049d8   0x000000b8   Code   RO          265    .text.UART_AdvFeatureConfig  stm32f0xx_hal_uart.o
    0x08004a90   0x08004a90   0x00000068   Code   RO          267    .text.UART_CheckIdleState  stm32f0xx_hal_uart.o
    0x08004af8   0x08004af8   0x00000016   Code   RO          343    .text.UART_DMAAbortOnError  stm32f0xx_hal_uart.o
    0x08004b0e   0x08004b0e   0x00000050   Code   RO          299    .text.UART_DMAError  stm32f0xx_hal_uart.o
    0x08004b5e   0x08004b5e   0x0000008a   Code   RO          381    .text.UART_DMAReceiveCplt  stm32f0xx_hal_uart.o
    0x08004be8   0x08004be8   0x0000001c   Code   RO          383    .text.UART_DMARxHalfCplt  stm32f0xx_hal_uart.o
    0x08004c04   0x08004c04   0x00000058   Code   RO          313    .text.UART_EndRxTransfer  stm32f0xx_hal_uart.o
    0x08004c5c   0x08004c5c   0x00000020   Code   RO          311    .text.UART_EndTxTransfer  stm32f0xx_hal_uart.o
    0x08004c7c   0x08004c7c   0x0000011c   Code   RO          263    .text.UART_SetConfig  stm32f0xx_hal_uart.o
    0x08004d98   0x08004d98   0x0000009c   Code   RO          303    .text.UART_Start_Receive_DMA  stm32f0xx_hal_uart.o
    0x08004e34   0x08004e34   0x000000cc   Code   RO          279    .text.UART_WaitOnFlagUntilTimeout  stm32f0xx_hal_uart.o
    0x08004f00   0x08004f00   0x00000014   Code   RO          234    .text.USART2_IRQHandler  stm32f0xx_it.o
    0x08004f14   0x08004f14   0x00000040   Code   RO           23    .text.UsartReceive_IDLE  drv_serial.o
    0x08004f54   0x08004f54   0x00000040   Code   RO          757    .text.__NVIC_SetPriority  stm32f0xx_hal_cortex.o
    0x08004f94   0x08004f94   0x00000174   Code   RO          203    .text.main          main.o
    0x08005108   0x08005108   0x00000084   Code   RO           56    .text.switchONOFF   drv_rgb.o
    0x0800518c   0x0800518c   0x00000030   Code   RO         1156    i.__ARM_common_ll_muluu  c_p.l(btod.o)
    0x080051bc   0x080051bc   0x0000002c   Code   RO         1181    i.__ARM_fpclassify  m_ps.l(fpclassify.o)
    0x080051e8   0x080051e8   0x0000000e   Code   RO         1050    i._is_digit         c_p.l(__printf_wp.o)
    0x080051f6   0x080051f6   0x00000002   PAD
    0x080051f8   0x080051f8   0x0000002c   Code   RO         1161    locale$$code        c_p.l(lc_numeric_c.o)
    0x08005224   0x08005224   0x0000002c   Code   RO         1194    locale$$code        c_p.l(lc_ctype_c.o)
    0x08005250   0x08005250   0x0000008c   Code   RO          954    x$fpl$fadd          fz_ps.l(faddsub.o)
    0x080052dc   0x080052dc   0x000000d0   Code   RO          956    x$fpl$fsub          fz_ps.l(faddsub.o)
    0x080053ac   0x080053ac   0x00000010   Code   RO         1089    x$fpl$printf1       fz_ps.l(printf1.o)
    0x080053bc   0x080053bc   0x00000010   Code   RO         1091    x$fpl$printf2       fz_ps.l(printf2.o)
    0x080053cc   0x080053cc   0x00000000   Code   RO         1097    x$fpl$usenofp       fz_ps.l(usenofp.o)
    0x080053cc   0x080053cc   0x00000040   Data   RO          973    .constdata          fz_ps.l(fdiv.o)
    0x0800540c   0x0800540c   0x00000008   Data   RO         1009    .constdata          c_p.l(_printf_wctomb.o)
    0x08005414   0x08005414   0x00000028   Data   RO         1038    .constdata          c_p.l(_printf_hex_int_ll_ptr.o)
    0x0800543c   0x0800543c   0x00000011   Data   RO         1058    .constdata          c_p.l(__printf_flags_ss_wp.o)
    0x0800544d   0x0800544d   0x00000026   Data   RO         1124    .constdata          c_p.l(_printf_fp_hex.o)
    0x08005473   0x08005473   0x00000001   PAD
    0x08005474   0x08005474   0x00000094   Data   RO         1152    .constdata          c_p.l(bigflt0.o)
    0x08005508   0x08005508   0x00000010   Data   RO          918    .rodata.AHBPrescTable  system_stm32f0xx.o
    0x08005518   0x08005518   0x00000008   Data   RO          919    .rodata.APBPrescTable  system_stm32f0xx.o
    0x08005520   0x08005520   0x00000080   Data   RO          125    .rodata.GRB48       drv_rgb.o
    0x080055a0   0x080055a0   0x00000020   Data   RO         1327    Region$$Table       anon$$obj.o
    0x080055c0   0x080055c0   0x0000001c   Data   RO         1160    locale$$data        c_p.l(lc_numeric_c.o)
    0x080055dc   0x080055dc   0x00000110   Data   RO         1193    locale$$data        c_p.l(lc_ctype_c.o)


    Execution Region RW_IRAM1 (Exec base: 0x20000000, Load base: 0x080056f0, Size: 0x00000910, Max: 0x00002000, ABSOLUTE)

    Exec Addr    Load Addr    Size         Type   Attr      Idx    E Section Name        Object

    0x20000000   0x080056f0   0x00000068   Data   RW          126    .data..L_MergedGlobals  drv_rgb.o
    0x20000068   0x08005758   0x00000008   Data   RW          506    .data..L_MergedGlobals  stm32f0xx_hal.o
    0x20000070   0x08005760   0x00000004   Data   RW          917    .data.SystemCoreClock  system_stm32f0xx.o
    0x20000074   0x08005764   0x00000001   Data   RW           43    .data.key_cmd_flag  drv_panel.o
    0x20000075   0x08005765   0x00000003   PAD
    0x20000078        -       0x00000060   Zero   RW         1184    .bss                c_p.l(libspace.o)
    0x200000d8        -       0x00000078   Zero   RW          127    .bss..L_MergedGlobals.11  drv_rgb.o
    0x20000150        -       0x00000040   Zero   RW           32    .bss.Drv_SERIAL_Log.log  drv_serial.o
    0x20000190        -       0x00000014   Zero   RW          172    .bss.GPIO_InitStructure  softi2c.o
    0x200001a4        -       0x00000004   Zero   RW          183    .bss.HAL_GPIO_EXTI_Callback.lasttime  drv_key.o
    0x200001a8        -       0x00000044   Zero   RW           31    .bss.UsartType2     drv_serial.o
    0x200001ec        -       0x00000044   Zero   RW          210    .bss.hdma_usart2_rx  main.o
    0x20000230        -       0x00000044   Zero   RW          211    .bss.hdma_usart2_tx  main.o
    0x20000274        -       0x00000084   Zero   RW          209    .bss.huart2         main.o
    0x200002f8        -       0x00000006   Zero   RW          124    .bss.rgb_v          drv_rgb.o
    0x200002fe   0x08005765   0x00000002   PAD
    0x20000300        -       0x00000004   Zero   RW           15    .bss.tickstart      drv_led.o
    0x20000304        -       0x00000004   Zero   RW           44    .bss.tickstart      drv_panel.o
    0x20000308        -       0x00000004   Zero   RW          505    .bss.uwTick         stm32f0xx_hal.o
    0x2000030c   0x08005765   0x00000004   PAD
    0x20000310        -       0x00000200   Zero   RW            2    HEAP                startup_stm32f030x8.o
    0x20000510        -       0x00000400   Zero   RW            1    STACK               startup_stm32f030x8.o


==============================================================================

Image component sizes


      Code (inc. data)   RO Data    RW Data    ZI Data      Debug   Object Name

        76          8          0          0          4       1212   drv_key.o
        44          8          0          0          4       1240   drv_led.o
       244         76          0          1          4        841   drv_panel.o
      6270        204        128        104        126      17600   drv_rgb.o
       272         54          0          0        132       4437   drv_serial.o
       480         52          0          0        268       6170   main.o
       144          4          0          0          0        983   sc09a.o
       152          8          0          0         20       4255   softi2c.o
        56         26        180          0       1536        616   startup_stm32f030x8.o
       152          8          0          8          4       5285   stm32f0xx_hal.o
       148         24          0          0          0       5438   stm32f0xx_hal_cortex.o
       532         12          0          0          0       7127   stm32f0xx_hal_dma.o
       468         24          0          0          0       4774   stm32f0xx_hal_gpio.o
       252         24          0          0          0       5231   stm32f0xx_hal_msp.o
      1392         76          0          0          0       7266   stm32f0xx_hal_rcc.o
      2668         92          0          0          0      41521   stm32f0xx_hal_uart.o
        70          8          0          0          0       1135   stm32f0xx_it.o
         2          0         24          4          0       1721   system_stm32f0xx.o

    ----------------------------------------------------------------------
     13444        708        364        120       2104     116852   Object Totals
         0          0         32          0          0          0   (incl. Generated)
        22          0          0          3          6          0   (incl. Padding)

    ----------------------------------------------------------------------

      Code (inc. data)   RO Data    RW Data    ZI Data      Debug   Library Member Name

         8          0          0          0          0         68   __main.o
       392          6         17          0          0         76   __printf_flags_ss_wp.o
        14          0          0          0          0         60   __printf_wp.o
         0          0          0          0          0          0   __rtentry.o
        12          0          0          0          0          0   __rtentry2.o
         6          0          0          0          0          0   __rtentry4.o
        60          8          0          0          0          0   __scatter.o
        26          0          0          0          0          0   __scatter_copy.o
        28          0          0          0          0          0   __scatter_zi.o
        66          0          0          0          0         76   _c16rtomb.o
        10          0          0          0          0          0   _printf_a.o
        10          0          0          0          0          0   _printf_c.o
        46          0          0          0          0        100   _printf_char.o
        48          6          0          0          0         88   _printf_char_common.o
        38          0          0          0          0         60   _printf_charcount.o
        10          0          0          0          0          0   _printf_d.o
       108         18          0          0          0         76   _printf_dec.o
        10          0          0          0          0          0   _printf_e.o
        10          0          0          0          0          0   _printf_f.o
      1044         12          0          0          0        116   _printf_fp_dec.o
       728         10         38          0          0         84   _printf_fp_hex.o
       136         16          0          0          0         76   _printf_fp_infnan.o
        10          0          0          0          0          0   _printf_g.o
       152          4         40          0          0        148   _printf_hex_int_ll_ptr.o
        10          0          0          0          0          0   _printf_i.o
       176          0          0          0          0         84   _printf_intcommon.o
        10          0          0          0          0          0   _printf_l.o
        10          0          0          0          0          0   _printf_lc.o
        10          0          0          0          0          0   _printf_ll.o
        10          0          0          0          0          0   _printf_lld.o
        10          0          0          0          0          0   _printf_lli.o
        10          0          0          0          0          0   _printf_llo.o
        10          0          0          0          0          0   _printf_llu.o
        10          0          0          0          0          0   _printf_llx.o
       112         18          0          0          0         76   _printf_longlong_dec.o
        10          0          0          0          0          0   _printf_ls.o
        10          0          0          0          0          0   _printf_n.o
        10          0          0          0          0          0   _printf_o.o
       112         10          0          0          0        112   _printf_oct_int_ll.o
        10          0          0          0          0          0   _printf_p.o
        78          0          0          0          0        100   _printf_pad.o
         2          0          0          0          0          0   _printf_percent.o
         4          0          0          0          0          0   _printf_percent_end.o
        10          0          0          0          0          0   _printf_s.o
        82          0          0          0          0         72   _printf_str.o
        36          0          0          0          0         76   _printf_truncate.o
        10          0          0          0          0          0   _printf_u.o
        46          0          0          0          0        100   _printf_wchar.o
       188          6          8          0          0         80   _printf_wctomb.o
        10          0          0          0          0          0   _printf_x.o
        16          0          0          0          0         60   _snputc.o
        10          0          0          0          0         60   _sputc.o
       364          4          0          0          0         92   aeabi_sdiv.o
       216          6        148          0          0         80   bigflt0.o
      1456         30          0          0          0        336   btod.o
        16          0          0          0          0         68   exit.o
         6          0          0          0          0        136   heapauxi.o
         0          0          0          0          0          0   indicate_semi.o
        44         10        272          0          0         76   lc_ctype_c.o
        44         10         28          0          0         76   lc_numeric_c.o
         2          0          0          0          0          0   libinit.o
        30          0          0          0          0          0   libinit2.o
         2          0          0          0          0          0   libshutdown.o
         2          0          0          0          0          0   libshutdown2.o
         8          4          0          0         96         68   libspace.o
       122          0          0          0          0         72   lludiv10.o
        16          4          0          0          0         76   rt_ctype_table.o
         8          4          0          0          0         68   rt_locale_intlibspace.o
        64          0          0          0          0        108   rt_memclr.o
         2          0          0          0          0          0   rtexit.o
        10          0          0          0          0          0   rtexit2.o
        40          0          0          0          0         60   rtudiv10.o
       136          4          0          0          0         72   strcmp.o
        68          6          0          0          0         72   strlen.o
        12          4          0          0          0         60   sys_exit.o
        62          0          0          0          0         80   sys_stackheap_outer.o
         2          0          0          0          0         68   use_no_semi.o
        56          6          0          0          0         72   vsnprintf.o
        84          4          0          0          0         60   f2d.o
       348          8          0          0          0        160   faddsub.o
       352         10         64          0          0         92   fdiv.o
        76          0          0          0          0         68   ffixi.o
        94          0          0          0          0         92   fflti.o
        16          4          0          0          0         76   printf1.o
        16          4          0          0          0         76   printf2.o
         0          0          0          0          0          0   usenofp.o
        44          4          0          0          0         60   fpclassify.o

    ----------------------------------------------------------------------
      7828        240        616          0         96       4272   Library Totals
        16          0          1          0          0          0   (incl. Padding)

    ----------------------------------------------------------------------

      Code (inc. data)   RO Data    RW Data    ZI Data      Debug   Library Name

      6782        206        551          0         96       3588   c_p.l
       986         30         64          0          0        624   fz_ps.l
        44          4          0          0          0         60   m_ps.l

    ----------------------------------------------------------------------
      7828        240        616          0         96       4272   Library Totals

    ----------------------------------------------------------------------

==============================================================================


      Code (inc. data)   RO Data    RW Data    ZI Data      Debug   

     21272        948        980        120       2200     118768   Grand Totals
     21272        948        980        120       2200     118768   ELF Image Totals
     21272        948        980        120          0          0   ROM Totals

==============================================================================

    Total RO  Size (Code + RO Data)                22252 (  21.73kB)
    Total RW  Size (RW Data + ZI Data)              2320 (   2.27kB)
    Total ROM Size (Code + RO Data + RW Data)      22372 (  21.85kB)

==============================================================================

