<!doctype html public "-//w3c//dtd html 4.0 transitional//en">
<html><head>
<title>Static Call Graph - [TouchAtmosphereLamp_0606\TouchAtmosphereLamp_0606.axf]</title></head>
<body><HR>
<H1>Static Call Graph for image TouchAtmosphereLamp_0606\TouchAtmosphereLamp_0606.axf</H1><HR>
<BR><P>#&#060CALLGRAPH&#062# ARM Linker, 6140002: Last Updated: Thu Jun 16 07:54:01 2022
<BR><P>
<H3>Maximum Stack Usage =        368 bytes + Unknown(Functions without stacksize, Cycles, Untraceable Function Pointers)</H3><H3>
Call chain for Maximum Stack Depth:</H3>
_printf_fp_dec_real &rArr; _fp_digits &rArr; _btod_etento &rArr; _btod_emul &rArr; btod_internal_mul &rArr; __ARM_common_ll_muluu
<P>
<H3>
Functions with no stack information
</H3><UL>
 <LI><a href="#[8e]">__user_initial_stackheap</a>
</UL>
</UL>
<P>
<H3>
Mutually Recursive functions
</H3> <LI><a href="#[10]">ADC1_IRQHandler</a>&nbsp;&nbsp;&nbsp;&rArr;&nbsp;&nbsp;&nbsp;<a href="#[10]">ADC1_IRQHandler</a><BR>
 <LI><a href="#[2]">HardFault_Handler</a>&nbsp;&nbsp;&nbsp;&rArr;&nbsp;&nbsp;&nbsp;<a href="#[2]">HardFault_Handler</a><BR>
 <LI><a href="#[1]">NMI_Handler</a>&nbsp;&nbsp;&nbsp;&rArr;&nbsp;&nbsp;&nbsp;<a href="#[1]">NMI_Handler</a><BR>
</UL>
<P>
<H3>
Function Pointers
</H3><UL>
 <LI><a href="#[10]">ADC1_IRQHandler</a> from startup_stm32f030x8.o(.text) referenced from startup_stm32f030x8.o(RESET)
 <LI><a href="#[d]">DMA1_Channel1_IRQHandler</a> from startup_stm32f030x8.o(.text) referenced from startup_stm32f030x8.o(RESET)
 <LI><a href="#[e]">DMA1_Channel2_3_IRQHandler</a> from startup_stm32f030x8.o(.text) referenced from startup_stm32f030x8.o(RESET)
 <LI><a href="#[f]">DMA1_Channel4_5_IRQHandler</a> from stm32f0xx_it.o(.text.DMA1_Channel4_5_IRQHandler) referenced from startup_stm32f030x8.o(RESET)
 <LI><a href="#[a]">EXTI0_1_IRQHandler</a> from startup_stm32f030x8.o(.text) referenced from startup_stm32f030x8.o(RESET)
 <LI><a href="#[b]">EXTI2_3_IRQHandler</a> from startup_stm32f030x8.o(.text) referenced from startup_stm32f030x8.o(RESET)
 <LI><a href="#[c]">EXTI4_15_IRQHandler</a> from stm32f0xx_it.o(.text.EXTI4_15_IRQHandler) referenced from startup_stm32f030x8.o(RESET)
 <LI><a href="#[8]">FLASH_IRQHandler</a> from startup_stm32f030x8.o(.text) referenced from startup_stm32f030x8.o(RESET)
 <LI><a href="#[28]">HAL_GPIO_Init</a> from stm32f0xx_hal_gpio.o(.text.HAL_GPIO_Init) referenced from main.o(.text.main)
 <LI><a href="#[2]">HardFault_Handler</a> from stm32f0xx_it.o(.text.HardFault_Handler) referenced from startup_stm32f030x8.o(RESET)
 <LI><a href="#[19]">I2C1_IRQHandler</a> from startup_stm32f030x8.o(.text) referenced from startup_stm32f030x8.o(RESET)
 <LI><a href="#[1a]">I2C2_IRQHandler</a> from startup_stm32f030x8.o(.text) referenced from startup_stm32f030x8.o(RESET)
 <LI><a href="#[1]">NMI_Handler</a> from stm32f0xx_it.o(.text.NMI_Handler) referenced from startup_stm32f030x8.o(RESET)
 <LI><a href="#[4]">PendSV_Handler</a> from stm32f0xx_it.o(.text.PendSV_Handler) referenced from startup_stm32f030x8.o(RESET)
 <LI><a href="#[9]">RCC_IRQHandler</a> from startup_stm32f030x8.o(.text) referenced from startup_stm32f030x8.o(RESET)
 <LI><a href="#[7]">RTC_IRQHandler</a> from startup_stm32f030x8.o(.text) referenced from startup_stm32f030x8.o(RESET)
 <LI><a href="#[0]">Reset_Handler</a> from startup_stm32f030x8.o(.text) referenced from startup_stm32f030x8.o(RESET)
 <LI><a href="#[1b]">SPI1_IRQHandler</a> from startup_stm32f030x8.o(.text) referenced from startup_stm32f030x8.o(RESET)
 <LI><a href="#[1c]">SPI2_IRQHandler</a> from startup_stm32f030x8.o(.text) referenced from startup_stm32f030x8.o(RESET)
 <LI><a href="#[3]">SVC_Handler</a> from stm32f0xx_it.o(.text.SVC_Handler) referenced from startup_stm32f030x8.o(RESET)
 <LI><a href="#[5]">SysTick_Handler</a> from stm32f0xx_it.o(.text.SysTick_Handler) referenced from startup_stm32f030x8.o(RESET)
 <LI><a href="#[1f]">SystemInit</a> from system_stm32f0xx.o(.text.SystemInit) referenced from startup_stm32f030x8.o(.text)
 <LI><a href="#[15]">TIM14_IRQHandler</a> from startup_stm32f030x8.o(.text) referenced from startup_stm32f030x8.o(RESET)
 <LI><a href="#[16]">TIM15_IRQHandler</a> from startup_stm32f030x8.o(.text) referenced from startup_stm32f030x8.o(RESET)
 <LI><a href="#[17]">TIM16_IRQHandler</a> from startup_stm32f030x8.o(.text) referenced from startup_stm32f030x8.o(RESET)
 <LI><a href="#[18]">TIM17_IRQHandler</a> from startup_stm32f030x8.o(.text) referenced from startup_stm32f030x8.o(RESET)
 <LI><a href="#[11]">TIM1_BRK_UP_TRG_COM_IRQHandler</a> from startup_stm32f030x8.o(.text) referenced from startup_stm32f030x8.o(RESET)
 <LI><a href="#[12]">TIM1_CC_IRQHandler</a> from startup_stm32f030x8.o(.text) referenced from startup_stm32f030x8.o(RESET)
 <LI><a href="#[13]">TIM3_IRQHandler</a> from startup_stm32f030x8.o(.text) referenced from startup_stm32f030x8.o(RESET)
 <LI><a href="#[14]">TIM6_IRQHandler</a> from startup_stm32f030x8.o(.text) referenced from startup_stm32f030x8.o(RESET)
 <LI><a href="#[24]">UART_DMAAbortOnError</a> from stm32f0xx_hal_uart.o(.text.UART_DMAAbortOnError) referenced from stm32f0xx_hal_uart.o(.text.HAL_UART_IRQHandler)
 <LI><a href="#[25]">UART_DMAError</a> from stm32f0xx_hal_uart.o(.text.UART_DMAError) referenced from stm32f0xx_hal_uart.o(.text.UART_Start_Receive_DMA)
 <LI><a href="#[27]">UART_DMAReceiveCplt</a> from stm32f0xx_hal_uart.o(.text.UART_DMAReceiveCplt) referenced from stm32f0xx_hal_uart.o(.text.UART_Start_Receive_DMA)
 <LI><a href="#[26]">UART_DMARxHalfCplt</a> from stm32f0xx_hal_uart.o(.text.UART_DMARxHalfCplt) referenced from stm32f0xx_hal_uart.o(.text.UART_Start_Receive_DMA)
 <LI><a href="#[1d]">USART1_IRQHandler</a> from startup_stm32f030x8.o(.text) referenced from startup_stm32f030x8.o(RESET)
 <LI><a href="#[1e]">USART2_IRQHandler</a> from stm32f0xx_it.o(.text.USART2_IRQHandler) referenced from startup_stm32f030x8.o(RESET)
 <LI><a href="#[6]">WWDG_IRQHandler</a> from startup_stm32f030x8.o(.text) referenced from startup_stm32f030x8.o(RESET)
 <LI><a href="#[20]">__main</a> from __main.o(!!!main) referenced from startup_stm32f030x8.o(.text)
 <LI><a href="#[23]">_get_lc_ctype</a> from lc_ctype_c.o(locale$$code) referenced from rt_ctype_table.o(.text)
 <LI><a href="#[29]">_printf_fp_dec_real</a> from _printf_fp_dec.o(.text) referenced from printf1.o(x$fpl$printf1)
 <LI><a href="#[2a]">_printf_fp_hex_real</a> from _printf_fp_hex.o(.text) referenced from printf2.o(x$fpl$printf2)
 <LI><a href="#[22]">_printf_input_char</a> from _printf_char_common.o(.text) referenced from _printf_char_common.o(.text)
 <LI><a href="#[21]">_snputc</a> from _snputc.o(.text) referenced from vsnprintf.o(.text)
</UL>
<P>
<H3>
Global Symbols
</H3>
<P><STRONG><a name="[20]"></a>__main</STRONG> (Thumb, 8 bytes, Stack size 0 bytes, __main.o(!!!main))
<BR><BR>[Calls]<UL><LI><a href="#[2c]">&gt;&gt;</a>&nbsp;&nbsp;&nbsp;__rt_entry
<LI><a href="#[2b]">&gt;&gt;</a>&nbsp;&nbsp;&nbsp;__scatterload
</UL>
<BR>[Address Reference Count : 1]<UL><LI> startup_stm32f030x8.o(.text)
</UL>
<P><STRONG><a name="[2b]"></a>__scatterload</STRONG> (Thumb, 0 bytes, Stack size unknown bytes, __scatter.o(!!!scatter))
<BR><BR>[Called By]<UL><LI><a href="#[20]">&gt;&gt;</a>&nbsp;&nbsp;&nbsp;__main
</UL>

<P><STRONG><a name="[2d]"></a>__scatterload_rt2</STRONG> (Thumb, 52 bytes, Stack size unknown bytes, __scatter.o(!!!scatter), UNUSED)
<BR><BR>[Calls]<UL><LI><a href="#[2c]">&gt;&gt;</a>&nbsp;&nbsp;&nbsp;__rt_entry
</UL>

<P><STRONG><a name="[fa]"></a>__scatterload_rt2_thumb_only</STRONG> (Thumb, 0 bytes, Stack size unknown bytes, __scatter.o(!!!scatter), UNUSED)

<P><STRONG><a name="[fb]"></a>__scatterload_null</STRONG> (Thumb, 0 bytes, Stack size unknown bytes, __scatter.o(!!!scatter), UNUSED)

<P><STRONG><a name="[2e]"></a>__scatterload_copy</STRONG> (Thumb, 26 bytes, Stack size unknown bytes, __scatter_copy.o(!!handler_copy), UNUSED)
<BR><BR>[Calls]<UL><LI><a href="#[2e]">&gt;&gt;</a>&nbsp;&nbsp;&nbsp;__scatterload_copy
</UL>
<BR>[Called By]<UL><LI><a href="#[2e]">&gt;&gt;</a>&nbsp;&nbsp;&nbsp;__scatterload_copy
</UL>

<P><STRONG><a name="[fc]"></a>__scatterload_zeroinit</STRONG> (Thumb, 28 bytes, Stack size unknown bytes, __scatter_zi.o(!!handler_zi), UNUSED)

<P><STRONG><a name="[7e]"></a>_printf_percent</STRONG> (Thumb, 0 bytes, Stack size unknown bytes, _printf_percent.o(.ARM.Collect$$_printf_percent$$00000000))
<BR><BR>[Called By]<UL><LI><a href="#[77]">&gt;&gt;</a>&nbsp;&nbsp;&nbsp;__printf
</UL>

<P><STRONG><a name="[2f]"></a>_printf_n</STRONG> (Thumb, 0 bytes, Stack size unknown bytes, _printf_n.o(.ARM.Collect$$_printf_percent$$00000001))
<BR><BR>[Stack]<UL><LI>Max Depth = 96 + Unknown Stack Size
<LI>Call Chain = _printf_n &rArr; _printf_p &rArr; _printf_f &rArr; _printf_e &rArr; _printf_g &rArr; _printf_a &rArr; _printf_ll &rArr; _printf_i &rArr; _printf_d &rArr; _printf_u &rArr; _printf_o &rArr; _printf_x &rArr; _printf_int_hex &rArr; _printf_longlong_hex &rArr; _printf_int_common &rArr; _printf_post_padding
</UL>
<BR>[Calls]<UL><LI><a href="#[31]">&gt;&gt;</a>&nbsp;&nbsp;&nbsp;_printf_charcount
<LI><a href="#[30]">&gt;&gt;</a>&nbsp;&nbsp;&nbsp;_printf_p
</UL>

<P><STRONG><a name="[30]"></a>_printf_p</STRONG> (Thumb, 0 bytes, Stack size unknown bytes, _printf_p.o(.ARM.Collect$$_printf_percent$$00000002))
<BR><BR>[Stack]<UL><LI>Max Depth = 96 + Unknown Stack Size
<LI>Call Chain = _printf_p &rArr; _printf_f &rArr; _printf_e &rArr; _printf_g &rArr; _printf_a &rArr; _printf_ll &rArr; _printf_i &rArr; _printf_d &rArr; _printf_u &rArr; _printf_o &rArr; _printf_x &rArr; _printf_int_hex &rArr; _printf_longlong_hex &rArr; _printf_int_common &rArr; _printf_post_padding
</UL>
<BR>[Calls]<UL><LI><a href="#[32]">&gt;&gt;</a>&nbsp;&nbsp;&nbsp;_printf_f
<LI><a href="#[33]">&gt;&gt;</a>&nbsp;&nbsp;&nbsp;_printf_hex_ptr
</UL>
<BR>[Called By]<UL><LI><a href="#[2f]">&gt;&gt;</a>&nbsp;&nbsp;&nbsp;_printf_n
</UL>

<P><STRONG><a name="[32]"></a>_printf_f</STRONG> (Thumb, 0 bytes, Stack size unknown bytes, _printf_f.o(.ARM.Collect$$_printf_percent$$00000003))
<BR><BR>[Stack]<UL><LI>Max Depth = 96 + Unknown Stack Size
<LI>Call Chain = _printf_f &rArr; _printf_e &rArr; _printf_g &rArr; _printf_a &rArr; _printf_ll &rArr; _printf_i &rArr; _printf_d &rArr; _printf_u &rArr; _printf_o &rArr; _printf_x &rArr; _printf_int_hex &rArr; _printf_longlong_hex &rArr; _printf_int_common &rArr; _printf_post_padding
</UL>
<BR>[Calls]<UL><LI><a href="#[35]">&gt;&gt;</a>&nbsp;&nbsp;&nbsp;_printf_fp_dec
<LI><a href="#[34]">&gt;&gt;</a>&nbsp;&nbsp;&nbsp;_printf_e
</UL>
<BR>[Called By]<UL><LI><a href="#[30]">&gt;&gt;</a>&nbsp;&nbsp;&nbsp;_printf_p
</UL>

<P><STRONG><a name="[34]"></a>_printf_e</STRONG> (Thumb, 0 bytes, Stack size unknown bytes, _printf_e.o(.ARM.Collect$$_printf_percent$$00000004))
<BR><BR>[Stack]<UL><LI>Max Depth = 96 + Unknown Stack Size
<LI>Call Chain = _printf_e &rArr; _printf_g &rArr; _printf_a &rArr; _printf_ll &rArr; _printf_i &rArr; _printf_d &rArr; _printf_u &rArr; _printf_o &rArr; _printf_x &rArr; _printf_int_hex &rArr; _printf_longlong_hex &rArr; _printf_int_common &rArr; _printf_post_padding
</UL>
<BR>[Calls]<UL><LI><a href="#[35]">&gt;&gt;</a>&nbsp;&nbsp;&nbsp;_printf_fp_dec
<LI><a href="#[36]">&gt;&gt;</a>&nbsp;&nbsp;&nbsp;_printf_g
</UL>
<BR>[Called By]<UL><LI><a href="#[32]">&gt;&gt;</a>&nbsp;&nbsp;&nbsp;_printf_f
</UL>

<P><STRONG><a name="[36]"></a>_printf_g</STRONG> (Thumb, 0 bytes, Stack size unknown bytes, _printf_g.o(.ARM.Collect$$_printf_percent$$00000005))
<BR><BR>[Stack]<UL><LI>Max Depth = 96 + Unknown Stack Size
<LI>Call Chain = _printf_g &rArr; _printf_a &rArr; _printf_ll &rArr; _printf_i &rArr; _printf_d &rArr; _printf_u &rArr; _printf_o &rArr; _printf_x &rArr; _printf_int_hex &rArr; _printf_longlong_hex &rArr; _printf_int_common &rArr; _printf_post_padding
</UL>
<BR>[Calls]<UL><LI><a href="#[35]">&gt;&gt;</a>&nbsp;&nbsp;&nbsp;_printf_fp_dec
<LI><a href="#[37]">&gt;&gt;</a>&nbsp;&nbsp;&nbsp;_printf_a
</UL>
<BR>[Called By]<UL><LI><a href="#[34]">&gt;&gt;</a>&nbsp;&nbsp;&nbsp;_printf_e
</UL>

<P><STRONG><a name="[37]"></a>_printf_a</STRONG> (Thumb, 0 bytes, Stack size unknown bytes, _printf_a.o(.ARM.Collect$$_printf_percent$$00000006))
<BR><BR>[Stack]<UL><LI>Max Depth = 96 + Unknown Stack Size
<LI>Call Chain = _printf_a &rArr; _printf_ll &rArr; _printf_i &rArr; _printf_d &rArr; _printf_u &rArr; _printf_o &rArr; _printf_x &rArr; _printf_int_hex &rArr; _printf_longlong_hex &rArr; _printf_int_common &rArr; _printf_post_padding
</UL>
<BR>[Calls]<UL><LI><a href="#[39]">&gt;&gt;</a>&nbsp;&nbsp;&nbsp;_printf_fp_hex
<LI><a href="#[38]">&gt;&gt;</a>&nbsp;&nbsp;&nbsp;_printf_ll
</UL>
<BR>[Called By]<UL><LI><a href="#[36]">&gt;&gt;</a>&nbsp;&nbsp;&nbsp;_printf_g
</UL>

<P><STRONG><a name="[38]"></a>_printf_ll</STRONG> (Thumb, 0 bytes, Stack size unknown bytes, _printf_ll.o(.ARM.Collect$$_printf_percent$$00000007))
<BR><BR>[Stack]<UL><LI>Max Depth = 96 + Unknown Stack Size
<LI>Call Chain = _printf_ll &rArr; _printf_i &rArr; _printf_d &rArr; _printf_u &rArr; _printf_o &rArr; _printf_x &rArr; _printf_int_hex &rArr; _printf_longlong_hex &rArr; _printf_int_common &rArr; _printf_post_padding
</UL>
<BR>[Calls]<UL><LI><a href="#[3a]">&gt;&gt;</a>&nbsp;&nbsp;&nbsp;_printf_i
</UL>
<BR>[Called By]<UL><LI><a href="#[37]">&gt;&gt;</a>&nbsp;&nbsp;&nbsp;_printf_a
</UL>

<P><STRONG><a name="[3a]"></a>_printf_i</STRONG> (Thumb, 0 bytes, Stack size unknown bytes, _printf_i.o(.ARM.Collect$$_printf_percent$$00000008))
<BR><BR>[Stack]<UL><LI>Max Depth = 96 + Unknown Stack Size
<LI>Call Chain = _printf_i &rArr; _printf_d &rArr; _printf_u &rArr; _printf_o &rArr; _printf_x &rArr; _printf_int_hex &rArr; _printf_longlong_hex &rArr; _printf_int_common &rArr; _printf_post_padding
</UL>
<BR>[Calls]<UL><LI><a href="#[3c]">&gt;&gt;</a>&nbsp;&nbsp;&nbsp;_printf_int_dec
<LI><a href="#[3b]">&gt;&gt;</a>&nbsp;&nbsp;&nbsp;_printf_d
</UL>
<BR>[Called By]<UL><LI><a href="#[38]">&gt;&gt;</a>&nbsp;&nbsp;&nbsp;_printf_ll
</UL>

<P><STRONG><a name="[3b]"></a>_printf_d</STRONG> (Thumb, 0 bytes, Stack size unknown bytes, _printf_d.o(.ARM.Collect$$_printf_percent$$00000009))
<BR><BR>[Stack]<UL><LI>Max Depth = 96 + Unknown Stack Size
<LI>Call Chain = _printf_d &rArr; _printf_u &rArr; _printf_o &rArr; _printf_x &rArr; _printf_int_hex &rArr; _printf_longlong_hex &rArr; _printf_int_common &rArr; _printf_post_padding
</UL>
<BR>[Calls]<UL><LI><a href="#[3c]">&gt;&gt;</a>&nbsp;&nbsp;&nbsp;_printf_int_dec
<LI><a href="#[3d]">&gt;&gt;</a>&nbsp;&nbsp;&nbsp;_printf_u
</UL>
<BR>[Called By]<UL><LI><a href="#[3a]">&gt;&gt;</a>&nbsp;&nbsp;&nbsp;_printf_i
</UL>

<P><STRONG><a name="[3d]"></a>_printf_u</STRONG> (Thumb, 0 bytes, Stack size unknown bytes, _printf_u.o(.ARM.Collect$$_printf_percent$$0000000A))
<BR><BR>[Stack]<UL><LI>Max Depth = 96 + Unknown Stack Size
<LI>Call Chain = _printf_u &rArr; _printf_o &rArr; _printf_x &rArr; _printf_int_hex &rArr; _printf_longlong_hex &rArr; _printf_int_common &rArr; _printf_post_padding
</UL>
<BR>[Calls]<UL><LI><a href="#[3c]">&gt;&gt;</a>&nbsp;&nbsp;&nbsp;_printf_int_dec
<LI><a href="#[3e]">&gt;&gt;</a>&nbsp;&nbsp;&nbsp;_printf_o
</UL>
<BR>[Called By]<UL><LI><a href="#[3b]">&gt;&gt;</a>&nbsp;&nbsp;&nbsp;_printf_d
</UL>

<P><STRONG><a name="[3e]"></a>_printf_o</STRONG> (Thumb, 0 bytes, Stack size unknown bytes, _printf_o.o(.ARM.Collect$$_printf_percent$$0000000B))
<BR><BR>[Stack]<UL><LI>Max Depth = 96 + Unknown Stack Size
<LI>Call Chain = _printf_o &rArr; _printf_x &rArr; _printf_int_hex &rArr; _printf_longlong_hex &rArr; _printf_int_common &rArr; _printf_post_padding
</UL>
<BR>[Calls]<UL><LI><a href="#[40]">&gt;&gt;</a>&nbsp;&nbsp;&nbsp;_printf_int_oct
<LI><a href="#[3f]">&gt;&gt;</a>&nbsp;&nbsp;&nbsp;_printf_x
</UL>
<BR>[Called By]<UL><LI><a href="#[3d]">&gt;&gt;</a>&nbsp;&nbsp;&nbsp;_printf_u
</UL>

<P><STRONG><a name="[3f]"></a>_printf_x</STRONG> (Thumb, 0 bytes, Stack size unknown bytes, _printf_x.o(.ARM.Collect$$_printf_percent$$0000000C))
<BR><BR>[Stack]<UL><LI>Max Depth = 96 + Unknown Stack Size
<LI>Call Chain = _printf_x &rArr; _printf_int_hex &rArr; _printf_longlong_hex &rArr; _printf_int_common &rArr; _printf_post_padding
</UL>
<BR>[Calls]<UL><LI><a href="#[41]">&gt;&gt;</a>&nbsp;&nbsp;&nbsp;_printf_lli
<LI><a href="#[42]">&gt;&gt;</a>&nbsp;&nbsp;&nbsp;_printf_int_hex
</UL>
<BR>[Called By]<UL><LI><a href="#[3e]">&gt;&gt;</a>&nbsp;&nbsp;&nbsp;_printf_o
</UL>

<P><STRONG><a name="[41]"></a>_printf_lli</STRONG> (Thumb, 0 bytes, Stack size unknown bytes, _printf_lli.o(.ARM.Collect$$_printf_percent$$0000000D))
<BR><BR>[Stack]<UL><LI>Max Depth = 88 + Unknown Stack Size
<LI>Call Chain = _printf_lli &rArr; _printf_longlong_dec &rArr; _printf_int_common &rArr; _printf_post_padding
</UL>
<BR>[Calls]<UL><LI><a href="#[44]">&gt;&gt;</a>&nbsp;&nbsp;&nbsp;_printf_longlong_dec
<LI><a href="#[43]">&gt;&gt;</a>&nbsp;&nbsp;&nbsp;_printf_lld
</UL>
<BR>[Called By]<UL><LI><a href="#[3f]">&gt;&gt;</a>&nbsp;&nbsp;&nbsp;_printf_x
</UL>

<P><STRONG><a name="[43]"></a>_printf_lld</STRONG> (Thumb, 0 bytes, Stack size unknown bytes, _printf_lld.o(.ARM.Collect$$_printf_percent$$0000000E))
<BR><BR>[Stack]<UL><LI>Max Depth = 88 + Unknown Stack Size
<LI>Call Chain = _printf_lld &rArr; _printf_longlong_dec &rArr; _printf_int_common &rArr; _printf_post_padding
</UL>
<BR>[Calls]<UL><LI><a href="#[44]">&gt;&gt;</a>&nbsp;&nbsp;&nbsp;_printf_longlong_dec
<LI><a href="#[45]">&gt;&gt;</a>&nbsp;&nbsp;&nbsp;_printf_llu
</UL>
<BR>[Called By]<UL><LI><a href="#[41]">&gt;&gt;</a>&nbsp;&nbsp;&nbsp;_printf_lli
</UL>

<P><STRONG><a name="[45]"></a>_printf_llu</STRONG> (Thumb, 0 bytes, Stack size unknown bytes, _printf_llu.o(.ARM.Collect$$_printf_percent$$0000000F))
<BR><BR>[Stack]<UL><LI>Max Depth = 88 + Unknown Stack Size
<LI>Call Chain = _printf_llu &rArr; _printf_longlong_dec &rArr; _printf_int_common &rArr; _printf_post_padding
</UL>
<BR>[Calls]<UL><LI><a href="#[44]">&gt;&gt;</a>&nbsp;&nbsp;&nbsp;_printf_longlong_dec
<LI><a href="#[46]">&gt;&gt;</a>&nbsp;&nbsp;&nbsp;_printf_llo
</UL>
<BR>[Called By]<UL><LI><a href="#[43]">&gt;&gt;</a>&nbsp;&nbsp;&nbsp;_printf_lld
</UL>

<P><STRONG><a name="[46]"></a>_printf_llo</STRONG> (Thumb, 0 bytes, Stack size unknown bytes, _printf_llo.o(.ARM.Collect$$_printf_percent$$00000010))
<BR><BR>[Stack]<UL><LI>Max Depth = 88 + Unknown Stack Size
<LI>Call Chain = _printf_llo &rArr; _printf_llx &rArr; _printf_l &rArr; _printf_c &rArr; _printf_s &rArr; _printf_lc &rArr; _printf_wchar &rArr; _printf_lcs_common &rArr; _printf_wctomb &rArr; _wcrtomb
</UL>
<BR>[Calls]<UL><LI><a href="#[48]">&gt;&gt;</a>&nbsp;&nbsp;&nbsp;_printf_ll_oct
<LI><a href="#[47]">&gt;&gt;</a>&nbsp;&nbsp;&nbsp;_printf_llx
</UL>
<BR>[Called By]<UL><LI><a href="#[45]">&gt;&gt;</a>&nbsp;&nbsp;&nbsp;_printf_llu
</UL>

<P><STRONG><a name="[47]"></a>_printf_llx</STRONG> (Thumb, 0 bytes, Stack size unknown bytes, _printf_llx.o(.ARM.Collect$$_printf_percent$$00000011))
<BR><BR>[Stack]<UL><LI>Max Depth = 88 + Unknown Stack Size
<LI>Call Chain = _printf_llx &rArr; _printf_l &rArr; _printf_c &rArr; _printf_s &rArr; _printf_lc &rArr; _printf_wchar &rArr; _printf_lcs_common &rArr; _printf_wctomb &rArr; _wcrtomb
</UL>
<BR>[Calls]<UL><LI><a href="#[49]">&gt;&gt;</a>&nbsp;&nbsp;&nbsp;_printf_l
<LI><a href="#[4a]">&gt;&gt;</a>&nbsp;&nbsp;&nbsp;_printf_ll_hex
</UL>
<BR>[Called By]<UL><LI><a href="#[46]">&gt;&gt;</a>&nbsp;&nbsp;&nbsp;_printf_llo
</UL>

<P><STRONG><a name="[49]"></a>_printf_l</STRONG> (Thumb, 0 bytes, Stack size unknown bytes, _printf_l.o(.ARM.Collect$$_printf_percent$$00000012))
<BR><BR>[Stack]<UL><LI>Max Depth = 88 + Unknown Stack Size
<LI>Call Chain = _printf_l &rArr; _printf_c &rArr; _printf_s &rArr; _printf_lc &rArr; _printf_wchar &rArr; _printf_lcs_common &rArr; _printf_wctomb &rArr; _wcrtomb
</UL>
<BR>[Calls]<UL><LI><a href="#[4b]">&gt;&gt;</a>&nbsp;&nbsp;&nbsp;_printf_c
</UL>
<BR>[Called By]<UL><LI><a href="#[47]">&gt;&gt;</a>&nbsp;&nbsp;&nbsp;_printf_llx
</UL>

<P><STRONG><a name="[4b]"></a>_printf_c</STRONG> (Thumb, 0 bytes, Stack size unknown bytes, _printf_c.o(.ARM.Collect$$_printf_percent$$00000013))
<BR><BR>[Stack]<UL><LI>Max Depth = 88 + Unknown Stack Size
<LI>Call Chain = _printf_c &rArr; _printf_s &rArr; _printf_lc &rArr; _printf_wchar &rArr; _printf_lcs_common &rArr; _printf_wctomb &rArr; _wcrtomb
</UL>
<BR>[Calls]<UL><LI><a href="#[4d]">&gt;&gt;</a>&nbsp;&nbsp;&nbsp;_printf_char
<LI><a href="#[4c]">&gt;&gt;</a>&nbsp;&nbsp;&nbsp;_printf_s
</UL>
<BR>[Called By]<UL><LI><a href="#[49]">&gt;&gt;</a>&nbsp;&nbsp;&nbsp;_printf_l
</UL>

<P><STRONG><a name="[4c]"></a>_printf_s</STRONG> (Thumb, 0 bytes, Stack size unknown bytes, _printf_s.o(.ARM.Collect$$_printf_percent$$00000014))
<BR><BR>[Stack]<UL><LI>Max Depth = 88 + Unknown Stack Size
<LI>Call Chain = _printf_s &rArr; _printf_lc &rArr; _printf_wchar &rArr; _printf_lcs_common &rArr; _printf_wctomb &rArr; _wcrtomb
</UL>
<BR>[Calls]<UL><LI><a href="#[4f]">&gt;&gt;</a>&nbsp;&nbsp;&nbsp;_printf_string
<LI><a href="#[4e]">&gt;&gt;</a>&nbsp;&nbsp;&nbsp;_printf_lc
</UL>
<BR>[Called By]<UL><LI><a href="#[4b]">&gt;&gt;</a>&nbsp;&nbsp;&nbsp;_printf_c
</UL>

<P><STRONG><a name="[4e]"></a>_printf_lc</STRONG> (Thumb, 0 bytes, Stack size unknown bytes, _printf_lc.o(.ARM.Collect$$_printf_percent$$00000015))
<BR><BR>[Stack]<UL><LI>Max Depth = 88 + Unknown Stack Size
<LI>Call Chain = _printf_lc &rArr; _printf_wchar &rArr; _printf_lcs_common &rArr; _printf_wctomb &rArr; _wcrtomb
</UL>
<BR>[Calls]<UL><LI><a href="#[51]">&gt;&gt;</a>&nbsp;&nbsp;&nbsp;_printf_wchar
<LI><a href="#[50]">&gt;&gt;</a>&nbsp;&nbsp;&nbsp;_printf_ls
</UL>
<BR>[Called By]<UL><LI><a href="#[4c]">&gt;&gt;</a>&nbsp;&nbsp;&nbsp;_printf_s
</UL>

<P><STRONG><a name="[50]"></a>_printf_ls</STRONG> (Thumb, 0 bytes, Stack size unknown bytes, _printf_ls.o(.ARM.Collect$$_printf_percent$$00000016))
<BR><BR>[Stack]<UL><LI>Max Depth = 88 + Unknown Stack Size
<LI>Call Chain = _printf_ls &rArr; _printf_wstring &rArr; _printf_lcs_common &rArr; _printf_wctomb &rArr; _wcrtomb
</UL>
<BR>[Calls]<UL><LI><a href="#[52]">&gt;&gt;</a>&nbsp;&nbsp;&nbsp;_printf_percent_end
<LI><a href="#[53]">&gt;&gt;</a>&nbsp;&nbsp;&nbsp;_printf_wstring
</UL>
<BR>[Called By]<UL><LI><a href="#[4e]">&gt;&gt;</a>&nbsp;&nbsp;&nbsp;_printf_lc
</UL>

<P><STRONG><a name="[52]"></a>_printf_percent_end</STRONG> (Thumb, 0 bytes, Stack size unknown bytes, _printf_percent_end.o(.ARM.Collect$$_printf_percent$$00000017))
<BR><BR>[Called By]<UL><LI><a href="#[50]">&gt;&gt;</a>&nbsp;&nbsp;&nbsp;_printf_ls
</UL>

<P><STRONG><a name="[5c]"></a>__rt_lib_init</STRONG> (Thumb, 0 bytes, Stack size unknown bytes, libinit.o(.ARM.Collect$$libinit$$00000000))
<BR><BR>[Called By]<UL><LI><a href="#[5b]">&gt;&gt;</a>&nbsp;&nbsp;&nbsp;__rt_entry_li
</UL>

<P><STRONG><a name="[fd]"></a>__rt_lib_init_fp_1</STRONG> (Thumb, 0 bytes, Stack size unknown bytes, libinit2.o(.ARM.Collect$$libinit$$00000002))

<P><STRONG><a name="[fe]"></a>__rt_lib_init_heap_1</STRONG> (Thumb, 0 bytes, Stack size unknown bytes, libinit2.o(.ARM.Collect$$libinit$$0000000A))

<P><STRONG><a name="[54]"></a>__rt_lib_init_lc_common</STRONG> (Thumb, 0 bytes, Stack size unknown bytes, libinit2.o(.ARM.Collect$$libinit$$0000000F))
<BR><BR>[Calls]<UL><LI><a href="#[55]">&gt;&gt;</a>&nbsp;&nbsp;&nbsp;__rt_locale
</UL>

<P><STRONG><a name="[ff]"></a>__rt_lib_init_preinit_1</STRONG> (Thumb, 0 bytes, Stack size unknown bytes, libinit2.o(.ARM.Collect$$libinit$$00000004))

<P><STRONG><a name="[100]"></a>__rt_lib_init_rand_1</STRONG> (Thumb, 0 bytes, Stack size unknown bytes, libinit2.o(.ARM.Collect$$libinit$$0000000E))

<P><STRONG><a name="[101]"></a>__rt_lib_init_user_alloc_1</STRONG> (Thumb, 0 bytes, Stack size unknown bytes, libinit2.o(.ARM.Collect$$libinit$$0000000C))

<P><STRONG><a name="[102]"></a>__rt_lib_init_lc_collate_1</STRONG> (Thumb, 0 bytes, Stack size unknown bytes, libinit2.o(.ARM.Collect$$libinit$$00000011))

<P><STRONG><a name="[56]"></a>__rt_lib_init_lc_ctype_2</STRONG> (Thumb, 0 bytes, Stack size unknown bytes, libinit2.o(.ARM.Collect$$libinit$$00000012))
<BR><BR>[Stack]<UL><LI>Max Depth = 24 + Unknown Stack Size
<LI>Call Chain = __rt_lib_init_lc_ctype_2 &rArr; _get_lc_ctype &rArr; strcmp
</UL>
<BR>[Calls]<UL><LI><a href="#[23]">&gt;&gt;</a>&nbsp;&nbsp;&nbsp;_get_lc_ctype
</UL>

<P><STRONG><a name="[103]"></a>__rt_lib_init_lc_ctype_1</STRONG> (Thumb, 0 bytes, Stack size unknown bytes, libinit2.o(.ARM.Collect$$libinit$$00000013))

<P><STRONG><a name="[104]"></a>__rt_lib_init_lc_monetary_1</STRONG> (Thumb, 0 bytes, Stack size unknown bytes, libinit2.o(.ARM.Collect$$libinit$$00000015))

<P><STRONG><a name="[57]"></a>__rt_lib_init_lc_numeric_2</STRONG> (Thumb, 0 bytes, Stack size unknown bytes, libinit2.o(.ARM.Collect$$libinit$$00000016))
<BR><BR>[Stack]<UL><LI>Max Depth = 24 + Unknown Stack Size
<LI>Call Chain = __rt_lib_init_lc_numeric_2 &rArr; _get_lc_numeric &rArr; strcmp
</UL>
<BR>[Calls]<UL><LI><a href="#[58]">&gt;&gt;</a>&nbsp;&nbsp;&nbsp;_get_lc_numeric
</UL>

<P><STRONG><a name="[105]"></a>__rt_lib_init_alloca_1</STRONG> (Thumb, 0 bytes, Stack size unknown bytes, libinit2.o(.ARM.Collect$$libinit$$0000002E))

<P><STRONG><a name="[106]"></a>__rt_lib_init_argv_1</STRONG> (Thumb, 0 bytes, Stack size unknown bytes, libinit2.o(.ARM.Collect$$libinit$$0000002C))

<P><STRONG><a name="[107]"></a>__rt_lib_init_atexit_1</STRONG> (Thumb, 0 bytes, Stack size unknown bytes, libinit2.o(.ARM.Collect$$libinit$$0000001B))

<P><STRONG><a name="[108]"></a>__rt_lib_init_clock_1</STRONG> (Thumb, 0 bytes, Stack size unknown bytes, libinit2.o(.ARM.Collect$$libinit$$00000021))

<P><STRONG><a name="[109]"></a>__rt_lib_init_cpp_1</STRONG> (Thumb, 0 bytes, Stack size unknown bytes, libinit2.o(.ARM.Collect$$libinit$$00000032))

<P><STRONG><a name="[10a]"></a>__rt_lib_init_exceptions_1</STRONG> (Thumb, 0 bytes, Stack size unknown bytes, libinit2.o(.ARM.Collect$$libinit$$00000030))

<P><STRONG><a name="[10b]"></a>__rt_lib_init_fp_trap_1</STRONG> (Thumb, 0 bytes, Stack size unknown bytes, libinit2.o(.ARM.Collect$$libinit$$0000001F))

<P><STRONG><a name="[10c]"></a>__rt_lib_init_getenv_1</STRONG> (Thumb, 0 bytes, Stack size unknown bytes, libinit2.o(.ARM.Collect$$libinit$$00000023))

<P><STRONG><a name="[10d]"></a>__rt_lib_init_lc_numeric_1</STRONG> (Thumb, 0 bytes, Stack size unknown bytes, libinit2.o(.ARM.Collect$$libinit$$00000017))

<P><STRONG><a name="[10e]"></a>__rt_lib_init_lc_time_1</STRONG> (Thumb, 0 bytes, Stack size unknown bytes, libinit2.o(.ARM.Collect$$libinit$$00000019))

<P><STRONG><a name="[10f]"></a>__rt_lib_init_return</STRONG> (Thumb, 0 bytes, Stack size unknown bytes, libinit2.o(.ARM.Collect$$libinit$$00000033))

<P><STRONG><a name="[110]"></a>__rt_lib_init_signal_1</STRONG> (Thumb, 0 bytes, Stack size unknown bytes, libinit2.o(.ARM.Collect$$libinit$$0000001D))

<P><STRONG><a name="[111]"></a>__rt_lib_init_stdio_1</STRONG> (Thumb, 0 bytes, Stack size unknown bytes, libinit2.o(.ARM.Collect$$libinit$$00000025))

<P><STRONG><a name="[61]"></a>__rt_lib_shutdown</STRONG> (Thumb, 0 bytes, Stack size unknown bytes, libshutdown.o(.ARM.Collect$$libshutdown$$00000000))
<BR><BR>[Called By]<UL><LI><a href="#[60]">&gt;&gt;</a>&nbsp;&nbsp;&nbsp;__rt_exit_ls
</UL>

<P><STRONG><a name="[112]"></a>__rt_lib_shutdown_cpp_1</STRONG> (Thumb, 0 bytes, Stack size unknown bytes, libshutdown2.o(.ARM.Collect$$libshutdown$$00000002))

<P><STRONG><a name="[113]"></a>__rt_lib_shutdown_fp_trap_1</STRONG> (Thumb, 0 bytes, Stack size unknown bytes, libshutdown2.o(.ARM.Collect$$libshutdown$$00000007))

<P><STRONG><a name="[114]"></a>__rt_lib_shutdown_heap_1</STRONG> (Thumb, 0 bytes, Stack size unknown bytes, libshutdown2.o(.ARM.Collect$$libshutdown$$0000000F))

<P><STRONG><a name="[115]"></a>__rt_lib_shutdown_return</STRONG> (Thumb, 0 bytes, Stack size unknown bytes, libshutdown2.o(.ARM.Collect$$libshutdown$$00000010))

<P><STRONG><a name="[116]"></a>__rt_lib_shutdown_signal_1</STRONG> (Thumb, 0 bytes, Stack size unknown bytes, libshutdown2.o(.ARM.Collect$$libshutdown$$0000000A))

<P><STRONG><a name="[117]"></a>__rt_lib_shutdown_stdio_1</STRONG> (Thumb, 0 bytes, Stack size unknown bytes, libshutdown2.o(.ARM.Collect$$libshutdown$$00000004))

<P><STRONG><a name="[118]"></a>__rt_lib_shutdown_user_alloc_1</STRONG> (Thumb, 0 bytes, Stack size unknown bytes, libshutdown2.o(.ARM.Collect$$libshutdown$$0000000C))

<P><STRONG><a name="[2c]"></a>__rt_entry</STRONG> (Thumb, 0 bytes, Stack size unknown bytes, __rtentry.o(.ARM.Collect$$rtentry$$00000000))
<BR><BR>[Called By]<UL><LI><a href="#[20]">&gt;&gt;</a>&nbsp;&nbsp;&nbsp;__main
<LI><a href="#[2d]">&gt;&gt;</a>&nbsp;&nbsp;&nbsp;__scatterload_rt2
</UL>

<P><STRONG><a name="[119]"></a>__rt_entry_presh_1</STRONG> (Thumb, 0 bytes, Stack size unknown bytes, __rtentry2.o(.ARM.Collect$$rtentry$$00000002))

<P><STRONG><a name="[59]"></a>__rt_entry_sh</STRONG> (Thumb, 0 bytes, Stack size unknown bytes, __rtentry4.o(.ARM.Collect$$rtentry$$00000004))
<BR><BR>[Stack]<UL><LI>Max Depth = 8 + Unknown Stack Size
<LI>Call Chain = __rt_entry_sh &rArr; __user_setup_stackheap
</UL>
<BR>[Calls]<UL><LI><a href="#[5a]">&gt;&gt;</a>&nbsp;&nbsp;&nbsp;__user_setup_stackheap
</UL>

<P><STRONG><a name="[5b]"></a>__rt_entry_li</STRONG> (Thumb, 0 bytes, Stack size unknown bytes, __rtentry2.o(.ARM.Collect$$rtentry$$0000000A))
<BR><BR>[Calls]<UL><LI><a href="#[5c]">&gt;&gt;</a>&nbsp;&nbsp;&nbsp;__rt_lib_init
</UL>

<P><STRONG><a name="[11a]"></a>__rt_entry_postsh_1</STRONG> (Thumb, 0 bytes, Stack size unknown bytes, __rtentry2.o(.ARM.Collect$$rtentry$$00000009))

<P><STRONG><a name="[5d]"></a>__rt_entry_main</STRONG> (Thumb, 0 bytes, Stack size unknown bytes, __rtentry2.o(.ARM.Collect$$rtentry$$0000000D))
<BR><BR>[Stack]<UL><LI>Max Depth = 272 + Unknown Stack Size
<LI>Call Chain = __rt_entry_main &rArr; main &rArr; Drv_RGB_Proc &rArr; ColorGradualDimming &rArr; Drv_SERIAL_Log &rArr; vsnprintf &rArr; _printf_char_common &rArr; __printf
</UL>
<BR>[Calls]<UL><LI><a href="#[5e]">&gt;&gt;</a>&nbsp;&nbsp;&nbsp;main
<LI><a href="#[5f]">&gt;&gt;</a>&nbsp;&nbsp;&nbsp;exit
</UL>

<P><STRONG><a name="[11b]"></a>__rt_entry_postli_1</STRONG> (Thumb, 0 bytes, Stack size unknown bytes, __rtentry2.o(.ARM.Collect$$rtentry$$0000000C))

<P><STRONG><a name="[95]"></a>__rt_exit</STRONG> (Thumb, 0 bytes, Stack size unknown bytes, rtexit.o(.ARM.Collect$$rtexit$$00000000))
<BR><BR>[Called By]<UL><LI><a href="#[5f]">&gt;&gt;</a>&nbsp;&nbsp;&nbsp;exit
</UL>

<P><STRONG><a name="[60]"></a>__rt_exit_ls</STRONG> (Thumb, 0 bytes, Stack size unknown bytes, rtexit2.o(.ARM.Collect$$rtexit$$00000003))
<BR><BR>[Calls]<UL><LI><a href="#[61]">&gt;&gt;</a>&nbsp;&nbsp;&nbsp;__rt_lib_shutdown
</UL>

<P><STRONG><a name="[11c]"></a>__rt_exit_prels_1</STRONG> (Thumb, 0 bytes, Stack size unknown bytes, rtexit2.o(.ARM.Collect$$rtexit$$00000002))

<P><STRONG><a name="[62]"></a>__rt_exit_exit</STRONG> (Thumb, 0 bytes, Stack size unknown bytes, rtexit2.o(.ARM.Collect$$rtexit$$00000004))
<BR><BR>[Calls]<UL><LI><a href="#[63]">&gt;&gt;</a>&nbsp;&nbsp;&nbsp;_sys_exit
</UL>

<P><STRONG><a name="[0]"></a>Reset_Handler</STRONG> (Thumb, 8 bytes, Stack size 0 bytes, startup_stm32f030x8.o(.text))
<BR>[Address Reference Count : 1]<UL><LI> startup_stm32f030x8.o(RESET)
</UL>
<P><STRONG><a name="[10]"></a>ADC1_IRQHandler</STRONG> (Thumb, 0 bytes, Stack size 0 bytes, startup_stm32f030x8.o(.text))
<BR><BR>[Calls]<UL><LI><a href="#[10]">&gt;&gt;</a>&nbsp;&nbsp;&nbsp;ADC1_IRQHandler
</UL>
<BR>[Called By]<UL><LI><a href="#[10]">&gt;&gt;</a>&nbsp;&nbsp;&nbsp;ADC1_IRQHandler
</UL>
<BR>[Address Reference Count : 1]<UL><LI> startup_stm32f030x8.o(RESET)
</UL>
<P><STRONG><a name="[d]"></a>DMA1_Channel1_IRQHandler</STRONG> (Thumb, 0 bytes, Stack size 0 bytes, startup_stm32f030x8.o(.text))
<BR>[Address Reference Count : 1]<UL><LI> startup_stm32f030x8.o(RESET)
</UL>
<P><STRONG><a name="[e]"></a>DMA1_Channel2_3_IRQHandler</STRONG> (Thumb, 0 bytes, Stack size 0 bytes, startup_stm32f030x8.o(.text))
<BR>[Address Reference Count : 1]<UL><LI> startup_stm32f030x8.o(RESET)
</UL>
<P><STRONG><a name="[a]"></a>EXTI0_1_IRQHandler</STRONG> (Thumb, 0 bytes, Stack size 0 bytes, startup_stm32f030x8.o(.text))
<BR>[Address Reference Count : 1]<UL><LI> startup_stm32f030x8.o(RESET)
</UL>
<P><STRONG><a name="[b]"></a>EXTI2_3_IRQHandler</STRONG> (Thumb, 0 bytes, Stack size 0 bytes, startup_stm32f030x8.o(.text))
<BR>[Address Reference Count : 1]<UL><LI> startup_stm32f030x8.o(RESET)
</UL>
<P><STRONG><a name="[8]"></a>FLASH_IRQHandler</STRONG> (Thumb, 0 bytes, Stack size 0 bytes, startup_stm32f030x8.o(.text))
<BR>[Address Reference Count : 1]<UL><LI> startup_stm32f030x8.o(RESET)
</UL>
<P><STRONG><a name="[19]"></a>I2C1_IRQHandler</STRONG> (Thumb, 0 bytes, Stack size 0 bytes, startup_stm32f030x8.o(.text))
<BR>[Address Reference Count : 1]<UL><LI> startup_stm32f030x8.o(RESET)
</UL>
<P><STRONG><a name="[1a]"></a>I2C2_IRQHandler</STRONG> (Thumb, 0 bytes, Stack size 0 bytes, startup_stm32f030x8.o(.text))
<BR>[Address Reference Count : 1]<UL><LI> startup_stm32f030x8.o(RESET)
</UL>
<P><STRONG><a name="[9]"></a>RCC_IRQHandler</STRONG> (Thumb, 0 bytes, Stack size 0 bytes, startup_stm32f030x8.o(.text))
<BR>[Address Reference Count : 1]<UL><LI> startup_stm32f030x8.o(RESET)
</UL>
<P><STRONG><a name="[7]"></a>RTC_IRQHandler</STRONG> (Thumb, 0 bytes, Stack size 0 bytes, startup_stm32f030x8.o(.text))
<BR>[Address Reference Count : 1]<UL><LI> startup_stm32f030x8.o(RESET)
</UL>
<P><STRONG><a name="[1b]"></a>SPI1_IRQHandler</STRONG> (Thumb, 0 bytes, Stack size 0 bytes, startup_stm32f030x8.o(.text))
<BR>[Address Reference Count : 1]<UL><LI> startup_stm32f030x8.o(RESET)
</UL>
<P><STRONG><a name="[1c]"></a>SPI2_IRQHandler</STRONG> (Thumb, 0 bytes, Stack size 0 bytes, startup_stm32f030x8.o(.text))
<BR>[Address Reference Count : 1]<UL><LI> startup_stm32f030x8.o(RESET)
</UL>
<P><STRONG><a name="[15]"></a>TIM14_IRQHandler</STRONG> (Thumb, 0 bytes, Stack size 0 bytes, startup_stm32f030x8.o(.text))
<BR>[Address Reference Count : 1]<UL><LI> startup_stm32f030x8.o(RESET)
</UL>
<P><STRONG><a name="[16]"></a>TIM15_IRQHandler</STRONG> (Thumb, 0 bytes, Stack size 0 bytes, startup_stm32f030x8.o(.text))
<BR>[Address Reference Count : 1]<UL><LI> startup_stm32f030x8.o(RESET)
</UL>
<P><STRONG><a name="[17]"></a>TIM16_IRQHandler</STRONG> (Thumb, 0 bytes, Stack size 0 bytes, startup_stm32f030x8.o(.text))
<BR>[Address Reference Count : 1]<UL><LI> startup_stm32f030x8.o(RESET)
</UL>
<P><STRONG><a name="[18]"></a>TIM17_IRQHandler</STRONG> (Thumb, 0 bytes, Stack size 0 bytes, startup_stm32f030x8.o(.text))
<BR>[Address Reference Count : 1]<UL><LI> startup_stm32f030x8.o(RESET)
</UL>
<P><STRONG><a name="[11]"></a>TIM1_BRK_UP_TRG_COM_IRQHandler</STRONG> (Thumb, 0 bytes, Stack size 0 bytes, startup_stm32f030x8.o(.text))
<BR>[Address Reference Count : 1]<UL><LI> startup_stm32f030x8.o(RESET)
</UL>
<P><STRONG><a name="[12]"></a>TIM1_CC_IRQHandler</STRONG> (Thumb, 0 bytes, Stack size 0 bytes, startup_stm32f030x8.o(.text))
<BR>[Address Reference Count : 1]<UL><LI> startup_stm32f030x8.o(RESET)
</UL>
<P><STRONG><a name="[13]"></a>TIM3_IRQHandler</STRONG> (Thumb, 0 bytes, Stack size 0 bytes, startup_stm32f030x8.o(.text))
<BR>[Address Reference Count : 1]<UL><LI> startup_stm32f030x8.o(RESET)
</UL>
<P><STRONG><a name="[14]"></a>TIM6_IRQHandler</STRONG> (Thumb, 0 bytes, Stack size 0 bytes, startup_stm32f030x8.o(.text))
<BR>[Address Reference Count : 1]<UL><LI> startup_stm32f030x8.o(RESET)
</UL>
<P><STRONG><a name="[1d]"></a>USART1_IRQHandler</STRONG> (Thumb, 0 bytes, Stack size 0 bytes, startup_stm32f030x8.o(.text))
<BR>[Address Reference Count : 1]<UL><LI> startup_stm32f030x8.o(RESET)
</UL>
<P><STRONG><a name="[6]"></a>WWDG_IRQHandler</STRONG> (Thumb, 0 bytes, Stack size 0 bytes, startup_stm32f030x8.o(.text))
<BR>[Address Reference Count : 1]<UL><LI> startup_stm32f030x8.o(RESET)
</UL>
<P><STRONG><a name="[8e]"></a>__user_initial_stackheap</STRONG> (Thumb, 0 bytes, Stack size unknown bytes, startup_stm32f030x8.o(.text))
<BR><BR>[Called By]<UL><LI><a href="#[5a]">&gt;&gt;</a>&nbsp;&nbsp;&nbsp;__user_setup_stackheap
</UL>

<P><STRONG><a name="[64]"></a>vsnprintf</STRONG> (Thumb, 50 bytes, Stack size 24 bytes, vsnprintf.o(.text))
<BR><BR>[Stack]<UL><LI>Max Depth = 120 + Unknown Stack Size
<LI>Call Chain = vsnprintf &rArr; _printf_char_common &rArr; __printf
</UL>
<BR>[Calls]<UL><LI><a href="#[66]">&gt;&gt;</a>&nbsp;&nbsp;&nbsp;_sputc
<LI><a href="#[65]">&gt;&gt;</a>&nbsp;&nbsp;&nbsp;_printf_char_common
</UL>
<BR>[Called By]<UL><LI><a href="#[99]">&gt;&gt;</a>&nbsp;&nbsp;&nbsp;Drv_SERIAL_Log
</UL>

<P><STRONG><a name="[b8]"></a>strlen</STRONG> (Thumb, 62 bytes, Stack size 12 bytes, strlen.o(.text))
<BR><BR>[Stack]<UL><LI>Max Depth = 12<LI>Call Chain = strlen
</UL>
<BR>[Called By]<UL><LI><a href="#[99]">&gt;&gt;</a>&nbsp;&nbsp;&nbsp;Drv_SERIAL_Log
</UL>

<P><STRONG><a name="[68]"></a>_memset_w</STRONG> (Thumb, 26 bytes, Stack size 0 bytes, rt_memclr.o(.text), UNUSED)
<BR><BR>[Called By]<UL><LI><a href="#[6a]">&gt;&gt;</a>&nbsp;&nbsp;&nbsp;__rt_memclr_w
<LI><a href="#[67]">&gt;&gt;</a>&nbsp;&nbsp;&nbsp;_memset
</UL>

<P><STRONG><a name="[67]"></a>_memset</STRONG> (Thumb, 30 bytes, Stack size 0 bytes, rt_memclr.o(.text), UNUSED)
<BR><BR>[Calls]<UL><LI><a href="#[68]">&gt;&gt;</a>&nbsp;&nbsp;&nbsp;_memset_w
</UL>
<BR>[Called By]<UL><LI><a href="#[69]">&gt;&gt;</a>&nbsp;&nbsp;&nbsp;__aeabi_memclr
</UL>

<P><STRONG><a name="[69]"></a>__aeabi_memclr</STRONG> (Thumb, 4 bytes, Stack size 0 bytes, rt_memclr.o(.text), UNUSED)
<BR><BR>[Calls]<UL><LI><a href="#[67]">&gt;&gt;</a>&nbsp;&nbsp;&nbsp;_memset
</UL>

<P><STRONG><a name="[11d]"></a>__rt_memclr</STRONG> (Thumb, 0 bytes, Stack size 0 bytes, rt_memclr.o(.text), UNUSED)

<P><STRONG><a name="[b7]"></a>__aeabi_memclr4</STRONG> (Thumb, 0 bytes, Stack size 0 bytes, rt_memclr.o(.text))
<BR><BR>[Called By]<UL><LI><a href="#[ef]">&gt;&gt;</a>&nbsp;&nbsp;&nbsp;SystemClock_Config
<LI><a href="#[99]">&gt;&gt;</a>&nbsp;&nbsp;&nbsp;Drv_SERIAL_Log
<LI><a href="#[d6]">&gt;&gt;</a>&nbsp;&nbsp;&nbsp;HAL_UART_MspInit
</UL>

<P><STRONG><a name="[11e]"></a>__aeabi_memclr8</STRONG> (Thumb, 0 bytes, Stack size 0 bytes, rt_memclr.o(.text), UNUSED)

<P><STRONG><a name="[6a]"></a>__rt_memclr_w</STRONG> (Thumb, 4 bytes, Stack size 0 bytes, rt_memclr.o(.text), UNUSED)
<BR><BR>[Calls]<UL><LI><a href="#[68]">&gt;&gt;</a>&nbsp;&nbsp;&nbsp;_memset_w
</UL>

<P><STRONG><a name="[bd]"></a>__aeabi_uidiv</STRONG> (Thumb, 0 bytes, Stack size 0 bytes, aeabi_sdiv.o(.text))
<BR><BR>[Called By]<UL><LI><a href="#[c3]">&gt;&gt;</a>&nbsp;&nbsp;&nbsp;HAL_InitTick
<LI><a href="#[d7]">&gt;&gt;</a>&nbsp;&nbsp;&nbsp;UART_SetConfig
<LI><a href="#[c9]">&gt;&gt;</a>&nbsp;&nbsp;&nbsp;HAL_RCC_GetSysClockFreq
<LI><a href="#[bc]">&gt;&gt;</a>&nbsp;&nbsp;&nbsp;HAL_DMA_Init
</UL>

<P><STRONG><a name="[11f]"></a>__aeabi_uidivmod</STRONG> (Thumb, 20 bytes, Stack size 0 bytes, aeabi_sdiv.o(.text), UNUSED)

<P><STRONG><a name="[120]"></a>__aeabi_idiv</STRONG> (Thumb, 0 bytes, Stack size 8 bytes, aeabi_sdiv.o(.text), UNUSED)

<P><STRONG><a name="[86]"></a>__aeabi_idivmod</STRONG> (Thumb, 338 bytes, Stack size 8 bytes, aeabi_sdiv.o(.text))
<BR><BR>[Stack]<UL><LI>Max Depth = 8<LI>Call Chain = __aeabi_idivmod
</UL>
<BR>[Called By]<UL><LI><a href="#[80]">&gt;&gt;</a>&nbsp;&nbsp;&nbsp;_btod_etento
<LI><a href="#[2a]">&gt;&gt;</a>&nbsp;&nbsp;&nbsp;_printf_fp_hex_real
</UL>

<P><STRONG><a name="[121]"></a>__use_two_region_memory</STRONG> (Thumb, 2 bytes, Stack size 0 bytes, heapauxi.o(.text), UNUSED)

<P><STRONG><a name="[122]"></a>__rt_heap_escrow$2region</STRONG> (Thumb, 2 bytes, Stack size 0 bytes, heapauxi.o(.text), UNUSED)

<P><STRONG><a name="[123]"></a>__rt_heap_expand$2region</STRONG> (Thumb, 2 bytes, Stack size 0 bytes, heapauxi.o(.text), UNUSED)

<P><STRONG><a name="[98]"></a>__aeabi_f2d</STRONG> (Thumb, 0 bytes, Stack size 0 bytes, f2d.o(.text))
<BR><BR>[Called By]<UL><LI><a href="#[96]">&gt;&gt;</a>&nbsp;&nbsp;&nbsp;ColorGradualDimming
</UL>

<P><STRONG><a name="[124]"></a>_f2d</STRONG> (Thumb, 80 bytes, Stack size 0 bytes, f2d.o(.text), UNUSED)

<P><STRONG><a name="[97]"></a>__aeabi_fdiv</STRONG> (Thumb, 0 bytes, Stack size 20 bytes, fdiv.o(.text))
<BR><BR>[Stack]<UL><LI>Max Depth = 20<LI>Call Chain = __aeabi_fdiv
</UL>
<BR>[Called By]<UL><LI><a href="#[96]">&gt;&gt;</a>&nbsp;&nbsp;&nbsp;ColorGradualDimming
</UL>

<P><STRONG><a name="[6c]"></a>_fdiv</STRONG> (Thumb, 334 bytes, Stack size 20 bytes, fdiv.o(.text), UNUSED)
<BR><BR>[Called By]<UL><LI><a href="#[6b]">&gt;&gt;</a>&nbsp;&nbsp;&nbsp;_frdiv
</UL>

<P><STRONG><a name="[6b]"></a>_frdiv</STRONG> (Thumb, 8 bytes, Stack size 0 bytes, fdiv.o(.text), UNUSED)
<BR><BR>[Calls]<UL><LI><a href="#[6c]">&gt;&gt;</a>&nbsp;&nbsp;&nbsp;_fdiv
</UL>

<P><STRONG><a name="[9b]"></a>__aeabi_f2iz</STRONG> (Thumb, 0 bytes, Stack size 8 bytes, ffixi.o(.text))
<BR><BR>[Stack]<UL><LI>Max Depth = 8<LI>Call Chain = __aeabi_f2iz
</UL>
<BR>[Called By]<UL><LI><a href="#[96]">&gt;&gt;</a>&nbsp;&nbsp;&nbsp;ColorGradualDimming
</UL>

<P><STRONG><a name="[125]"></a>_ffix</STRONG> (Thumb, 76 bytes, Stack size 8 bytes, ffixi.o(.text), UNUSED)

<P><STRONG><a name="[6e]"></a>__aeabi_i2f_normalise</STRONG> (Thumb, 72 bytes, Stack size 0 bytes, fflti.o(.text))
<BR><BR>[Called By]<UL><LI><a href="#[6f]">&gt;&gt;</a>&nbsp;&nbsp;&nbsp;__aeabi_ui2f
<LI><a href="#[6d]">&gt;&gt;</a>&nbsp;&nbsp;&nbsp;__aeabi_i2f
</UL>

<P><STRONG><a name="[6d]"></a>__aeabi_i2f</STRONG> (Thumb, 16 bytes, Stack size 0 bytes, fflti.o(.text))
<BR><BR>[Calls]<UL><LI><a href="#[6e]">&gt;&gt;</a>&nbsp;&nbsp;&nbsp;__aeabi_i2f_normalise
</UL>
<BR>[Called By]<UL><LI><a href="#[96]">&gt;&gt;</a>&nbsp;&nbsp;&nbsp;ColorGradualDimming
</UL>

<P><STRONG><a name="[126]"></a>_fflt</STRONG> (Thumb, 0 bytes, Stack size 0 bytes, fflti.o(.text), UNUSED)

<P><STRONG><a name="[6f]"></a>__aeabi_ui2f</STRONG> (Thumb, 6 bytes, Stack size 0 bytes, fflti.o(.text), UNUSED)
<BR><BR>[Calls]<UL><LI><a href="#[6e]">&gt;&gt;</a>&nbsp;&nbsp;&nbsp;__aeabi_i2f_normalise
</UL>

<P><STRONG><a name="[127]"></a>_ffltu</STRONG> (Thumb, 0 bytes, Stack size 0 bytes, fflti.o(.text), UNUSED)

<P><STRONG><a name="[71]"></a>_printf_pre_padding</STRONG> (Thumb, 44 bytes, Stack size 16 bytes, _printf_pad.o(.text))
<BR><BR>[Stack]<UL><LI>Max Depth = 16<LI>Call Chain = _printf_pre_padding
</UL>
<BR>[Called By]<UL><LI><a href="#[78]">&gt;&gt;</a>&nbsp;&nbsp;&nbsp;_printf_wctomb
<LI><a href="#[70]">&gt;&gt;</a>&nbsp;&nbsp;&nbsp;_printf_str
<LI><a href="#[85]">&gt;&gt;</a>&nbsp;&nbsp;&nbsp;_printf_fp_infnan
<LI><a href="#[2a]">&gt;&gt;</a>&nbsp;&nbsp;&nbsp;_printf_fp_hex_real
<LI><a href="#[29]">&gt;&gt;</a>&nbsp;&nbsp;&nbsp;_printf_fp_dec_real
<LI><a href="#[76]">&gt;&gt;</a>&nbsp;&nbsp;&nbsp;_printf_int_common
</UL>

<P><STRONG><a name="[72]"></a>_printf_post_padding</STRONG> (Thumb, 34 bytes, Stack size 16 bytes, _printf_pad.o(.text))
<BR><BR>[Stack]<UL><LI>Max Depth = 16<LI>Call Chain = _printf_post_padding
</UL>
<BR>[Called By]<UL><LI><a href="#[78]">&gt;&gt;</a>&nbsp;&nbsp;&nbsp;_printf_wctomb
<LI><a href="#[70]">&gt;&gt;</a>&nbsp;&nbsp;&nbsp;_printf_str
<LI><a href="#[85]">&gt;&gt;</a>&nbsp;&nbsp;&nbsp;_printf_fp_infnan
<LI><a href="#[2a]">&gt;&gt;</a>&nbsp;&nbsp;&nbsp;_printf_fp_hex_real
<LI><a href="#[29]">&gt;&gt;</a>&nbsp;&nbsp;&nbsp;_printf_fp_dec_real
<LI><a href="#[76]">&gt;&gt;</a>&nbsp;&nbsp;&nbsp;_printf_int_common
</UL>

<P><STRONG><a name="[73]"></a>_printf_truncate_signed</STRONG> (Thumb, 18 bytes, Stack size 0 bytes, _printf_truncate.o(.text))
<BR><BR>[Called By]<UL><LI><a href="#[3c]">&gt;&gt;</a>&nbsp;&nbsp;&nbsp;_printf_int_dec
</UL>

<P><STRONG><a name="[74]"></a>_printf_truncate_unsigned</STRONG> (Thumb, 18 bytes, Stack size 0 bytes, _printf_truncate.o(.text))
<BR><BR>[Called By]<UL><LI><a href="#[40]">&gt;&gt;</a>&nbsp;&nbsp;&nbsp;_printf_int_oct
<LI><a href="#[3c]">&gt;&gt;</a>&nbsp;&nbsp;&nbsp;_printf_int_dec
<LI><a href="#[42]">&gt;&gt;</a>&nbsp;&nbsp;&nbsp;_printf_int_hex
</UL>

<P><STRONG><a name="[70]"></a>_printf_str</STRONG> (Thumb, 82 bytes, Stack size 16 bytes, _printf_str.o(.text))
<BR><BR>[Stack]<UL><LI>Max Depth = 32<LI>Call Chain = _printf_str &rArr; _printf_post_padding
</UL>
<BR>[Calls]<UL><LI><a href="#[72]">&gt;&gt;</a>&nbsp;&nbsp;&nbsp;_printf_post_padding
<LI><a href="#[71]">&gt;&gt;</a>&nbsp;&nbsp;&nbsp;_printf_pre_padding
</UL>
<BR>[Called By]<UL><LI><a href="#[87]">&gt;&gt;</a>&nbsp;&nbsp;&nbsp;_printf_cs_common
</UL>

<P><STRONG><a name="[3c]"></a>_printf_int_dec</STRONG> (Thumb, 90 bytes, Stack size 32 bytes, _printf_dec.o(.text))
<BR><BR>[Stack]<UL><LI>Max Depth = 88<LI>Call Chain = _printf_int_dec &rArr; _printf_int_common &rArr; _printf_post_padding
</UL>
<BR>[Calls]<UL><LI><a href="#[74]">&gt;&gt;</a>&nbsp;&nbsp;&nbsp;_printf_truncate_unsigned
<LI><a href="#[73]">&gt;&gt;</a>&nbsp;&nbsp;&nbsp;_printf_truncate_signed
<LI><a href="#[75]">&gt;&gt;</a>&nbsp;&nbsp;&nbsp;__rt_udiv10
<LI><a href="#[76]">&gt;&gt;</a>&nbsp;&nbsp;&nbsp;_printf_int_common
</UL>
<BR>[Called By]<UL><LI><a href="#[3d]">&gt;&gt;</a>&nbsp;&nbsp;&nbsp;_printf_u
<LI><a href="#[3b]">&gt;&gt;</a>&nbsp;&nbsp;&nbsp;_printf_d
<LI><a href="#[3a]">&gt;&gt;</a>&nbsp;&nbsp;&nbsp;_printf_i
</UL>

<P><STRONG><a name="[31]"></a>_printf_charcount</STRONG> (Thumb, 38 bytes, Stack size 0 bytes, _printf_charcount.o(.text))
<BR><BR>[Called By]<UL><LI><a href="#[2f]">&gt;&gt;</a>&nbsp;&nbsp;&nbsp;_printf_n
</UL>

<P><STRONG><a name="[65]"></a>_printf_char_common</STRONG> (Thumb, 32 bytes, Stack size 64 bytes, _printf_char_common.o(.text))
<BR><BR>[Stack]<UL><LI>Max Depth = 96 + Unknown Stack Size
<LI>Call Chain = _printf_char_common &rArr; __printf
</UL>
<BR>[Calls]<UL><LI><a href="#[77]">&gt;&gt;</a>&nbsp;&nbsp;&nbsp;__printf
</UL>
<BR>[Called By]<UL><LI><a href="#[64]">&gt;&gt;</a>&nbsp;&nbsp;&nbsp;vsnprintf
</UL>

<P><STRONG><a name="[66]"></a>_sputc</STRONG> (Thumb, 10 bytes, Stack size 0 bytes, _sputc.o(.text))
<BR><BR>[Called By]<UL><LI><a href="#[64]">&gt;&gt;</a>&nbsp;&nbsp;&nbsp;vsnprintf
</UL>

<P><STRONG><a name="[21]"></a>_snputc</STRONG> (Thumb, 16 bytes, Stack size 0 bytes, _snputc.o(.text))
<BR>[Address Reference Count : 1]<UL><LI> vsnprintf.o(.text)
</UL>
<P><STRONG><a name="[78]"></a>_printf_wctomb</STRONG> (Thumb, 182 bytes, Stack size 56 bytes, _printf_wctomb.o(.text))
<BR><BR>[Stack]<UL><LI>Max Depth = 80<LI>Call Chain = _printf_wctomb &rArr; _wcrtomb
</UL>
<BR>[Calls]<UL><LI><a href="#[72]">&gt;&gt;</a>&nbsp;&nbsp;&nbsp;_printf_post_padding
<LI><a href="#[71]">&gt;&gt;</a>&nbsp;&nbsp;&nbsp;_printf_pre_padding
<LI><a href="#[79]">&gt;&gt;</a>&nbsp;&nbsp;&nbsp;_wcrtomb
</UL>
<BR>[Called By]<UL><LI><a href="#[89]">&gt;&gt;</a>&nbsp;&nbsp;&nbsp;_printf_lcs_common
</UL>

<P><STRONG><a name="[44]"></a>_printf_longlong_dec</STRONG> (Thumb, 94 bytes, Stack size 32 bytes, _printf_longlong_dec.o(.text))
<BR><BR>[Stack]<UL><LI>Max Depth = 88<LI>Call Chain = _printf_longlong_dec &rArr; _printf_int_common &rArr; _printf_post_padding
</UL>
<BR>[Calls]<UL><LI><a href="#[76]">&gt;&gt;</a>&nbsp;&nbsp;&nbsp;_printf_int_common
<LI><a href="#[7a]">&gt;&gt;</a>&nbsp;&nbsp;&nbsp;_ll_udiv10
</UL>
<BR>[Called By]<UL><LI><a href="#[45]">&gt;&gt;</a>&nbsp;&nbsp;&nbsp;_printf_llu
<LI><a href="#[43]">&gt;&gt;</a>&nbsp;&nbsp;&nbsp;_printf_lld
<LI><a href="#[41]">&gt;&gt;</a>&nbsp;&nbsp;&nbsp;_printf_lli
</UL>

<P><STRONG><a name="[7b]"></a>_printf_longlong_oct</STRONG> (Thumb, 68 bytes, Stack size 16 bytes, _printf_oct_int_ll.o(.text))
<BR><BR>[Stack]<UL><LI>Max Depth = 72<LI>Call Chain = _printf_longlong_oct &rArr; _printf_int_common &rArr; _printf_post_padding
</UL>
<BR>[Calls]<UL><LI><a href="#[76]">&gt;&gt;</a>&nbsp;&nbsp;&nbsp;_printf_int_common
</UL>
<BR>[Called By]<UL><LI><a href="#[48]">&gt;&gt;</a>&nbsp;&nbsp;&nbsp;_printf_ll_oct
<LI><a href="#[40]">&gt;&gt;</a>&nbsp;&nbsp;&nbsp;_printf_int_oct
</UL>

<P><STRONG><a name="[40]"></a>_printf_int_oct</STRONG> (Thumb, 24 bytes, Stack size 8 bytes, _printf_oct_int_ll.o(.text))
<BR><BR>[Stack]<UL><LI>Max Depth = 80<LI>Call Chain = _printf_int_oct &rArr; _printf_longlong_oct &rArr; _printf_int_common &rArr; _printf_post_padding
</UL>
<BR>[Calls]<UL><LI><a href="#[7b]">&gt;&gt;</a>&nbsp;&nbsp;&nbsp;_printf_longlong_oct
<LI><a href="#[74]">&gt;&gt;</a>&nbsp;&nbsp;&nbsp;_printf_truncate_unsigned
</UL>
<BR>[Called By]<UL><LI><a href="#[3e]">&gt;&gt;</a>&nbsp;&nbsp;&nbsp;_printf_o
</UL>

<P><STRONG><a name="[48]"></a>_printf_ll_oct</STRONG> (Thumb, 10 bytes, Stack size 0 bytes, _printf_oct_int_ll.o(.text))
<BR><BR>[Stack]<UL><LI>Max Depth = 72<LI>Call Chain = _printf_ll_oct &rArr; _printf_longlong_oct &rArr; _printf_int_common &rArr; _printf_post_padding
</UL>
<BR>[Calls]<UL><LI><a href="#[7b]">&gt;&gt;</a>&nbsp;&nbsp;&nbsp;_printf_longlong_oct
</UL>
<BR>[Called By]<UL><LI><a href="#[46]">&gt;&gt;</a>&nbsp;&nbsp;&nbsp;_printf_llo
</UL>

<P><STRONG><a name="[7c]"></a>_printf_longlong_hex</STRONG> (Thumb, 88 bytes, Stack size 24 bytes, _printf_hex_int_ll_ptr.o(.text))
<BR><BR>[Stack]<UL><LI>Max Depth = 80<LI>Call Chain = _printf_longlong_hex &rArr; _printf_int_common &rArr; _printf_post_padding
</UL>
<BR>[Calls]<UL><LI><a href="#[76]">&gt;&gt;</a>&nbsp;&nbsp;&nbsp;_printf_int_common
</UL>
<BR>[Called By]<UL><LI><a href="#[33]">&gt;&gt;</a>&nbsp;&nbsp;&nbsp;_printf_hex_ptr
<LI><a href="#[4a]">&gt;&gt;</a>&nbsp;&nbsp;&nbsp;_printf_ll_hex
<LI><a href="#[42]">&gt;&gt;</a>&nbsp;&nbsp;&nbsp;_printf_int_hex
</UL>

<P><STRONG><a name="[42]"></a>_printf_int_hex</STRONG> (Thumb, 28 bytes, Stack size 16 bytes, _printf_hex_int_ll_ptr.o(.text))
<BR><BR>[Stack]<UL><LI>Max Depth = 96<LI>Call Chain = _printf_int_hex &rArr; _printf_longlong_hex &rArr; _printf_int_common &rArr; _printf_post_padding
</UL>
<BR>[Calls]<UL><LI><a href="#[74]">&gt;&gt;</a>&nbsp;&nbsp;&nbsp;_printf_truncate_unsigned
<LI><a href="#[7c]">&gt;&gt;</a>&nbsp;&nbsp;&nbsp;_printf_longlong_hex
</UL>
<BR>[Called By]<UL><LI><a href="#[3f]">&gt;&gt;</a>&nbsp;&nbsp;&nbsp;_printf_x
</UL>

<P><STRONG><a name="[4a]"></a>_printf_ll_hex</STRONG> (Thumb, 10 bytes, Stack size 0 bytes, _printf_hex_int_ll_ptr.o(.text))
<BR><BR>[Stack]<UL><LI>Max Depth = 80<LI>Call Chain = _printf_ll_hex &rArr; _printf_longlong_hex &rArr; _printf_int_common &rArr; _printf_post_padding
</UL>
<BR>[Calls]<UL><LI><a href="#[7c]">&gt;&gt;</a>&nbsp;&nbsp;&nbsp;_printf_longlong_hex
</UL>
<BR>[Called By]<UL><LI><a href="#[47]">&gt;&gt;</a>&nbsp;&nbsp;&nbsp;_printf_llx
</UL>

<P><STRONG><a name="[33]"></a>_printf_hex_ptr</STRONG> (Thumb, 22 bytes, Stack size 8 bytes, _printf_hex_int_ll_ptr.o(.text))
<BR><BR>[Stack]<UL><LI>Max Depth = 88<LI>Call Chain = _printf_hex_ptr &rArr; _printf_longlong_hex &rArr; _printf_int_common &rArr; _printf_post_padding
</UL>
<BR>[Calls]<UL><LI><a href="#[7c]">&gt;&gt;</a>&nbsp;&nbsp;&nbsp;_printf_longlong_hex
</UL>
<BR>[Called By]<UL><LI><a href="#[30]">&gt;&gt;</a>&nbsp;&nbsp;&nbsp;_printf_p
</UL>

<P><STRONG><a name="[77]"></a>__printf</STRONG> (Thumb, 386 bytes, Stack size 32 bytes, __printf_flags_ss_wp.o(.text))
<BR><BR>[Stack]<UL><LI>Max Depth = 32 + Unknown Stack Size
<LI>Call Chain = __printf
</UL>
<BR>[Calls]<UL><LI><a href="#[7e]">&gt;&gt;</a>&nbsp;&nbsp;&nbsp;_printf_percent
<LI><a href="#[7d]">&gt;&gt;</a>&nbsp;&nbsp;&nbsp;_is_digit
</UL>
<BR>[Called By]<UL><LI><a href="#[65]">&gt;&gt;</a>&nbsp;&nbsp;&nbsp;_printf_char_common
</UL>

<P><STRONG><a name="[7a]"></a>_ll_udiv10</STRONG> (Thumb, 122 bytes, Stack size 16 bytes, lludiv10.o(.text))
<BR><BR>[Stack]<UL><LI>Max Depth = 16<LI>Call Chain = _ll_udiv10
</UL>
<BR>[Called By]<UL><LI><a href="#[44]">&gt;&gt;</a>&nbsp;&nbsp;&nbsp;_printf_longlong_dec
<LI><a href="#[7f]">&gt;&gt;</a>&nbsp;&nbsp;&nbsp;_fp_digits
</UL>

<P><STRONG><a name="[76]"></a>_printf_int_common</STRONG> (Thumb, 176 bytes, Stack size 40 bytes, _printf_intcommon.o(.text))
<BR><BR>[Stack]<UL><LI>Max Depth = 56<LI>Call Chain = _printf_int_common &rArr; _printf_post_padding
</UL>
<BR>[Calls]<UL><LI><a href="#[72]">&gt;&gt;</a>&nbsp;&nbsp;&nbsp;_printf_post_padding
<LI><a href="#[71]">&gt;&gt;</a>&nbsp;&nbsp;&nbsp;_printf_pre_padding
</UL>
<BR>[Called By]<UL><LI><a href="#[7b]">&gt;&gt;</a>&nbsp;&nbsp;&nbsp;_printf_longlong_oct
<LI><a href="#[44]">&gt;&gt;</a>&nbsp;&nbsp;&nbsp;_printf_longlong_dec
<LI><a href="#[3c]">&gt;&gt;</a>&nbsp;&nbsp;&nbsp;_printf_int_dec
<LI><a href="#[7c]">&gt;&gt;</a>&nbsp;&nbsp;&nbsp;_printf_longlong_hex
</UL>

<P><STRONG><a name="[29]"></a>_printf_fp_dec_real</STRONG> (Thumb, 620 bytes, Stack size 96 bytes, _printf_fp_dec.o(.text))
<BR><BR>[Stack]<UL><LI>Max Depth = 368<LI>Call Chain = _printf_fp_dec_real &rArr; _fp_digits &rArr; _btod_etento &rArr; _btod_emul &rArr; btod_internal_mul &rArr; __ARM_common_ll_muluu
</UL>
<BR>[Calls]<UL><LI><a href="#[72]">&gt;&gt;</a>&nbsp;&nbsp;&nbsp;_printf_post_padding
<LI><a href="#[71]">&gt;&gt;</a>&nbsp;&nbsp;&nbsp;_printf_pre_padding
<LI><a href="#[84]">&gt;&gt;</a>&nbsp;&nbsp;&nbsp;__ARM_fpclassify
<LI><a href="#[85]">&gt;&gt;</a>&nbsp;&nbsp;&nbsp;_printf_fp_infnan
<LI><a href="#[55]">&gt;&gt;</a>&nbsp;&nbsp;&nbsp;__rt_locale
<LI><a href="#[75]">&gt;&gt;</a>&nbsp;&nbsp;&nbsp;__rt_udiv10
<LI><a href="#[7f]">&gt;&gt;</a>&nbsp;&nbsp;&nbsp;_fp_digits
</UL>
<BR>[Address Reference Count : 1]<UL><LI> printf1.o(x$fpl$printf1)
</UL>
<P><STRONG><a name="[2a]"></a>_printf_fp_hex_real</STRONG> (Thumb, 718 bytes, Stack size 72 bytes, _printf_fp_hex.o(.text))
<BR><BR>[Stack]<UL><LI>Max Depth = 112<LI>Call Chain = _printf_fp_hex_real &rArr; _printf_fp_infnan &rArr; _printf_post_padding
</UL>
<BR>[Calls]<UL><LI><a href="#[72]">&gt;&gt;</a>&nbsp;&nbsp;&nbsp;_printf_post_padding
<LI><a href="#[71]">&gt;&gt;</a>&nbsp;&nbsp;&nbsp;_printf_pre_padding
<LI><a href="#[86]">&gt;&gt;</a>&nbsp;&nbsp;&nbsp;__aeabi_idivmod
<LI><a href="#[84]">&gt;&gt;</a>&nbsp;&nbsp;&nbsp;__ARM_fpclassify
<LI><a href="#[85]">&gt;&gt;</a>&nbsp;&nbsp;&nbsp;_printf_fp_infnan
</UL>
<BR>[Address Reference Count : 1]<UL><LI> printf2.o(x$fpl$printf2)
</UL>
<P><STRONG><a name="[87]"></a>_printf_cs_common</STRONG> (Thumb, 22 bytes, Stack size 8 bytes, _printf_char.o(.text))
<BR><BR>[Stack]<UL><LI>Max Depth = 40<LI>Call Chain = _printf_cs_common &rArr; _printf_str &rArr; _printf_post_padding
</UL>
<BR>[Calls]<UL><LI><a href="#[70]">&gt;&gt;</a>&nbsp;&nbsp;&nbsp;_printf_str
<LI><a href="#[88]">&gt;&gt;</a>&nbsp;&nbsp;&nbsp;_printf_mbtowc (Weak Reference)
</UL>
<BR>[Called By]<UL><LI><a href="#[4f]">&gt;&gt;</a>&nbsp;&nbsp;&nbsp;_printf_string
<LI><a href="#[4d]">&gt;&gt;</a>&nbsp;&nbsp;&nbsp;_printf_char
</UL>

<P><STRONG><a name="[4d]"></a>_printf_char</STRONG> (Thumb, 16 bytes, Stack size 0 bytes, _printf_char.o(.text))
<BR><BR>[Stack]<UL><LI>Max Depth = 40<LI>Call Chain = _printf_char &rArr; _printf_cs_common &rArr; _printf_str &rArr; _printf_post_padding
</UL>
<BR>[Calls]<UL><LI><a href="#[87]">&gt;&gt;</a>&nbsp;&nbsp;&nbsp;_printf_cs_common
</UL>
<BR>[Called By]<UL><LI><a href="#[4b]">&gt;&gt;</a>&nbsp;&nbsp;&nbsp;_printf_c
</UL>

<P><STRONG><a name="[4f]"></a>_printf_string</STRONG> (Thumb, 8 bytes, Stack size 0 bytes, _printf_char.o(.text))
<BR><BR>[Stack]<UL><LI>Max Depth = 40<LI>Call Chain = _printf_string &rArr; _printf_cs_common &rArr; _printf_str &rArr; _printf_post_padding
</UL>
<BR>[Calls]<UL><LI><a href="#[87]">&gt;&gt;</a>&nbsp;&nbsp;&nbsp;_printf_cs_common
</UL>
<BR>[Called By]<UL><LI><a href="#[4c]">&gt;&gt;</a>&nbsp;&nbsp;&nbsp;_printf_s
</UL>

<P><STRONG><a name="[89]"></a>_printf_lcs_common</STRONG> (Thumb, 22 bytes, Stack size 8 bytes, _printf_wchar.o(.text))
<BR><BR>[Stack]<UL><LI>Max Depth = 88<LI>Call Chain = _printf_lcs_common &rArr; _printf_wctomb &rArr; _wcrtomb
</UL>
<BR>[Calls]<UL><LI><a href="#[78]">&gt;&gt;</a>&nbsp;&nbsp;&nbsp;_printf_wctomb
<LI><a href="#[8a]">&gt;&gt;</a>&nbsp;&nbsp;&nbsp;_printf_wc (Weak Reference)
</UL>
<BR>[Called By]<UL><LI><a href="#[53]">&gt;&gt;</a>&nbsp;&nbsp;&nbsp;_printf_wstring
<LI><a href="#[51]">&gt;&gt;</a>&nbsp;&nbsp;&nbsp;_printf_wchar
</UL>

<P><STRONG><a name="[51]"></a>_printf_wchar</STRONG> (Thumb, 16 bytes, Stack size 0 bytes, _printf_wchar.o(.text))
<BR><BR>[Stack]<UL><LI>Max Depth = 88<LI>Call Chain = _printf_wchar &rArr; _printf_lcs_common &rArr; _printf_wctomb &rArr; _wcrtomb
</UL>
<BR>[Calls]<UL><LI><a href="#[89]">&gt;&gt;</a>&nbsp;&nbsp;&nbsp;_printf_lcs_common
</UL>
<BR>[Called By]<UL><LI><a href="#[4e]">&gt;&gt;</a>&nbsp;&nbsp;&nbsp;_printf_lc
</UL>

<P><STRONG><a name="[53]"></a>_printf_wstring</STRONG> (Thumb, 8 bytes, Stack size 0 bytes, _printf_wchar.o(.text))
<BR><BR>[Stack]<UL><LI>Max Depth = 88<LI>Call Chain = _printf_wstring &rArr; _printf_lcs_common &rArr; _printf_wctomb &rArr; _wcrtomb
</UL>
<BR>[Calls]<UL><LI><a href="#[89]">&gt;&gt;</a>&nbsp;&nbsp;&nbsp;_printf_lcs_common
</UL>
<BR>[Called By]<UL><LI><a href="#[50]">&gt;&gt;</a>&nbsp;&nbsp;&nbsp;_printf_ls
</UL>

<P><STRONG><a name="[8b]"></a>_c16rtomb</STRONG> (Thumb, 66 bytes, Stack size 24 bytes, _c16rtomb.o(.text), UNUSED)
<BR><BR>[Calls]<UL><LI><a href="#[8c]">&gt;&gt;</a>&nbsp;&nbsp;&nbsp;__rt_ctype_table
</UL>

<P><STRONG><a name="[79]"></a>_wcrtomb</STRONG> (Thumb, 0 bytes, Stack size 24 bytes, _c16rtomb.o(.text))
<BR><BR>[Stack]<UL><LI>Max Depth = 24<LI>Call Chain = _wcrtomb
</UL>
<BR>[Called By]<UL><LI><a href="#[78]">&gt;&gt;</a>&nbsp;&nbsp;&nbsp;_printf_wctomb
</UL>

<P><STRONG><a name="[75]"></a>__rt_udiv10</STRONG> (Thumb, 40 bytes, Stack size 0 bytes, rtudiv10.o(.text))
<BR><BR>[Called By]<UL><LI><a href="#[3c]">&gt;&gt;</a>&nbsp;&nbsp;&nbsp;_printf_int_dec
<LI><a href="#[29]">&gt;&gt;</a>&nbsp;&nbsp;&nbsp;_printf_fp_dec_real
</UL>

<P><STRONG><a name="[5a]"></a>__user_setup_stackheap</STRONG> (Thumb, 62 bytes, Stack size 8 bytes, sys_stackheap_outer.o(.text))
<BR><BR>[Stack]<UL><LI>Max Depth = 8 + Unknown Stack Size
<LI>Call Chain = __user_setup_stackheap
</UL>
<BR>[Calls]<UL><LI><a href="#[8e]">&gt;&gt;</a>&nbsp;&nbsp;&nbsp;__user_initial_stackheap
<LI><a href="#[8d]">&gt;&gt;</a>&nbsp;&nbsp;&nbsp;__user_perproc_libspace
</UL>
<BR>[Called By]<UL><LI><a href="#[59]">&gt;&gt;</a>&nbsp;&nbsp;&nbsp;__rt_entry_sh
</UL>

<P><STRONG><a name="[8c]"></a>__rt_ctype_table</STRONG> (Thumb, 16 bytes, Stack size 8 bytes, rt_ctype_table.o(.text), UNUSED)
<BR><BR>[Calls]<UL><LI><a href="#[55]">&gt;&gt;</a>&nbsp;&nbsp;&nbsp;__rt_locale
</UL>
<BR>[Called By]<UL><LI><a href="#[8b]">&gt;&gt;</a>&nbsp;&nbsp;&nbsp;_c16rtomb
</UL>

<P><STRONG><a name="[55]"></a>__rt_locale</STRONG> (Thumb, 8 bytes, Stack size 0 bytes, rt_locale_intlibspace.o(.text))
<BR><BR>[Called By]<UL><LI><a href="#[54]">&gt;&gt;</a>&nbsp;&nbsp;&nbsp;__rt_lib_init_lc_common
<LI><a href="#[8c]">&gt;&gt;</a>&nbsp;&nbsp;&nbsp;__rt_ctype_table
<LI><a href="#[29]">&gt;&gt;</a>&nbsp;&nbsp;&nbsp;_printf_fp_dec_real
</UL>

<P><STRONG><a name="[85]"></a>_printf_fp_infnan</STRONG> (Thumb, 120 bytes, Stack size 24 bytes, _printf_fp_infnan.o(.text))
<BR><BR>[Stack]<UL><LI>Max Depth = 40<LI>Call Chain = _printf_fp_infnan &rArr; _printf_post_padding
</UL>
<BR>[Calls]<UL><LI><a href="#[72]">&gt;&gt;</a>&nbsp;&nbsp;&nbsp;_printf_post_padding
<LI><a href="#[71]">&gt;&gt;</a>&nbsp;&nbsp;&nbsp;_printf_pre_padding
</UL>
<BR>[Called By]<UL><LI><a href="#[2a]">&gt;&gt;</a>&nbsp;&nbsp;&nbsp;_printf_fp_hex_real
<LI><a href="#[29]">&gt;&gt;</a>&nbsp;&nbsp;&nbsp;_printf_fp_dec_real
</UL>

<P><STRONG><a name="[80]"></a>_btod_etento</STRONG> (Thumb, 210 bytes, Stack size 72 bytes, bigflt0.o(.text))
<BR><BR>[Stack]<UL><LI>Max Depth = 176<LI>Call Chain = _btod_etento &rArr; _btod_emul &rArr; btod_internal_mul &rArr; __ARM_common_ll_muluu
</UL>
<BR>[Calls]<UL><LI><a href="#[86]">&gt;&gt;</a>&nbsp;&nbsp;&nbsp;__aeabi_idivmod
<LI><a href="#[82]">&gt;&gt;</a>&nbsp;&nbsp;&nbsp;_btod_ediv
<LI><a href="#[83]">&gt;&gt;</a>&nbsp;&nbsp;&nbsp;_btod_emul
</UL>
<BR>[Called By]<UL><LI><a href="#[7f]">&gt;&gt;</a>&nbsp;&nbsp;&nbsp;_fp_digits
</UL>

<P><STRONG><a name="[81]"></a>_btod_d2e</STRONG> (Thumb, 64 bytes, Stack size 8 bytes, btod.o(.text))
<BR><BR>[Stack]<UL><LI>Max Depth = 8<LI>Call Chain = _btod_d2e
</UL>
<BR>[Called By]<UL><LI><a href="#[7f]">&gt;&gt;</a>&nbsp;&nbsp;&nbsp;_fp_digits
</UL>

<P><STRONG><a name="[83]"></a>_btod_emul</STRONG> (Thumb, 28 bytes, Stack size 24 bytes, btod.o(.text))
<BR><BR>[Stack]<UL><LI>Max Depth = 104<LI>Call Chain = _btod_emul &rArr; btod_internal_mul &rArr; __ARM_common_ll_muluu
</UL>
<BR>[Calls]<UL><LI><a href="#[8f]">&gt;&gt;</a>&nbsp;&nbsp;&nbsp;btod_internal_mul
</UL>
<BR>[Called By]<UL><LI><a href="#[80]">&gt;&gt;</a>&nbsp;&nbsp;&nbsp;_btod_etento
<LI><a href="#[7f]">&gt;&gt;</a>&nbsp;&nbsp;&nbsp;_fp_digits
</UL>

<P><STRONG><a name="[91]"></a>_btod_emuld</STRONG> (Thumb, 144 bytes, Stack size 56 bytes, btod.o(.text), UNUSED)
<BR><BR>[Calls]<UL><LI><a href="#[8f]">&gt;&gt;</a>&nbsp;&nbsp;&nbsp;btod_internal_mul
</UL>

<P><STRONG><a name="[82]"></a>_btod_ediv</STRONG> (Thumb, 26 bytes, Stack size 24 bytes, btod.o(.text))
<BR><BR>[Stack]<UL><LI>Max Depth = 88<LI>Call Chain = _btod_ediv &rArr; btod_internal_div
</UL>
<BR>[Calls]<UL><LI><a href="#[92]">&gt;&gt;</a>&nbsp;&nbsp;&nbsp;btod_internal_div
</UL>
<BR>[Called By]<UL><LI><a href="#[80]">&gt;&gt;</a>&nbsp;&nbsp;&nbsp;_btod_etento
<LI><a href="#[7f]">&gt;&gt;</a>&nbsp;&nbsp;&nbsp;_fp_digits
</UL>

<P><STRONG><a name="[93]"></a>_btod_edivd</STRONG> (Thumb, 124 bytes, Stack size 56 bytes, btod.o(.text), UNUSED)
<BR><BR>[Calls]<UL><LI><a href="#[92]">&gt;&gt;</a>&nbsp;&nbsp;&nbsp;btod_internal_div
</UL>

<P><STRONG><a name="[5f]"></a>exit</STRONG> (Thumb, 16 bytes, Stack size 8 bytes, exit.o(.text))
<BR><BR>[Stack]<UL><LI>Max Depth = 8 + Unknown Stack Size
<LI>Call Chain = exit
</UL>
<BR>[Calls]<UL><LI><a href="#[95]">&gt;&gt;</a>&nbsp;&nbsp;&nbsp;__rt_exit
<LI><a href="#[94]">&gt;&gt;</a>&nbsp;&nbsp;&nbsp;_call_atexit_fns (Weak Reference)
</UL>
<BR>[Called By]<UL><LI><a href="#[5d]">&gt;&gt;</a>&nbsp;&nbsp;&nbsp;__rt_entry_main
</UL>

<P><STRONG><a name="[128]"></a>__user_libspace</STRONG> (Thumb, 8 bytes, Stack size 0 bytes, libspace.o(.text), UNUSED)

<P><STRONG><a name="[8d]"></a>__user_perproc_libspace</STRONG> (Thumb, 0 bytes, Stack size 0 bytes, libspace.o(.text))
<BR><BR>[Called By]<UL><LI><a href="#[5a]">&gt;&gt;</a>&nbsp;&nbsp;&nbsp;__user_setup_stackheap
</UL>

<P><STRONG><a name="[129]"></a>__user_perthread_libspace</STRONG> (Thumb, 0 bytes, Stack size 0 bytes, libspace.o(.text), UNUSED)

<P><STRONG><a name="[f5]"></a>strcmp</STRONG> (Thumb, 132 bytes, Stack size 16 bytes, strcmp.o(.text))
<BR><BR>[Stack]<UL><LI>Max Depth = 16<LI>Call Chain = strcmp
</UL>
<BR>[Called By]<UL><LI><a href="#[23]">&gt;&gt;</a>&nbsp;&nbsp;&nbsp;_get_lc_ctype
<LI><a href="#[58]">&gt;&gt;</a>&nbsp;&nbsp;&nbsp;_get_lc_numeric
</UL>

<P><STRONG><a name="[63]"></a>_sys_exit</STRONG> (Thumb, 8 bytes, Stack size 0 bytes, sys_exit.o(.text))
<BR><BR>[Called By]<UL><LI><a href="#[62]">&gt;&gt;</a>&nbsp;&nbsp;&nbsp;__rt_exit_exit
</UL>

<P><STRONG><a name="[12a]"></a>__I$use$semihosting</STRONG> (Thumb, 0 bytes, Stack size 0 bytes, use_no_semi.o(.text), UNUSED)

<P><STRONG><a name="[12b]"></a>__use_no_semihosting_swi</STRONG> (Thumb, 2 bytes, Stack size 0 bytes, use_no_semi.o(.text), UNUSED)

<P><STRONG><a name="[12c]"></a>__semihosting_library_function</STRONG> (Thumb, 0 bytes, Stack size unknown bytes, indicate_semi.o(.text), UNUSED)

<P><STRONG><a name="[b4]"></a>ColorCalc</STRONG> (Thumb, 168 bytes, Stack size 0 bytes, drv_rgb.o(.text.ColorCalc))
<BR><BR>[Called By]<UL><LI><a href="#[b3]">&gt;&gt;</a>&nbsp;&nbsp;&nbsp;Drv_RGB_Proc
</UL>

<P><STRONG><a name="[96]"></a>ColorGradualDimming</STRONG> (Thumb, 344 bytes, Stack size 80 bytes, drv_rgb.o(.text.ColorGradualDimming))
<BR><BR>[Stack]<UL><LI>Max Depth = 232 + Unknown Stack Size
<LI>Call Chain = ColorGradualDimming &rArr; Drv_SERIAL_Log &rArr; vsnprintf &rArr; _printf_char_common &rArr; __printf
</UL>
<BR>[Calls]<UL><LI><a href="#[9c]">&gt;&gt;</a>&nbsp;&nbsp;&nbsp;Send_s203_line1
<LI><a href="#[a2]">&gt;&gt;</a>&nbsp;&nbsp;&nbsp;Send_e133_line7
<LI><a href="#[a1]">&gt;&gt;</a>&nbsp;&nbsp;&nbsp;Send_e133_line6
<LI><a href="#[a0]">&gt;&gt;</a>&nbsp;&nbsp;&nbsp;Send_e133_line5
<LI><a href="#[9f]">&gt;&gt;</a>&nbsp;&nbsp;&nbsp;Send_e133_line4
<LI><a href="#[9e]">&gt;&gt;</a>&nbsp;&nbsp;&nbsp;Send_e133_line3
<LI><a href="#[9d]">&gt;&gt;</a>&nbsp;&nbsp;&nbsp;Send_e133_line2
<LI><a href="#[a3]">&gt;&gt;</a>&nbsp;&nbsp;&nbsp;HAL_Delay
<LI><a href="#[99]">&gt;&gt;</a>&nbsp;&nbsp;&nbsp;Drv_SERIAL_Log
<LI><a href="#[6d]">&gt;&gt;</a>&nbsp;&nbsp;&nbsp;__aeabi_i2f
<LI><a href="#[9b]">&gt;&gt;</a>&nbsp;&nbsp;&nbsp;__aeabi_f2iz
<LI><a href="#[97]">&gt;&gt;</a>&nbsp;&nbsp;&nbsp;__aeabi_fdiv
<LI><a href="#[9a]">&gt;&gt;</a>&nbsp;&nbsp;&nbsp;__aeabi_fadd
<LI><a href="#[98]">&gt;&gt;</a>&nbsp;&nbsp;&nbsp;__aeabi_f2d
</UL>
<BR>[Called By]<UL><LI><a href="#[b3]">&gt;&gt;</a>&nbsp;&nbsp;&nbsp;Drv_RGB_Proc
</UL>

<P><STRONG><a name="[a4]"></a>ColorLayingE133</STRONG> (Thumb, 68 bytes, Stack size 16 bytes, drv_rgb.o(.text.ColorLayingE133))
<BR><BR>[Stack]<UL><LI>Max Depth = 60<LI>Call Chain = ColorLayingE133 &rArr; Send_e133_line6_laying &rArr; Send_8bits6
</UL>
<BR>[Calls]<UL><LI><a href="#[aa]">&gt;&gt;</a>&nbsp;&nbsp;&nbsp;Send_e133_line7_laying
<LI><a href="#[a9]">&gt;&gt;</a>&nbsp;&nbsp;&nbsp;Send_e133_line6_laying
<LI><a href="#[a8]">&gt;&gt;</a>&nbsp;&nbsp;&nbsp;Send_e133_line5_laying
<LI><a href="#[a7]">&gt;&gt;</a>&nbsp;&nbsp;&nbsp;Send_e133_line4_laying
<LI><a href="#[a6]">&gt;&gt;</a>&nbsp;&nbsp;&nbsp;Send_e133_line3_laying
<LI><a href="#[a5]">&gt;&gt;</a>&nbsp;&nbsp;&nbsp;Send_e133_line2_laying
</UL>
<BR>[Called By]<UL><LI><a href="#[b3]">&gt;&gt;</a>&nbsp;&nbsp;&nbsp;Drv_RGB_Proc
</UL>

<P><STRONG><a name="[ab]"></a>ColorLayingS203</STRONG> (Thumb, 12 bytes, Stack size 8 bytes, drv_rgb.o(.text.ColorLayingS203))
<BR><BR>[Stack]<UL><LI>Max Depth = 48<LI>Call Chain = ColorLayingS203 &rArr; Send_s203_line1_laying &rArr; Send_8bits1
</UL>
<BR>[Calls]<UL><LI><a href="#[ac]">&gt;&gt;</a>&nbsp;&nbsp;&nbsp;Send_s203_line1_laying
</UL>
<BR>[Called By]<UL><LI><a href="#[b3]">&gt;&gt;</a>&nbsp;&nbsp;&nbsp;Drv_RGB_Proc
</UL>

<P><STRONG><a name="[f]"></a>DMA1_Channel4_5_IRQHandler</STRONG> (Thumb, 24 bytes, Stack size 8 bytes, stm32f0xx_it.o(.text.DMA1_Channel4_5_IRQHandler))
<BR><BR>[Stack]<UL><LI>Max Depth = 32<LI>Call Chain = DMA1_Channel4_5_IRQHandler &rArr; HAL_DMA_IRQHandler
</UL>
<BR>[Calls]<UL><LI><a href="#[ad]">&gt;&gt;</a>&nbsp;&nbsp;&nbsp;HAL_DMA_IRQHandler
</UL>
<BR>[Address Reference Count : 1]<UL><LI> startup_stm32f030x8.o(RESET)
</UL>
<P><STRONG><a name="[ae]"></a>Drv_LED_Proc</STRONG> (Thumb, 44 bytes, Stack size 8 bytes, drv_led.o(.text.Drv_LED_Proc))
<BR><BR>[Stack]<UL><LI>Max Depth = 8<LI>Call Chain = Drv_LED_Proc
</UL>
<BR>[Calls]<UL><LI><a href="#[af]">&gt;&gt;</a>&nbsp;&nbsp;&nbsp;HAL_GetTick
<LI><a href="#[b0]">&gt;&gt;</a>&nbsp;&nbsp;&nbsp;HAL_GPIO_TogglePin
</UL>
<BR>[Called By]<UL><LI><a href="#[5e]">&gt;&gt;</a>&nbsp;&nbsp;&nbsp;main
</UL>

<P><STRONG><a name="[b1]"></a>Drv_Panel_Proc</STRONG> (Thumb, 172 bytes, Stack size 8 bytes, drv_panel.o(.text.Drv_Panel_Proc))
<BR><BR>[Stack]<UL><LI>Max Depth = 160 + Unknown Stack Size
<LI>Call Chain = Drv_Panel_Proc &rArr; Drv_SERIAL_Log &rArr; vsnprintf &rArr; _printf_char_common &rArr; __printf
</UL>
<BR>[Calls]<UL><LI><a href="#[b2]">&gt;&gt;</a>&nbsp;&nbsp;&nbsp;SC09A_ReadKeyValue
<LI><a href="#[99]">&gt;&gt;</a>&nbsp;&nbsp;&nbsp;Drv_SERIAL_Log
<LI><a href="#[af]">&gt;&gt;</a>&nbsp;&nbsp;&nbsp;HAL_GetTick
</UL>
<BR>[Called By]<UL><LI><a href="#[5e]">&gt;&gt;</a>&nbsp;&nbsp;&nbsp;main
</UL>

<P><STRONG><a name="[f4]"></a>Drv_RGB_Init</STRONG> (Thumb, 32 bytes, Stack size 0 bytes, drv_rgb.o(.text.Drv_RGB_Init))
<BR><BR>[Called By]<UL><LI><a href="#[5e]">&gt;&gt;</a>&nbsp;&nbsp;&nbsp;main
</UL>

<P><STRONG><a name="[b3]"></a>Drv_RGB_Proc</STRONG> (Thumb, 512 bytes, Stack size 16 bytes, drv_rgb.o(.text.Drv_RGB_Proc))
<BR><BR>[Stack]<UL><LI>Max Depth = 248 + Unknown Stack Size
<LI>Call Chain = Drv_RGB_Proc &rArr; ColorGradualDimming &rArr; Drv_SERIAL_Log &rArr; vsnprintf &rArr; _printf_char_common &rArr; __printf
</UL>
<BR>[Calls]<UL><LI><a href="#[b6]">&gt;&gt;</a>&nbsp;&nbsp;&nbsp;switchONOFF
<LI><a href="#[b5]">&gt;&gt;</a>&nbsp;&nbsp;&nbsp;ScenceLayering
<LI><a href="#[ab]">&gt;&gt;</a>&nbsp;&nbsp;&nbsp;ColorLayingS203
<LI><a href="#[a4]">&gt;&gt;</a>&nbsp;&nbsp;&nbsp;ColorLayingE133
<LI><a href="#[96]">&gt;&gt;</a>&nbsp;&nbsp;&nbsp;ColorGradualDimming
<LI><a href="#[b4]">&gt;&gt;</a>&nbsp;&nbsp;&nbsp;ColorCalc
<LI><a href="#[99]">&gt;&gt;</a>&nbsp;&nbsp;&nbsp;Drv_SERIAL_Log
<LI><a href="#[af]">&gt;&gt;</a>&nbsp;&nbsp;&nbsp;HAL_GetTick
</UL>
<BR>[Called By]<UL><LI><a href="#[5e]">&gt;&gt;</a>&nbsp;&nbsp;&nbsp;main
</UL>

<P><STRONG><a name="[99]"></a>Drv_SERIAL_Log</STRONG> (Thumb, 84 bytes, Stack size 32 bytes, drv_serial.o(.text.Drv_SERIAL_Log))
<BR><BR>[Stack]<UL><LI>Max Depth = 152 + Unknown Stack Size
<LI>Call Chain = Drv_SERIAL_Log &rArr; vsnprintf &rArr; _printf_char_common &rArr; __printf
</UL>
<BR>[Calls]<UL><LI><a href="#[b9]">&gt;&gt;</a>&nbsp;&nbsp;&nbsp;HAL_UART_Transmit
<LI><a href="#[b7]">&gt;&gt;</a>&nbsp;&nbsp;&nbsp;__aeabi_memclr4
<LI><a href="#[b8]">&gt;&gt;</a>&nbsp;&nbsp;&nbsp;strlen
<LI><a href="#[64]">&gt;&gt;</a>&nbsp;&nbsp;&nbsp;vsnprintf
</UL>
<BR>[Called By]<UL><LI><a href="#[5e]">&gt;&gt;</a>&nbsp;&nbsp;&nbsp;main
<LI><a href="#[b6]">&gt;&gt;</a>&nbsp;&nbsp;&nbsp;switchONOFF
<LI><a href="#[b3]">&gt;&gt;</a>&nbsp;&nbsp;&nbsp;Drv_RGB_Proc
<LI><a href="#[96]">&gt;&gt;</a>&nbsp;&nbsp;&nbsp;ColorGradualDimming
<LI><a href="#[b1]">&gt;&gt;</a>&nbsp;&nbsp;&nbsp;Drv_Panel_Proc
<LI><a href="#[ba]">&gt;&gt;</a>&nbsp;&nbsp;&nbsp;Drv_SERIAL_Proc
</UL>

<P><STRONG><a name="[ba]"></a>Drv_SERIAL_Proc</STRONG> (Thumb, 124 bytes, Stack size 8 bytes, drv_serial.o(.text.Drv_SERIAL_Proc))
<BR><BR>[Stack]<UL><LI>Max Depth = 160 + Unknown Stack Size
<LI>Call Chain = Drv_SERIAL_Proc &rArr; Drv_SERIAL_Log &rArr; vsnprintf &rArr; _printf_char_common &rArr; __printf
</UL>
<BR>[Calls]<UL><LI><a href="#[99]">&gt;&gt;</a>&nbsp;&nbsp;&nbsp;Drv_SERIAL_Log
</UL>
<BR>[Called By]<UL><LI><a href="#[5e]">&gt;&gt;</a>&nbsp;&nbsp;&nbsp;main
</UL>

<P><STRONG><a name="[c]"></a>EXTI4_15_IRQHandler</STRONG> (Thumb, 10 bytes, Stack size 8 bytes, stm32f0xx_it.o(.text.EXTI4_15_IRQHandler))
<BR><BR>[Stack]<UL><LI>Max Depth = 32<LI>Call Chain = EXTI4_15_IRQHandler &rArr; HAL_GPIO_EXTI_IRQHandler &rArr; HAL_GPIO_EXTI_Callback
</UL>
<BR>[Calls]<UL><LI><a href="#[bb]">&gt;&gt;</a>&nbsp;&nbsp;&nbsp;HAL_GPIO_EXTI_IRQHandler
</UL>
<BR>[Address Reference Count : 1]<UL><LI> startup_stm32f030x8.o(RESET)
</UL>
<P><STRONG><a name="[da]"></a>Error_Handler</STRONG> (Thumb, 8 bytes, Stack size 0 bytes, main.o(.text.Error_Handler))
<BR><BR>[Called By]<UL><LI><a href="#[d6]">&gt;&gt;</a>&nbsp;&nbsp;&nbsp;HAL_UART_MspInit
</UL>

<P><STRONG><a name="[cc]"></a>HAL_DMA_Abort</STRONG> (Thumb, 60 bytes, Stack size 8 bytes, stm32f0xx_hal_dma.o(.text.HAL_DMA_Abort))
<BR><BR>[Stack]<UL><LI>Max Depth = 8<LI>Call Chain = HAL_DMA_Abort
</UL>
<BR>[Called By]<UL><LI><a href="#[cb]">&gt;&gt;</a>&nbsp;&nbsp;&nbsp;HAL_UART_DMAStop
<LI><a href="#[d0]">&gt;&gt;</a>&nbsp;&nbsp;&nbsp;HAL_UART_IRQHandler
</UL>

<P><STRONG><a name="[d2]"></a>HAL_DMA_Abort_IT</STRONG> (Thumb, 68 bytes, Stack size 16 bytes, stm32f0xx_hal_dma.o(.text.HAL_DMA_Abort_IT))
<BR><BR>[Stack]<UL><LI>Max Depth = 16<LI>Call Chain = HAL_DMA_Abort_IT
</UL>
<BR>[Called By]<UL><LI><a href="#[d0]">&gt;&gt;</a>&nbsp;&nbsp;&nbsp;HAL_UART_IRQHandler
</UL>

<P><STRONG><a name="[cd]"></a>HAL_DMA_GetError</STRONG> (Thumb, 4 bytes, Stack size 0 bytes, stm32f0xx_hal_dma.o(.text.HAL_DMA_GetError))
<BR><BR>[Called By]<UL><LI><a href="#[cb]">&gt;&gt;</a>&nbsp;&nbsp;&nbsp;HAL_UART_DMAStop
</UL>

<P><STRONG><a name="[ad]"></a>HAL_DMA_IRQHandler</STRONG> (Thumb, 146 bytes, Stack size 24 bytes, stm32f0xx_hal_dma.o(.text.HAL_DMA_IRQHandler))
<BR><BR>[Stack]<UL><LI>Max Depth = 24<LI>Call Chain = HAL_DMA_IRQHandler
</UL>
<BR>[Called By]<UL><LI><a href="#[f]">&gt;&gt;</a>&nbsp;&nbsp;&nbsp;DMA1_Channel4_5_IRQHandler
</UL>

<P><STRONG><a name="[bc]"></a>HAL_DMA_Init</STRONG> (Thumb, 120 bytes, Stack size 40 bytes, stm32f0xx_hal_dma.o(.text.HAL_DMA_Init))
<BR><BR>[Stack]<UL><LI>Max Depth = 40<LI>Call Chain = HAL_DMA_Init
</UL>
<BR>[Calls]<UL><LI><a href="#[bd]">&gt;&gt;</a>&nbsp;&nbsp;&nbsp;__aeabi_uidiv
</UL>
<BR>[Called By]<UL><LI><a href="#[d6]">&gt;&gt;</a>&nbsp;&nbsp;&nbsp;HAL_UART_MspInit
</UL>

<P><STRONG><a name="[be]"></a>HAL_DMA_Start_IT</STRONG> (Thumb, 96 bytes, Stack size 24 bytes, stm32f0xx_hal_dma.o(.text.HAL_DMA_Start_IT))
<BR><BR>[Stack]<UL><LI>Max Depth = 40<LI>Call Chain = HAL_DMA_Start_IT &rArr; DMA_SetConfig
</UL>
<BR>[Calls]<UL><LI><a href="#[bf]">&gt;&gt;</a>&nbsp;&nbsp;&nbsp;DMA_SetConfig
</UL>
<BR>[Called By]<UL><LI><a href="#[dd]">&gt;&gt;</a>&nbsp;&nbsp;&nbsp;UART_Start_Receive_DMA
</UL>

<P><STRONG><a name="[a3]"></a>HAL_Delay</STRONG> (Thumb, 32 bytes, Stack size 16 bytes, stm32f0xx_hal.o(.text.HAL_Delay))
<BR><BR>[Stack]<UL><LI>Max Depth = 16<LI>Call Chain = HAL_Delay
</UL>
<BR>[Calls]<UL><LI><a href="#[af]">&gt;&gt;</a>&nbsp;&nbsp;&nbsp;HAL_GetTick
</UL>
<BR>[Called By]<UL><LI><a href="#[96]">&gt;&gt;</a>&nbsp;&nbsp;&nbsp;ColorGradualDimming
</UL>

<P><STRONG><a name="[c0]"></a>HAL_GPIO_EXTI_Callback</STRONG> (Thumb, 76 bytes, Stack size 16 bytes, drv_key.o(.text.HAL_GPIO_EXTI_Callback))
<BR><BR>[Stack]<UL><LI>Max Depth = 16<LI>Call Chain = HAL_GPIO_EXTI_Callback
</UL>
<BR>[Calls]<UL><LI><a href="#[c1]">&gt;&gt;</a>&nbsp;&nbsp;&nbsp;HAL_GPIO_ReadPin
<LI><a href="#[af]">&gt;&gt;</a>&nbsp;&nbsp;&nbsp;HAL_GetTick
<LI><a href="#[b0]">&gt;&gt;</a>&nbsp;&nbsp;&nbsp;HAL_GPIO_TogglePin
</UL>
<BR>[Called By]<UL><LI><a href="#[bb]">&gt;&gt;</a>&nbsp;&nbsp;&nbsp;HAL_GPIO_EXTI_IRQHandler
</UL>

<P><STRONG><a name="[bb]"></a>HAL_GPIO_EXTI_IRQHandler</STRONG> (Thumb, 24 bytes, Stack size 8 bytes, stm32f0xx_hal_gpio.o(.text.HAL_GPIO_EXTI_IRQHandler))
<BR><BR>[Stack]<UL><LI>Max Depth = 24<LI>Call Chain = HAL_GPIO_EXTI_IRQHandler &rArr; HAL_GPIO_EXTI_Callback
</UL>
<BR>[Calls]<UL><LI><a href="#[c0]">&gt;&gt;</a>&nbsp;&nbsp;&nbsp;HAL_GPIO_EXTI_Callback
</UL>
<BR>[Called By]<UL><LI><a href="#[c]">&gt;&gt;</a>&nbsp;&nbsp;&nbsp;EXTI4_15_IRQHandler
</UL>

<P><STRONG><a name="[28]"></a>HAL_GPIO_Init</STRONG> (Thumb, 404 bytes, Stack size 52 bytes, stm32f0xx_hal_gpio.o(.text.HAL_GPIO_Init))
<BR><BR>[Stack]<UL><LI>Max Depth = 52<LI>Call Chain = HAL_GPIO_Init
</UL>
<BR>[Called By]<UL><LI><a href="#[e4]">&gt;&gt;</a>&nbsp;&nbsp;&nbsp;SDA_OUT
<LI><a href="#[e5]">&gt;&gt;</a>&nbsp;&nbsp;&nbsp;SDA_IN
<LI><a href="#[d6]">&gt;&gt;</a>&nbsp;&nbsp;&nbsp;HAL_UART_MspInit
</UL>
<BR>[Address Reference Count : 1]<UL><LI> main.o(.text.main)
</UL>
<P><STRONG><a name="[c1]"></a>HAL_GPIO_ReadPin</STRONG> (Thumb, 10 bytes, Stack size 0 bytes, stm32f0xx_hal_gpio.o(.text.HAL_GPIO_ReadPin))
<BR><BR>[Called By]<UL><LI><a href="#[c0]">&gt;&gt;</a>&nbsp;&nbsp;&nbsp;HAL_GPIO_EXTI_Callback
<LI><a href="#[e6]">&gt;&gt;</a>&nbsp;&nbsp;&nbsp;SDA_READ
</UL>

<P><STRONG><a name="[b0]"></a>HAL_GPIO_TogglePin</STRONG> (Thumb, 16 bytes, Stack size 0 bytes, stm32f0xx_hal_gpio.o(.text.HAL_GPIO_TogglePin))
<BR><BR>[Called By]<UL><LI><a href="#[c0]">&gt;&gt;</a>&nbsp;&nbsp;&nbsp;HAL_GPIO_EXTI_Callback
<LI><a href="#[ae]">&gt;&gt;</a>&nbsp;&nbsp;&nbsp;Drv_LED_Proc
</UL>

<P><STRONG><a name="[e0]"></a>HAL_GPIO_WritePin</STRONG> (Thumb, 14 bytes, Stack size 0 bytes, stm32f0xx_hal_gpio.o(.text.HAL_GPIO_WritePin))
<BR><BR>[Called By]<UL><LI><a href="#[5e]">&gt;&gt;</a>&nbsp;&nbsp;&nbsp;main
<LI><a href="#[e3]">&gt;&gt;</a>&nbsp;&nbsp;&nbsp;IIC_SDA_1
<LI><a href="#[e2]">&gt;&gt;</a>&nbsp;&nbsp;&nbsp;IIC_SDA_0
<LI><a href="#[e1]">&gt;&gt;</a>&nbsp;&nbsp;&nbsp;IIC_SCL_1
<LI><a href="#[df]">&gt;&gt;</a>&nbsp;&nbsp;&nbsp;IIC_SCL_0
</UL>

<P><STRONG><a name="[af]"></a>HAL_GetTick</STRONG> (Thumb, 8 bytes, Stack size 0 bytes, stm32f0xx_hal.o(.text.HAL_GetTick))
<BR><BR>[Called By]<UL><LI><a href="#[ca]">&gt;&gt;</a>&nbsp;&nbsp;&nbsp;HAL_RCC_OscConfig
<LI><a href="#[c8]">&gt;&gt;</a>&nbsp;&nbsp;&nbsp;HAL_RCC_ClockConfig
<LI><a href="#[c0]">&gt;&gt;</a>&nbsp;&nbsp;&nbsp;HAL_GPIO_EXTI_Callback
<LI><a href="#[a3]">&gt;&gt;</a>&nbsp;&nbsp;&nbsp;HAL_Delay
<LI><a href="#[b3]">&gt;&gt;</a>&nbsp;&nbsp;&nbsp;Drv_RGB_Proc
<LI><a href="#[b1]">&gt;&gt;</a>&nbsp;&nbsp;&nbsp;Drv_Panel_Proc
<LI><a href="#[b9]">&gt;&gt;</a>&nbsp;&nbsp;&nbsp;HAL_UART_Transmit
<LI><a href="#[ae]">&gt;&gt;</a>&nbsp;&nbsp;&nbsp;Drv_LED_Proc
<LI><a href="#[de]">&gt;&gt;</a>&nbsp;&nbsp;&nbsp;UART_WaitOnFlagUntilTimeout
<LI><a href="#[d9]">&gt;&gt;</a>&nbsp;&nbsp;&nbsp;UART_CheckIdleState
</UL>

<P><STRONG><a name="[ee]"></a>HAL_IncTick</STRONG> (Thumb, 20 bytes, Stack size 0 bytes, stm32f0xx_hal.o(.text.HAL_IncTick))
<BR><BR>[Called By]<UL><LI><a href="#[5]">&gt;&gt;</a>&nbsp;&nbsp;&nbsp;SysTick_Handler
</UL>

<P><STRONG><a name="[c2]"></a>HAL_Init</STRONG> (Thumb, 28 bytes, Stack size 8 bytes, stm32f0xx_hal.o(.text.HAL_Init))
<BR><BR>[Stack]<UL><LI>Max Depth = 32<LI>Call Chain = HAL_Init &rArr; HAL_InitTick &rArr; HAL_NVIC_SetPriority
</UL>
<BR>[Calls]<UL><LI><a href="#[c3]">&gt;&gt;</a>&nbsp;&nbsp;&nbsp;HAL_InitTick
<LI><a href="#[c4]">&gt;&gt;</a>&nbsp;&nbsp;&nbsp;HAL_MspInit
</UL>
<BR>[Called By]<UL><LI><a href="#[5e]">&gt;&gt;</a>&nbsp;&nbsp;&nbsp;main
</UL>

<P><STRONG><a name="[c3]"></a>HAL_InitTick</STRONG> (Thumb, 64 bytes, Stack size 16 bytes, stm32f0xx_hal.o(.text.HAL_InitTick))
<BR><BR>[Stack]<UL><LI>Max Depth = 24<LI>Call Chain = HAL_InitTick &rArr; HAL_NVIC_SetPriority
</UL>
<BR>[Calls]<UL><LI><a href="#[c6]">&gt;&gt;</a>&nbsp;&nbsp;&nbsp;HAL_NVIC_SetPriority
<LI><a href="#[c5]">&gt;&gt;</a>&nbsp;&nbsp;&nbsp;HAL_SYSTICK_Config
<LI><a href="#[bd]">&gt;&gt;</a>&nbsp;&nbsp;&nbsp;__aeabi_uidiv
</UL>
<BR>[Called By]<UL><LI><a href="#[c8]">&gt;&gt;</a>&nbsp;&nbsp;&nbsp;HAL_RCC_ClockConfig
<LI><a href="#[c2]">&gt;&gt;</a>&nbsp;&nbsp;&nbsp;HAL_Init
</UL>

<P><STRONG><a name="[c4]"></a>HAL_MspInit</STRONG> (Thumb, 44 bytes, Stack size 8 bytes, stm32f0xx_hal_msp.o(.text.HAL_MspInit))
<BR><BR>[Stack]<UL><LI>Max Depth = 8<LI>Call Chain = HAL_MspInit
</UL>
<BR>[Called By]<UL><LI><a href="#[c2]">&gt;&gt;</a>&nbsp;&nbsp;&nbsp;HAL_Init
</UL>

<P><STRONG><a name="[db]"></a>HAL_NVIC_EnableIRQ</STRONG> (Thumb, 24 bytes, Stack size 0 bytes, stm32f0xx_hal_cortex.o(.text.HAL_NVIC_EnableIRQ))
<BR><BR>[Called By]<UL><LI><a href="#[5e]">&gt;&gt;</a>&nbsp;&nbsp;&nbsp;main
<LI><a href="#[d6]">&gt;&gt;</a>&nbsp;&nbsp;&nbsp;HAL_UART_MspInit
</UL>

<P><STRONG><a name="[c6]"></a>HAL_NVIC_SetPriority</STRONG> (Thumb, 8 bytes, Stack size 8 bytes, stm32f0xx_hal_cortex.o(.text.HAL_NVIC_SetPriority))
<BR><BR>[Stack]<UL><LI>Max Depth = 8<LI>Call Chain = HAL_NVIC_SetPriority
</UL>
<BR>[Calls]<UL><LI><a href="#[c7]">&gt;&gt;</a>&nbsp;&nbsp;&nbsp;__NVIC_SetPriority
</UL>
<BR>[Called By]<UL><LI><a href="#[5e]">&gt;&gt;</a>&nbsp;&nbsp;&nbsp;main
<LI><a href="#[c3]">&gt;&gt;</a>&nbsp;&nbsp;&nbsp;HAL_InitTick
<LI><a href="#[d6]">&gt;&gt;</a>&nbsp;&nbsp;&nbsp;HAL_UART_MspInit
</UL>

<P><STRONG><a name="[c8]"></a>HAL_RCC_ClockConfig</STRONG> (Thumb, 264 bytes, Stack size 24 bytes, stm32f0xx_hal_rcc.o(.text.HAL_RCC_ClockConfig))
<BR><BR>[Stack]<UL><LI>Max Depth = 48<LI>Call Chain = HAL_RCC_ClockConfig &rArr; HAL_InitTick &rArr; HAL_NVIC_SetPriority
</UL>
<BR>[Calls]<UL><LI><a href="#[af]">&gt;&gt;</a>&nbsp;&nbsp;&nbsp;HAL_GetTick
<LI><a href="#[c3]">&gt;&gt;</a>&nbsp;&nbsp;&nbsp;HAL_InitTick
<LI><a href="#[c9]">&gt;&gt;</a>&nbsp;&nbsp;&nbsp;HAL_RCC_GetSysClockFreq
</UL>
<BR>[Called By]<UL><LI><a href="#[ef]">&gt;&gt;</a>&nbsp;&nbsp;&nbsp;SystemClock_Config
</UL>

<P><STRONG><a name="[f2]"></a>HAL_RCC_GetPCLK1Freq</STRONG> (Thumb, 28 bytes, Stack size 0 bytes, stm32f0xx_hal_rcc.o(.text.HAL_RCC_GetPCLK1Freq))
<BR><BR>[Called By]<UL><LI><a href="#[d7]">&gt;&gt;</a>&nbsp;&nbsp;&nbsp;UART_SetConfig
</UL>

<P><STRONG><a name="[c9]"></a>HAL_RCC_GetSysClockFreq</STRONG> (Thumb, 100 bytes, Stack size 8 bytes, stm32f0xx_hal_rcc.o(.text.HAL_RCC_GetSysClockFreq))
<BR><BR>[Stack]<UL><LI>Max Depth = 8<LI>Call Chain = HAL_RCC_GetSysClockFreq
</UL>
<BR>[Calls]<UL><LI><a href="#[bd]">&gt;&gt;</a>&nbsp;&nbsp;&nbsp;__aeabi_uidiv
</UL>
[...]
<BR><BR>[Stack]<UL><LI>Max Depth = 44<LI>Call Chain = Send_e133_line4_laying &rArr; Send_8bits4
</UL>
<BR>[Calls]<UL><LI><a href="#[e9]">&gt;&gt;</a>&nbsp;&nbsp;&nbsp;Send_8bits4
</UL>
<BR>[Called By]<UL><LI><a href="#[a4]">&gt;&gt;</a>&nbsp;&nbsp;&nbsp;ColorLayingE133
</UL>

<P><STRONG><a name="[a0]"></a>Send_e133_line5</STRONG> (Thumb, 38 bytes, Stack size 24 bytes, drv_rgb.o(.text.Send_e133_line5))
<BR><BR>[Stack]<UL><LI>Max Depth = 44<LI>Call Chain = Send_e133_line5 &rArr; Send_8bits5
</UL>
<BR>[Calls]<UL><LI><a href="#[ea]">&gt;&gt;</a>&nbsp;&nbsp;&nbsp;Send_8bits5
</UL>
<BR>[Called By]<UL><LI><a href="#[b6]">&gt;&gt;</a>&nbsp;&nbsp;&nbsp;switchONOFF
<LI><a href="#[96]">&gt;&gt;</a>&nbsp;&nbsp;&nbsp;ColorGradualDimming
</UL>

<P><STRONG><a name="[a8]"></a>Send_e133_line5_laying</STRONG> (Thumb, 38 bytes, Stack size 24 bytes, drv_rgb.o(.text.Send_e133_line5_laying))
<BR><BR>[Stack]<UL><LI>Max Depth = 44<LI>Call Chain = Send_e133_line5_laying &rArr; Send_8bits5
</UL>
<BR>[Calls]<UL><LI><a href="#[ea]">&gt;&gt;</a>&nbsp;&nbsp;&nbsp;Send_8bits5
</UL>
<BR>[Called By]<UL><LI><a href="#[a4]">&gt;&gt;</a>&nbsp;&nbsp;&nbsp;ColorLayingE133
</UL>

<P><STRONG><a name="[a1]"></a>Send_e133_line6</STRONG> (Thumb, 38 bytes, Stack size 24 bytes, drv_rgb.o(.text.Send_e133_line6))
<BR><BR>[Stack]<UL><LI>Max Depth = 44<LI>Call Chain = Send_e133_line6 &rArr; Send_8bits6
</UL>
<BR>[Calls]<UL><LI><a href="#[eb]">&gt;&gt;</a>&nbsp;&nbsp;&nbsp;Send_8bits6
</UL>
<BR>[Called By]<UL><LI><a href="#[b6]">&gt;&gt;</a>&nbsp;&nbsp;&nbsp;switchONOFF
<LI><a href="#[96]">&gt;&gt;</a>&nbsp;&nbsp;&nbsp;ColorGradualDimming
</UL>

<P><STRONG><a name="[a9]"></a>Send_e133_line6_laying</STRONG> (Thumb, 38 bytes, Stack size 24 bytes, drv_rgb.o(.text.Send_e133_line6_laying))
<BR><BR>[Stack]<UL><LI>Max Depth = 44<LI>Call Chain = Send_e133_line6_laying &rArr; Send_8bits6
</UL>
<BR>[Calls]<UL><LI><a href="#[eb]">&gt;&gt;</a>&nbsp;&nbsp;&nbsp;Send_8bits6
</UL>
<BR>[Called By]<UL><LI><a href="#[a4]">&gt;&gt;</a>&nbsp;&nbsp;&nbsp;ColorLayingE133
</UL>

<P><STRONG><a name="[a2]"></a>Send_e133_line7</STRONG> (Thumb, 38 bytes, Stack size 24 bytes, drv_rgb.o(.text.Send_e133_line7))
<BR><BR>[Stack]<UL><LI>Max Depth = 40<LI>Call Chain = Send_e133_line7 &rArr; Send_8bits7
</UL>
<BR>[Calls]<UL><LI><a href="#[ec]">&gt;&gt;</a>&nbsp;&nbsp;&nbsp;Send_8bits7
</UL>
<BR>[Called By]<UL><LI><a href="#[b6]">&gt;&gt;</a>&nbsp;&nbsp;&nbsp;switchONOFF
<LI><a href="#[96]">&gt;&gt;</a>&nbsp;&nbsp;&nbsp;ColorGradualDimming
</UL>

<P><STRONG><a name="[aa]"></a>Send_e133_line7_laying</STRONG> (Thumb, 38 bytes, Stack size 24 bytes, drv_rgb.o(.text.Send_e133_line7_laying))
<BR><BR>[Stack]<UL><LI>Max Depth = 40<LI>Call Chain = Send_e133_line7_laying &rArr; Send_8bits7
</UL>
<BR>[Calls]<UL><LI><a href="#[ec]">&gt;&gt;</a>&nbsp;&nbsp;&nbsp;Send_8bits7
</UL>
<BR>[Called By]<UL><LI><a href="#[a4]">&gt;&gt;</a>&nbsp;&nbsp;&nbsp;ColorLayingE133
</UL>

<P><STRONG><a name="[9c]"></a>Send_s203_line1</STRONG> (Thumb, 38 bytes, Stack size 24 bytes, drv_rgb.o(.text.Send_s203_line1))
<BR><BR>[Stack]<UL><LI>Max Depth = 40<LI>Call Chain = Send_s203_line1 &rArr; Send_8bits1
</UL>
<BR>[Calls]<UL><LI><a href="#[ed]">&gt;&gt;</a>&nbsp;&nbsp;&nbsp;Send_8bits1
</UL>
<BR>[Called By]<UL><LI><a href="#[b6]">&gt;&gt;</a>&nbsp;&nbsp;&nbsp;switchONOFF
<LI><a href="#[96]">&gt;&gt;</a>&nbsp;&nbsp;&nbsp;ColorGradualDimming
</UL>

<P><STRONG><a name="[ac]"></a>Send_s203_line1_laying</STRONG> (Thumb, 38 bytes, Stack size 24 bytes, drv_rgb.o(.text.Send_s203_line1_laying))
<BR><BR>[Stack]<UL><LI>Max Depth = 40<LI>Call Chain = Send_s203_line1_laying &rArr; Send_8bits1
</UL>
<BR>[Calls]<UL><LI><a href="#[ed]">&gt;&gt;</a>&nbsp;&nbsp;&nbsp;Send_8bits1
</UL>
<BR>[Called By]<UL><LI><a href="#[ab]">&gt;&gt;</a>&nbsp;&nbsp;&nbsp;ColorLayingS203
</UL>

<P><STRONG><a name="[5]"></a>SysTick_Handler</STRONG> (Thumb, 8 bytes, Stack size 8 bytes, stm32f0xx_it.o(.text.SysTick_Handler))
<BR><BR>[Stack]<UL><LI>Max Depth = 8<LI>Call Chain = SysTick_Handler
</UL>
<BR>[Calls]<UL><LI><a href="#[ee]">&gt;&gt;</a>&nbsp;&nbsp;&nbsp;HAL_IncTick
</UL>
<BR>[Address Reference Count : 1]<UL><LI> startup_stm32f030x8.o(RESET)
</UL>
<P><STRONG><a name="[ef]"></a>SystemClock_Config</STRONG> (Thumb, 100 bytes, Stack size 80 bytes, main.o(.text.SystemClock_Config))
<BR><BR>[Stack]<UL><LI>Max Depth = 128<LI>Call Chain = SystemClock_Config &rArr; HAL_RCC_OscConfig
</UL>
<BR>[Calls]<UL><LI><a href="#[ca]">&gt;&gt;</a>&nbsp;&nbsp;&nbsp;HAL_RCC_OscConfig
<LI><a href="#[c8]">&gt;&gt;</a>&nbsp;&nbsp;&nbsp;HAL_RCC_ClockConfig
<LI><a href="#[b7]">&gt;&gt;</a>&nbsp;&nbsp;&nbsp;__aeabi_memclr4
</UL>
<BR>[Called By]<UL><LI><a href="#[5e]">&gt;&gt;</a>&nbsp;&nbsp;&nbsp;main
</UL>

<P><STRONG><a name="[1f]"></a>SystemInit</STRONG> (Thumb, 2 bytes, Stack size 0 bytes, system_stm32f0xx.o(.text.SystemInit))
<BR>[Address Reference Count : 1]<UL><LI> startup_stm32f030x8.o(.text)
</UL>
<P><STRONG><a name="[d8]"></a>UART_AdvFeatureConfig</STRONG> (Thumb, 184 bytes, Stack size 16 bytes, stm32f0xx_hal_uart.o(.text.UART_AdvFeatureConfig))
<BR><BR>[Stack]<UL><LI>Max Depth = 16<LI>Call Chain = UART_AdvFeatureConfig
</UL>
<BR>[Called By]<UL><LI><a href="#[d5]">&gt;&gt;</a>&nbsp;&nbsp;&nbsp;HAL_UART_Init
</UL>

<P><STRONG><a name="[d9]"></a>UART_CheckIdleState</STRONG> (Thumb, 104 bytes, Stack size 24 bytes, stm32f0xx_hal_uart.o(.text.UART_CheckIdleState))
<BR><BR>[Stack]<UL><LI>Max Depth = 56<LI>Call Chain = UART_CheckIdleState &rArr; UART_WaitOnFlagUntilTimeout
</UL>
<BR>[Calls]<UL><LI><a href="#[af]">&gt;&gt;</a>&nbsp;&nbsp;&nbsp;HAL_GetTick
<LI><a href="#[de]">&gt;&gt;</a>&nbsp;&nbsp;&nbsp;UART_WaitOnFlagUntilTimeout
</UL>
<BR>[Called By]<UL><LI><a href="#[d5]">&gt;&gt;</a>&nbsp;&nbsp;&nbsp;HAL_UART_Init
</UL>

<P><STRONG><a name="[d7]"></a>UART_SetConfig</STRONG> (Thumb, 284 bytes, Stack size 16 bytes, stm32f0xx_hal_uart.o(.text.UART_SetConfig))
<BR><BR>[Stack]<UL><LI>Max Depth = 24<LI>Call Chain = UART_SetConfig &rArr; HAL_RCC_GetSysClockFreq
</UL>
<BR>[Calls]<UL><LI><a href="#[c9]">&gt;&gt;</a>&nbsp;&nbsp;&nbsp;HAL_RCC_GetSysClockFreq
<LI><a href="#[f2]">&gt;&gt;</a>&nbsp;&nbsp;&nbsp;HAL_RCC_GetPCLK1Freq
<LI><a href="#[bd]">&gt;&gt;</a>&nbsp;&nbsp;&nbsp;__aeabi_uidiv
</UL>
<BR>[Called By]<UL><LI><a href="#[d5]">&gt;&gt;</a>&nbsp;&nbsp;&nbsp;HAL_UART_Init
</UL>

<P><STRONG><a name="[dd]"></a>UART_Start_Receive_DMA</STRONG> (Thumb, 156 bytes, Stack size 24 bytes, stm32f0xx_hal_uart.o(.text.UART_Start_Receive_DMA))
<BR><BR>[Stack]<UL><LI>Max Depth = 64<LI>Call Chain = UART_Start_Receive_DMA &rArr; HAL_DMA_Start_IT &rArr; DMA_SetConfig
</UL>
<BR>[Calls]<UL><LI><a href="#[be]">&gt;&gt;</a>&nbsp;&nbsp;&nbsp;HAL_DMA_Start_IT
</UL>
<BR>[Called By]<UL><LI><a href="#[dc]">&gt;&gt;</a>&nbsp;&nbsp;&nbsp;HAL_UART_Receive_DMA
</UL>

<P><STRONG><a name="[de]"></a>UART_WaitOnFlagUntilTimeout</STRONG> (Thumb, 204 bytes, Stack size 32 bytes, stm32f0xx_hal_uart.o(.text.UART_WaitOnFlagUntilTimeout))
<BR><BR>[Stack]<UL><LI>Max Depth = 32<LI>Call Chain = UART_WaitOnFlagUntilTimeout
</UL>
<BR>[Calls]<UL><LI><a href="#[af]">&gt;&gt;</a>&nbsp;&nbsp;&nbsp;HAL_GetTick
</UL>
<BR>[Called By]<UL><LI><a href="#[b9]">&gt;&gt;</a>&nbsp;&nbsp;&nbsp;HAL_UART_Transmit
<LI><a href="#[d9]">&gt;&gt;</a>&nbsp;&nbsp;&nbsp;UART_CheckIdleState
</UL>

<P><STRONG><a name="[1e]"></a>USART2_IRQHandler</STRONG> (Thumb, 20 bytes, Stack size 8 bytes, stm32f0xx_it.o(.text.USART2_IRQHandler))
<BR><BR>[Stack]<UL><LI>Max Depth = 96<LI>Call Chain = USART2_IRQHandler &rArr; UsartReceive_IDLE &rArr; HAL_UART_Receive_DMA &rArr; UART_Start_Receive_DMA &rArr; HAL_DMA_Start_IT &rArr; DMA_SetConfig
</UL>
<BR>[Calls]<UL><LI><a href="#[f3]">&gt;&gt;</a>&nbsp;&nbsp;&nbsp;UsartReceive_IDLE
<LI><a href="#[d0]">&gt;&gt;</a>&nbsp;&nbsp;&nbsp;HAL_UART_IRQHandler
</UL>
<BR>[Address Reference Count : 1]<UL><LI> startup_stm32f030x8.o(RESET)
</UL>
<P><STRONG><a name="[f3]"></a>UsartReceive_IDLE</STRONG> (Thumb, 64 bytes, Stack size 8 bytes, drv_serial.o(.text.UsartReceive_IDLE))
<BR><BR>[Stack]<UL><LI>Max Depth = 88<LI>Call Chain = UsartReceive_IDLE &rArr; HAL_UART_Receive_DMA &rArr; UART_Start_Receive_DMA &rArr; HAL_DMA_Start_IT &rArr; DMA_SetConfig
</UL>
<BR>[Calls]<UL><LI><a href="#[dc]">&gt;&gt;</a>&nbsp;&nbsp;&nbsp;HAL_UART_Receive_DMA
<LI><a href="#[cb]">&gt;&gt;</a>&nbsp;&nbsp;&nbsp;HAL_UART_DMAStop
</UL>
<BR>[Called By]<UL><LI><a href="#[1e]">&gt;&gt;</a>&nbsp;&nbsp;&nbsp;USART2_IRQHandler
</UL>

<P><STRONG><a name="[5e]"></a>main</STRONG> (Thumb, 372 bytes, Stack size 24 bytes, main.o(.text.main))
<BR><BR>[Stack]<UL><LI>Max Depth = 272 + Unknown Stack Size
<LI>Call Chain = main &rArr; Drv_RGB_Proc &rArr; ColorGradualDimming &rArr; Drv_SERIAL_Log &rArr; vsnprintf &rArr; _printf_char_common &rArr; __printf
</UL>
<BR>[Calls]<UL><LI><a href="#[ef]">&gt;&gt;</a>&nbsp;&nbsp;&nbsp;SystemClock_Config
<LI><a href="#[d5]">&gt;&gt;</a>&nbsp;&nbsp;&nbsp;HAL_UART_Init
<LI><a href="#[c6]">&gt;&gt;</a>&nbsp;&nbsp;&nbsp;HAL_NVIC_SetPriority
<LI><a href="#[db]">&gt;&gt;</a>&nbsp;&nbsp;&nbsp;HAL_NVIC_EnableIRQ
<LI><a href="#[c2]">&gt;&gt;</a>&nbsp;&nbsp;&nbsp;HAL_Init
<LI><a href="#[b3]">&gt;&gt;</a>&nbsp;&nbsp;&nbsp;Drv_RGB_Proc
<LI><a href="#[f4]">&gt;&gt;</a>&nbsp;&nbsp;&nbsp;Drv_RGB_Init
<LI><a href="#[b1]">&gt;&gt;</a>&nbsp;&nbsp;&nbsp;Drv_Panel_Proc
<LI><a href="#[dc]">&gt;&gt;</a>&nbsp;&nbsp;&nbsp;HAL_UART_Receive_DMA
<LI><a href="#[ba]">&gt;&gt;</a>&nbsp;&nbsp;&nbsp;Drv_SERIAL_Proc
<LI><a href="#[99]">&gt;&gt;</a>&nbsp;&nbsp;&nbsp;Drv_SERIAL_Log
<LI><a href="#[e0]">&gt;&gt;</a>&nbsp;&nbsp;&nbsp;HAL_GPIO_WritePin
<LI><a href="#[ae]">&gt;&gt;</a>&nbsp;&nbsp;&nbsp;Drv_LED_Proc
</UL>
<BR>[Called By]<UL><LI><a href="#[5d]">&gt;&gt;</a>&nbsp;&nbsp;&nbsp;__rt_entry_main
</UL>

<P><STRONG><a name="[b6]"></a>switchONOFF</STRONG> (Thumb, 112 bytes, Stack size 16 bytes, drv_rgb.o(.text.switchONOFF))
<BR><BR>[Stack]<UL><LI>Max Depth = 168 + Unknown Stack Size
<LI>Call Chain = switchONOFF &rArr; Drv_SERIAL_Log &rArr; vsnprintf &rArr; _printf_char_common &rArr; __printf
</UL>
<BR>[Calls]<UL><LI><a href="#[9c]">&gt;&gt;</a>&nbsp;&nbsp;&nbsp;Send_s203_line1
<LI><a href="#[a2]">&gt;&gt;</a>&nbsp;&nbsp;&nbsp;Send_e133_line7
<LI><a href="#[a1]">&gt;&gt;</a>&nbsp;&nbsp;&nbsp;Send_e133_line6
<LI><a href="#[a0]">&gt;&gt;</a>&nbsp;&nbsp;&nbsp;Send_e133_line5
<LI><a href="#[9f]">&gt;&gt;</a>&nbsp;&nbsp;&nbsp;Send_e133_line4
<LI><a href="#[9e]">&gt;&gt;</a>&nbsp;&nbsp;&nbsp;Send_e133_line3
<LI><a href="#[9d]">&gt;&gt;</a>&nbsp;&nbsp;&nbsp;Send_e133_line2
<LI><a href="#[99]">&gt;&gt;</a>&nbsp;&nbsp;&nbsp;Drv_SERIAL_Log
</UL>
<BR>[Called By]<UL><LI><a href="#[b3]">&gt;&gt;</a>&nbsp;&nbsp;&nbsp;Drv_RGB_Proc
</UL>

<P><STRONG><a name="[90]"></a>__ARM_common_ll_muluu</STRONG> (Thumb, 48 bytes, Stack size 24 bytes, btod.o(i.__ARM_common_ll_muluu))
<BR><BR>[Stack]<UL><LI>Max Depth = 24<LI>Call Chain = __ARM_common_ll_muluu
</UL>
<BR>[Called By]<UL><LI><a href="#[8f]">&gt;&gt;</a>&nbsp;&nbsp;&nbsp;btod_internal_mul
</UL>

<P><STRONG><a name="[84]"></a>__ARM_fpclassify</STRONG> (Thumb, 40 bytes, Stack size 0 bytes, fpclassify.o(i.__ARM_fpclassify))
<BR><BR>[Called By]<UL><LI><a href="#[2a]">&gt;&gt;</a>&nbsp;&nbsp;&nbsp;_printf_fp_hex_real
<LI><a href="#[29]">&gt;&gt;</a>&nbsp;&nbsp;&nbsp;_printf_fp_dec_real
</UL>

<P><STRONG><a name="[7d]"></a>_is_digit</STRONG> (Thumb, 14 bytes, Stack size 0 bytes, __printf_wp.o(i._is_digit))
<BR><BR>[Called By]<UL><LI><a href="#[77]">&gt;&gt;</a>&nbsp;&nbsp;&nbsp;__printf
</UL>

<P><STRONG><a name="[58]"></a>_get_lc_numeric</STRONG> (Thumb, 44 bytes, Stack size 8 bytes, lc_numeric_c.o(locale$$code))
<BR><BR>[Stack]<UL><LI>Max Depth = 24<LI>Call Chain = _get_lc_numeric &rArr; strcmp
</UL>
<BR>[Calls]<UL><LI><a href="#[f5]">&gt;&gt;</a>&nbsp;&nbsp;&nbsp;strcmp
</UL>
<BR>[Called By]<UL><LI><a href="#[57]">&gt;&gt;</a>&nbsp;&nbsp;&nbsp;__rt_lib_init_lc_numeric_2
</UL>

<P><STRONG><a name="[23]"></a>_get_lc_ctype</STRONG> (Thumb, 44 bytes, Stack size 8 bytes, lc_ctype_c.o(locale$$code))
<BR><BR>[Stack]<UL><LI>Max Depth = 24<LI>Call Chain = _get_lc_ctype &rArr; strcmp
</UL>
<BR>[Calls]<UL><LI><a href="#[f5]">&gt;&gt;</a>&nbsp;&nbsp;&nbsp;strcmp
</UL>
<BR>[Called By]<UL><LI><a href="#[56]">&gt;&gt;</a>&nbsp;&nbsp;&nbsp;__rt_lib_init_lc_ctype_2
</UL>
<BR>[Address Reference Count : 1]<UL><LI> rt_ctype_table.o(.text)
</UL>
<P><STRONG><a name="[9a]"></a>__aeabi_fadd</STRONG> (Thumb, 0 bytes, Stack size 16 bytes, faddsub.o(x$fpl$fadd))
<BR><BR>[Stack]<UL><LI>Max Depth = 16<LI>Call Chain = __aeabi_fadd
</UL>
<BR>[Called By]<UL><LI><a href="#[96]">&gt;&gt;</a>&nbsp;&nbsp;&nbsp;ColorGradualDimming
</UL>

<P><STRONG><a name="[f6]"></a>_fadd</STRONG> (Thumb, 134 bytes, Stack size 16 bytes, faddsub.o(x$fpl$fadd), UNUSED)
<BR><BR>[Calls]<UL><LI><a href="#[f7]">&gt;&gt;</a>&nbsp;&nbsp;&nbsp;_fsub1
</UL>

<P><STRONG><a name="[12d]"></a>__aeabi_fsub</STRONG> (Thumb, 0 bytes, Stack size 16 bytes, faddsub.o(x$fpl$fsub), UNUSED)

<P><STRONG><a name="[f8]"></a>_fsub</STRONG> (Thumb, 204 bytes, Stack size 16 bytes, faddsub.o(x$fpl$fsub), UNUSED)
<BR><BR>[Calls]<UL><LI><a href="#[f9]">&gt;&gt;</a>&nbsp;&nbsp;&nbsp;_fadd1
</UL>

<P><STRONG><a name="[35]"></a>_printf_fp_dec</STRONG> (Thumb, 16 bytes, Stack size 8 bytes, printf1.o(x$fpl$printf1))
<BR><BR>[Stack]<UL><LI>Max Depth = 8<LI>Call Chain = _printf_fp_dec
</UL>
<BR>[Called By]<UL><LI><a href="#[36]">&gt;&gt;</a>&nbsp;&nbsp;&nbsp;_printf_g
<LI><a href="#[34]">&gt;&gt;</a>&nbsp;&nbsp;&nbsp;_printf_e
<LI><a href="#[32]">&gt;&gt;</a>&nbsp;&nbsp;&nbsp;_printf_f
</UL>

<P><STRONG><a name="[39]"></a>_printf_fp_hex</STRONG> (Thumb, 16 bytes, Stack size 8 bytes, printf2.o(x$fpl$printf2))
<BR><BR>[Stack]<UL><LI>Max Depth = 8<LI>Call Chain = _printf_fp_hex
</UL>
<BR>[Called By]<UL><LI><a href="#[37]">&gt;&gt;</a>&nbsp;&nbsp;&nbsp;_printf_a
</UL>
<P>
<H3>
Local Symbols
</H3>
<P><STRONG><a name="[24]"></a>UART_DMAAbortOnError</STRONG> (Thumb, 22 bytes, Stack size 8 bytes, stm32f0xx_hal_uart.o(.text.UART_DMAAbortOnError))
<BR><BR>[Stack]<UL><LI>Max Depth = 8<LI>Call Chain = UART_DMAAbortOnError
</UL>
<BR>[Calls]<UL><LI><a href="#[d4]">&gt;&gt;</a>&nbsp;&nbsp;&nbsp;HAL_UART_ErrorCallback
</UL>
<BR>[Address Reference Count : 1]<UL><LI> stm32f0xx_hal_uart.o(.text.HAL_UART_IRQHandler)
</UL>
<P><STRONG><a name="[25]"></a>UART_DMAError</STRONG> (Thumb, 80 bytes, Stack size 24 bytes, stm32f0xx_hal_uart.o(.text.UART_DMAError))
<BR><BR>[Stack]<UL><LI>Max Depth = 40<LI>Call Chain = UART_DMAError &rArr; UART_EndRxTransfer
</UL>
<BR>[Calls]<UL><LI><a href="#[d4]">&gt;&gt;</a>&nbsp;&nbsp;&nbsp;HAL_UART_ErrorCallback
<LI><a href="#[ce]">&gt;&gt;</a>&nbsp;&nbsp;&nbsp;UART_EndTxTransfer
<LI><a href="#[cf]">&gt;&gt;</a>&nbsp;&nbsp;&nbsp;UART_EndRxTransfer
</UL>
<BR>[Address Reference Count : 1]<UL><LI> stm32f0xx_hal_uart.o(.text.UART_Start_Receive_DMA)
</UL>
<P><STRONG><a name="[27]"></a>UART_DMAReceiveCplt</STRONG> (Thumb, 138 bytes, Stack size 16 bytes, stm32f0xx_hal_uart.o(.text.UART_DMAReceiveCplt))
<BR><BR>[Stack]<UL><LI>Max Depth = 16<LI>Call Chain = UART_DMAReceiveCplt
</UL>
<BR>[Calls]<UL><LI><a href="#[f0]">&gt;&gt;</a>&nbsp;&nbsp;&nbsp;HAL_UART_RxCpltCallback
<LI><a href="#[d3]">&gt;&gt;</a>&nbsp;&nbsp;&nbsp;HAL_UARTEx_RxEventCallback
</UL>
<BR>[Address Reference Count : 1]<UL><LI> stm32f0xx_hal_uart.o(.text.UART_Start_Receive_DMA)
</UL>
<P><STRONG><a name="[26]"></a>UART_DMARxHalfCplt</STRONG> (Thumb, 28 bytes, Stack size 8 bytes, stm32f0xx_hal_uart.o(.text.UART_DMARxHalfCplt))
<BR><BR>[Stack]<UL><LI>Max Depth = 8<LI>Call Chain = UART_DMARxHalfCplt
</UL>
<BR>[Calls]<UL><LI><a href="#[f1]">&gt;&gt;</a>&nbsp;&nbsp;&nbsp;HAL_UART_RxHalfCpltCallback
<LI><a href="#[d3]">&gt;&gt;</a>&nbsp;&nbsp;&nbsp;HAL_UARTEx_RxEventCallback
</UL>
<BR>[Address Reference Count : 1]<UL><LI> stm32f0xx_hal_uart.o(.text.UART_Start_Receive_DMA)
</UL>
<P><STRONG><a name="[cf]"></a>UART_EndRxTransfer</STRONG> (Thumb, 88 bytes, Stack size 16 bytes, stm32f0xx_hal_uart.o(.text.UART_EndRxTransfer))
<BR><BR>[Stack]<UL><LI>Max Depth = 16<LI>Call Chain = UART_EndRxTransfer
</UL>
<BR>[Called By]<UL><LI><a href="#[cb]">&gt;&gt;</a>&nbsp;&nbsp;&nbsp;HAL_UART_DMAStop
<LI><a href="#[25]">&gt;&gt;</a>&nbsp;&nbsp;&nbsp;UART_DMAError
<LI><a href="#[d0]">&gt;&gt;</a>&nbsp;&nbsp;&nbsp;HAL_UART_IRQHandler
</UL>

<P><STRONG><a name="[ce]"></a>UART_EndTxTransfer</STRONG> (Thumb, 32 bytes, Stack size 8 bytes, stm32f0xx_hal_uart.o(.text.UART_EndTxTransfer))
<BR><BR>[Stack]<UL><LI>Max Depth = 8<LI>Call Chain = UART_EndTxTransfer
</UL>
<BR>[Called By]<UL><LI><a href="#[cb]">&gt;&gt;</a>&nbsp;&nbsp;&nbsp;HAL_UART_DMAStop
<LI><a href="#[25]">&gt;&gt;</a>&nbsp;&nbsp;&nbsp;UART_DMAError
</UL>

<P><STRONG><a name="[bf]"></a>DMA_SetConfig</STRONG> (Thumb, 38 bytes, Stack size 16 bytes, stm32f0xx_hal_dma.o(.text.DMA_SetConfig))
<BR><BR>[Stack]<UL><LI>Max Depth = 16<LI>Call Chain = DMA_SetConfig
</UL>
<BR>[Called By]<UL><LI><a href="#[be]">&gt;&gt;</a>&nbsp;&nbsp;&nbsp;HAL_DMA_Start_IT
</UL>

<P><STRONG><a name="[c7]"></a>__NVIC_SetPriority</STRONG> (Thumb, 64 bytes, Stack size 0 bytes, stm32f0xx_hal_cortex.o(.text.__NVIC_SetPriority))
<BR><BR>[Called By]<UL><LI><a href="#[c6]">&gt;&gt;</a>&nbsp;&nbsp;&nbsp;HAL_NVIC_SetPriority
</UL>

<P><STRONG><a name="[f9]"></a>_fadd1</STRONG> (Thumb, 0 bytes, Stack size unknown bytes, faddsub.o(x$fpl$fadd), UNUSED)
<BR><BR>[Called By]<UL><LI><a href="#[f8]">&gt;&gt;</a>&nbsp;&nbsp;&nbsp;_fsub
</UL>

<P><STRONG><a name="[f7]"></a>_fsub1</STRONG> (Thumb, 0 bytes, Stack size unknown bytes, faddsub.o(x$fpl$fsub), UNUSED)
<BR><BR>[Called By]<UL><LI><a href="#[f6]">&gt;&gt;</a>&nbsp;&nbsp;&nbsp;_fadd
</UL>

<P><STRONG><a name="[22]"></a>_printf_input_char</STRONG> (Thumb, 10 bytes, Stack size 0 bytes, _printf_char_common.o(.text))
<BR>[Address Reference Count : 1]<UL><LI> _printf_char_common.o(.text)
</UL>
<P><STRONG><a name="[7f]"></a>_fp_digits</STRONG> (Thumb, 412 bytes, Stack size 96 bytes, _printf_fp_dec.o(.text))
<BR><BR>[Stack]<UL><LI>Max Depth = 272<LI>Call Chain = _fp_digits &rArr; _btod_etento &rArr; _btod_emul &rArr; btod_internal_mul &rArr; __ARM_common_ll_muluu
</UL>
<BR>[Calls]<UL><LI><a href="#[82]">&gt;&gt;</a>&nbsp;&nbsp;&nbsp;_btod_ediv
<LI><a href="#[83]">&gt;&gt;</a>&nbsp;&nbsp;&nbsp;_btod_emul
<LI><a href="#[81]">&gt;&gt;</a>&nbsp;&nbsp;&nbsp;_btod_d2e
<LI><a href="#[80]">&gt;&gt;</a>&nbsp;&nbsp;&nbsp;_btod_etento
<LI><a href="#[7a]">&gt;&gt;</a>&nbsp;&nbsp;&nbsp;_ll_udiv10
</UL>
<BR>[Called By]<UL><LI><a href="#[29]">&gt;&gt;</a>&nbsp;&nbsp;&nbsp;_printf_fp_dec_real
</UL>

<P><STRONG><a name="[8f]"></a>btod_internal_mul</STRONG> (Thumb, 492 bytes, Stack size 56 bytes, btod.o(.text))
<BR><BR>[Stack]<UL><LI>Max Depth = 80<LI>Call Chain = btod_internal_mul &rArr; __ARM_common_ll_muluu
</UL>
<BR>[Calls]<UL><LI><a href="#[90]">&gt;&gt;</a>&nbsp;&nbsp;&nbsp;__ARM_common_ll_muluu
</UL>
<BR>[Called By]<UL><LI><a href="#[91]">&gt;&gt;</a>&nbsp;&nbsp;&nbsp;_btod_emuld
<LI><a href="#[83]">&gt;&gt;</a>&nbsp;&nbsp;&nbsp;_btod_emul
</UL>

<P><STRONG><a name="[92]"></a>btod_internal_div</STRONG> (Thumb, 520 bytes, Stack size 64 bytes, btod.o(.text))
<BR><BR>[Stack]<UL><LI>Max Depth = 64<LI>Call Chain = btod_internal_div
</UL>
<BR>[Called By]<UL><LI><a href="#[93]">&gt;&gt;</a>&nbsp;&nbsp;&nbsp;_btod_edivd
<LI><a href="#[82]">&gt;&gt;</a>&nbsp;&nbsp;&nbsp;_btod_ediv
</UL>
<P>
<H3>
Undefined Global Symbols
</H3>
<P><STRONG><a name="[94]"></a>_call_atexit_fns</STRONG> (ARM, 0 bytes, Stack size 0 bytes, UNDEFINED)
<BR><BR>[Called By]<UL><LI><a href="#[5f]">&gt;&gt;</a>&nbsp;&nbsp;&nbsp;exit
</UL>

<P><STRONG><a name="[88]"></a>_printf_mbtowc</STRONG> (ARM, 0 bytes, Stack size 0 bytes, UNDEFINED)
<BR><BR>[Called By]<UL><LI><a href="#[87]">&gt;&gt;</a>&nbsp;&nbsp;&nbsp;_printf_cs_common
</UL>

<P><STRONG><a name="[8a]"></a>_printf_wc</STRONG> (ARM, 0 bytes, Stack size 0 bytes, UNDEFINED)
<BR><BR>[Called By]<UL><LI><a href="#[89]">&gt;&gt;</a>&nbsp;&nbsp;&nbsp;_printf_lcs_common
</UL>
<HR></body></html>
